    Blocking waiting for file lock on package cache
    Blocking waiting for file lock on package cache
    Blocking waiting for file lock on package cache
    Blocking waiting for file lock on package cache
    Blocking waiting for file lock on build directory
    Checking vo-types v0.1.0 (/home/lewis/src/veloxide/crates/vo-types)
    Checking tokio-rustls v0.24.1
    Checking vo-ipc v0.1.0 (/home/lewis/src/veloxide/crates/vo-ipc)
    Checking vo-executor v0.1.0 (/home/lewis/src/veloxide/crates/vo-executor)
    Checking async-nats v0.33.0
    Checking vo-storage v0.1.0 (/home/lewis/src/veloxide/crates/vo-storage)
    Checking vo-actor v0.1.0 (/home/lewis/src/veloxide/crates/vo-actor)
    Checking vo-core v0.1.0 (/home/lewis/src/veloxide/crates/vo-core)
    Checking vo-sdk v0.1.0 (/home/lewis/src/veloxide/crates/vo-sdk)
    Checking vo-worker v0.1.0 (/home/lewis/src/veloxide/crates/vo-worker)
warning: struct `SnapshotData` is never constructed
  --> crates/vo-core/src/db_writer_message.rs:65:12
   |
65 | pub struct SnapshotData {
   |            ^^^^^^^^^^^^
   |
   = note: `#[warn(dead_code)]` (part of `#[warn(unused)]`) on by default

warning: associated items `new`, `sequence_number`, and `state_bytes` are never used
  --> crates/vo-core/src/db_writer_message.rs:75:12
   |
70 | impl SnapshotData {
   | ----------------- associated items in this implementation
...
75 |     pub fn new(sequence_number: SequenceNumber, state_bytes: Vec<u8>) -> Option<Self> {
   |            ^^^
...
86 |     pub fn sequence_number(&self) -> SequenceNumber {
   |            ^^^^^^^^^^^^^^^
...
91 |     pub fn state_bytes(&self) -> &[u8] {
   |            ^^^^^^^^^^^

warning: `vo-core` (lib) generated 2 warnings
    Checking vo-api v0.1.0 (/home/lewis/src/veloxide/crates/vo-api)
    Checking vo-cli v0.1.0 (/home/lewis/src/veloxide/crates/vo-cli)
    Finished `dev` profile [unoptimized + debuginfo] target(s) in 7.96s