
*** crates/vo-core/src/admission/check.rs:47:33: replace > with >= in check_admission_with_thresholds

*** mutation diff:
--- crates/vo-core/src/admission/check.rs
+++ replace > with >= in check_admission_with_thresholds
@@ -39,17 +39,17 @@
 
 /// Check admission with explicit thresholds (for testing and configuration).
 pub fn check_admission_with_thresholds(
     state: &WritePressureState,
     thresholds: &AdmissionThresholds,
 ) -> Result<(), AdmissionError> {
     let mut indicators = Vec::new();
 
-    if state.writer_queue_depth > thresholds.writer_queue_depth_threshold {
+    if state.writer_queue_depth >= /* ~ changed by cargo-mutants ~ */ thresholds.writer_queue_depth_threshold {
         indicators.push(PressureIndicator::WriterQueueDepth);
     }
     if state.batch_commit_latency_ms > thresholds.batch_commit_latency_ms_threshold {
         indicators.push(PressureIndicator::BatchCommitLatency);
     }
     if state.blob_queue_depth > thresholds.blob_queue_depth_threshold {
         indicators.push(PressureIndicator::BlobQueueDepth);
     }


*** /home/lewis/.rustup/toolchains/nightly-x86_64-unknown-linux-gnu/bin/cargo test --no-run --verbose --package=vo-core@0.1.0
       Fresh libc v0.2.183
       Fresh cfg-if v1.0.4
       Fresh unicode-ident v1.0.24
       Fresh proc-macro2 v1.0.106
       Fresh quote v1.0.45
       Fresh syn v2.0.117
       Fresh once_cell v1.21.4
       Fresh getrandom v0.4.2
       Fresh crossbeam-utils v0.8.21
       Fresh getrandom v0.3.4
       Fresh rand_core v0.9.5
       Fresh zerocopy v0.8.47
       Fresh bitflags v2.11.0
       Fresh linux-raw-sys v0.12.1
       Fresh rustix v1.1.4
       Fresh ppv-lite86 v0.2.21
       Fresh smallvec v1.15.1
       Fresh fastrand v2.3.0
       Fresh scopeguard v1.2.0
       Fresh lock_api v0.4.14
       Fresh tempfile v3.27.0
       Fresh parking_lot_core v0.9.12
       Fresh rand_chacha v0.9.0
       Fresh serde_core v1.0.228
       Fresh log v0.4.29
       Fresh pin-project-lite v0.2.17
       Fresh rand v0.9.2
       Fresh path-dedot v3.1.1
       Fresh futures-sink v0.3.32
       Fresh futures-core v0.3.32
       Fresh regex-syntax v0.8.10
       Fresh compare v0.0.6
       Fresh memchr v2.8.0
       Fresh semver v1.0.27
       Fresh rustc_version v0.4.1
       Fresh aho-corasick v1.1.4
       Fresh interval-heap v0.0.5
       Fresh futures-channel v0.3.32
       Fresh path-absolutize v3.1.1
       Fresh zmij v1.0.21
       Fresh crossbeam-epoch v0.9.18
       Fresh serde_derive v1.0.228
       Fresh futures-macro v0.3.32
       Fresh thiserror-impl v1.0.69
       Fresh sha1_smol v1.0.1
       Fresh varint-rs v2.2.0
       Fresh autocfg v1.5.0
       Fresh hashbrown v0.16.1
       Fresh equivalent v1.0.2
       Fresh xxhash-rust v0.8.15
       Fresh slab v0.4.12
       Fresh rustc-hash v2.1.2
       Fresh futures-task v0.3.32
       Fresh hashbrown v0.14.5
       Fresh itoa v1.0.18
       Fresh futures-io v0.3.32
       Fresh byteview v0.6.1
       Fresh byteorder v1.5.0
       Fresh value-log v1.9.0
       Fresh futures-util v0.3.32
       Fresh serde_json v1.0.149
       Fresh dashmap v6.1.0
       Fresh quick_cache v0.6.21
       Fresh uuid v1.23.0
       Fresh thiserror v1.0.69
       Fresh serde v1.0.228
       Fresh crossbeam-skiplist v0.1.3
       Fresh regex-automata v0.4.14
       Fresh ulid v1.2.1
       Fresh enum_dispatch v0.3.13
       Fresh errno v0.3.14
       Fresh guardian v1.3.0
       Fresh lz4_flex v0.11.6
       Fresh double-ended-peekable v0.1.0
       Fresh self_cell v1.2.2
       Fresh futures-executor v0.3.32
       Fresh parking_lot v0.12.5
       Fresh tokio-macros v2.6.1
       Fresh inotify-sys v0.1.5
       Fresh wait-timeout v0.2.1
       Fresh socket2 v0.6.3
       Fresh mio v1.2.0
       Fresh same-file v1.0.6
       Fresh relative-path v1.9.3
       Fresh quick-error v1.2.3
       Fresh fnv v1.0.7
       Fresh glob v0.3.3
       Fresh bytes v1.11.1
       Fresh std-semaphore v0.1.0
       Fresh bit-vec v0.8.0
       Fresh bitflags v1.3.2
       Fresh mio v0.8.11
       Fresh vo-types v0.1.0 (/tmp/cargo-mutants-veloxide-lTWIsz.tmp/crates/vo-types)
       Fresh lsm-tree v2.10.4
       Fresh signal-hook-registry v1.4.8
       Fresh regex v1.12.3
       Fresh walkdir v2.5.0
       Fresh futures v0.3.32
       Fresh inotify v0.9.6
       Fresh rusty-fork v0.3.1
       Fresh bit-set v0.8.0
       Fresh rand_xorshift v0.4.0
       Fresh crossbeam-channel v0.5.15
       Fresh filetime v0.2.27
       Fresh futures-timer v3.0.3
       Fresh unarray v0.1.4
       Fresh fjall v2.11.2
       Fresh rstest_macros v0.18.2
       Fresh num-traits v0.2.19
       Fresh tokio v1.50.0
       Fresh notify v6.1.1
       Fresh proptest v1.11.0
       Fresh vo-storage v0.1.0 (/tmp/cargo-mutants-veloxide-lTWIsz.tmp/crates/vo-storage)
       Fresh rstest v0.18.2
       Dirty vo-core v0.1.0 (/tmp/cargo-mutants-veloxide-lTWIsz.tmp/crates/vo-core): the file `crates/vo-core/src/admission/check.rs` has changed (1775365576.227283733s, 1s after last build at 1775365575.078407243s)
   Compiling vo-core v0.1.0 (/tmp/cargo-mutants-veloxide-lTWIsz.tmp/crates/vo-core)
     Running `sccache /home/lewis/.rustup/toolchains/nightly-x86_64-unknown-linux-gnu/bin/rustc --crate-name vo_core --edition=2021 crates/vo-core/src/lib.rs --error-format=json --json=diagnostic-rendered-ansi,artifacts,future-incompat --emit=dep-info,link -C embed-bitcode=no -C debuginfo=2 --warn=unexpected_cfgs --check-cfg 'cfg(kani)' --test --check-cfg 'cfg(docsrs,test)' --check-cfg 'cfg(feature, values())' -C metadata=ef90a4cef7a10bc0 -C extra-filename=-0065b03eca8e6c6a --out-dir /tmp/cargo-mutants-veloxide-lTWIsz.tmp/target/debug/deps -C incremental=/tmp/cargo-mutants-veloxide-lTWIsz.tmp/target/debug/incremental -L dependency=/tmp/cargo-mutants-veloxide-lTWIsz.tmp/target/debug/deps --extern dashmap=/tmp/cargo-mutants-veloxide-lTWIsz.tmp/target/debug/deps/libdashmap-e36d576a90134ef4.rlib --extern fjall=/tmp/cargo-mutants-veloxide-lTWIsz.tmp/target/debug/deps/libfjall-abfe8d737f32f68d.rlib --extern notify=/tmp/cargo-mutants-veloxide-lTWIsz.tmp/target/debug/deps/libnotify-8320f6757a526399.rlib --extern proptest=/tmp/cargo-mutants-veloxide-lTWIsz.tmp/target/debug/deps/libproptest-216a766c56ac4476.rlib --extern rstest=/tmp/cargo-mutants-veloxide-lTWIsz.tmp/target/debug/deps/librstest-ce971fceb7271210.rlib --extern serde=/tmp/cargo-mutants-veloxide-lTWIsz.tmp/target/debug/deps/libserde-65225f6523a3f7e1.rlib --extern serde_json=/tmp/cargo-mutants-veloxide-lTWIsz.tmp/target/debug/deps/libserde_json-74f26af1301414df.rlib --extern tempfile=/tmp/cargo-mutants-veloxide-lTWIsz.tmp/target/debug/deps/libtempfile-8ce133578a770185.rlib --extern thiserror=/tmp/cargo-mutants-veloxide-lTWIsz.tmp/target/debug/deps/libthiserror-0f760a551262ab92.rlib --extern tokio=/tmp/cargo-mutants-veloxide-lTWIsz.tmp/target/debug/deps/libtokio-80d9cc738f474eea.rlib --extern vo_storage=/tmp/cargo-mutants-veloxide-lTWIsz.tmp/target/debug/deps/libvo_storage-069610b2624a88b4.rlib --extern vo_types=/tmp/cargo-mutants-veloxide-lTWIsz.tmp/target/debug/deps/libvo_types-cb83cbd4b68501ac.rlib`
     Running `sccache /home/lewis/.rustup/toolchains/nightly-x86_64-unknown-linux-gnu/bin/rustc --crate-name vo_core --edition=2021 crates/vo-core/src/lib.rs --error-format=json --json=diagnostic-rendered-ansi,artifacts,future-incompat --crate-type lib --emit=dep-info,metadata,link -C embed-bitcode=no -C debuginfo=2 --warn=unexpected_cfgs --check-cfg 'cfg(kani)' --check-cfg 'cfg(docsrs,test)' --check-cfg 'cfg(feature, values())' -C metadata=b25cc896146e1fdb -C extra-filename=-8096aeeac9fc7893 --out-dir /tmp/cargo-mutants-veloxide-lTWIsz.tmp/target/debug/deps -C incremental=/tmp/cargo-mutants-veloxide-lTWIsz.tmp/target/debug/incremental -L dependency=/tmp/cargo-mutants-veloxide-lTWIsz.tmp/target/debug/deps --extern dashmap=/tmp/cargo-mutants-veloxide-lTWIsz.tmp/target/debug/deps/libdashmap-e36d576a90134ef4.rmeta --extern serde=/tmp/cargo-mutants-veloxide-lTWIsz.tmp/target/debug/deps/libserde-65225f6523a3f7e1.rmeta --extern serde_json=/tmp/cargo-mutants-veloxide-lTWIsz.tmp/target/debug/deps/libserde_json-74f26af1301414df.rmeta --extern thiserror=/tmp/cargo-mutants-veloxide-lTWIsz.tmp/target/debug/deps/libthiserror-0f760a551262ab92.rmeta --extern tokio=/tmp/cargo-mutants-veloxide-lTWIsz.tmp/target/debug/deps/libtokio-80d9cc738f474eea.rmeta --extern vo_types=/tmp/cargo-mutants-veloxide-lTWIsz.tmp/target/debug/deps/libvo_types-cb83cbd4b68501ac.rmeta`
warning: enum `DbWriterMessageError` is never used
  --> crates/vo-core/src/db_writer_message.rs:18:10
   |
18 | pub enum DbWriterMessageError {
   |          ^^^^^^^^^^^^^^^^^^^^
   |
   = note: `#[warn(dead_code)]` (part of `#[warn(unused)]`) on by default

warning: associated items `new`, `sequence_number`, and `state_bytes` are never used
  --> crates/vo-core/src/db_writer_message.rs:63:12
   |
58 | impl SnapshotData {
   | ----------------- associated items in this implementation
...
63 |     pub fn new(sequence_number: SequenceNumber, state_bytes: Vec<u8>) -> Option<Self> {
   |            ^^^
...
74 |     pub fn sequence_number(&self) -> SequenceNumber {
   |            ^^^^^^^^^^^^^^^
...
79 |     pub fn state_bytes(&self) -> &[u8] {
   |            ^^^^^^^^^^^

warning: unexpected `cfg` condition value: `proptest`
   --> crates/vo-core/src/replay.rs:939:11
    |
939 |     #[cfg(feature = "proptest")]
    |           ^^^^^^^^^^^^^^^^^^^^ help: remove the condition
    |
    = note: no expected values for `feature`
    = help: consider adding `proptest` as a feature in `Cargo.toml`
    = note: see <https://doc.rust-lang.org/nightly/rustc/check-cfg/cargo-specifics.html> for more information about checking conditional configuration
    = note: requested on the command line with `-W unexpected-cfgs`

warning: unused doc comment
   --> crates/vo-core/src/write_class.rs:565:5
    |
565 |     /// PROP-01: INV-001 — tier() is always 1, 2, or 3
    |     ^^^^^^^^^^^^^^^^^^^^^^^^^^^^^^^^^^^^^^^^^^^^^^^^^^ rustdoc does not generate documentation for macro invocations
    |
    = help: to document an item produced by a macro, the macro must produce the documentation as part of its expansion
    = note: `#[warn(unused_doc_comments)]` (part of `#[warn(unused)]`) on by default

warning: unused doc comment
   --> crates/vo-core/src/write_class.rs:578:5
    |
578 |     /// PROP-02: INV-002 — never_drops() is true only for CriticalControlPlane
    |     ^^^^^^^^^^^^^^^^^^^^^^^^^^^^^^^^^^^^^^^^^^^^^^^^^^^^^^^^^^^^^^^^^^^^^^^^^^ rustdoc does not generate documentation for macro invocations
    |
    = help: to document an item produced by a macro, the macro must produce the documentation as part of its expansion

warning: unused doc comment
   --> crates/vo-core/src/write_class.rs:594:5
    |
594 |     /// PROP-03: INV-003 — as_str() round-trips through from_str()
    |     ^^^^^^^^^^^^^^^^^^^^^^^^^^^^^^^^^^^^^^^^^^^^^^^^^^^^^^^^^^^^^^ rustdoc does not generate documentation for macro invocations
    |
    = help: to document an item produced by a macro, the macro must produce the documentation as part of its expansion

warning: unused doc comment
   --> crates/vo-core/src/write_class.rs:610:5
    |
610 |     /// PROP-04: INV-004 — JSON serialization round-trip
    |     ^^^^^^^^^^^^^^^^^^^^^^^^^^^^^^^^^^^^^^^^^^^^^^^^^^^^ rustdoc does not generate documentation for macro invocations
    |
    = help: to document an item produced by a macro, the macro must produce the documentation as part of its expansion

warning: unused doc comment
   --> crates/vo-core/src/write_class.rs:626:5
    |
626 |     /// PROP-05: INV-005 — WriteBudget reserve never produces negative remaining
    |     ^^^^^^^^^^^^^^^^^^^^^^^^^^^^^^^^^^^^^^^^^^^^^^^^^^^^^^^^^^^^^^^^^^^^^^^^^^^^ rustdoc does not generate documentation for macro invocations
    |
    = help: to document an item produced by a macro, the macro must produce the documentation as part of its expansion

warning: unused doc comment
   --> crates/vo-core/src/write_class.rs:652:5
    |
652 |     /// PROP-06: INV-006 — can_write and reserve are consistent
    |     ^^^^^^^^^^^^^^^^^^^^^^^^^^^^^^^^^^^^^^^^^^^^^^^^^^^^^^^^^^^ rustdoc does not generate documentation for macro invocations
    |
    = help: to document an item produced by a macro, the macro must produce the documentation as part of its expansion

warning: methods `sequence_number` and `state_bytes` are never used
  --> crates/vo-core/src/db_writer_message.rs:74:12
   |
58 | impl SnapshotData {
   | ----------------- methods in this implementation
...
74 |     pub fn sequence_number(&self) -> SequenceNumber {
   |            ^^^^^^^^^^^^^^^
...
79 |     pub fn state_bytes(&self) -> &[u8] {
   |            ^^^^^^^^^^^
   |
   = note: `#[warn(dead_code)]` (part of `#[warn(unused)]`) on by default

warning: `vo-core` (lib) generated 2 warnings
     Running `sccache /home/lewis/.rustup/toolchains/nightly-x86_64-unknown-linux-gnu/bin/rustc --crate-name circuit_breaker_integration --edition=2021 crates/vo-core/tests/circuit_breaker_integration.rs --error-format=json --json=diagnostic-rendered-ansi,artifacts,future-incompat --emit=dep-info,link -C embed-bitcode=no -C debuginfo=2 --warn=unexpected_cfgs --check-cfg 'cfg(kani)' --test --check-cfg 'cfg(docsrs,test)' --check-cfg 'cfg(feature, values())' -C metadata=613597b1f87c363f -C extra-filename=-acb295e8f30cebc7 --out-dir /tmp/cargo-mutants-veloxide-lTWIsz.tmp/target/debug/deps -C incremental=/tmp/cargo-mutants-veloxide-lTWIsz.tmp/target/debug/incremental -L dependency=/tmp/cargo-mutants-veloxide-lTWIsz.tmp/target/debug/deps --extern dashmap=/tmp/cargo-mutants-veloxide-lTWIsz.tmp/target/debug/deps/libdashmap-e36d576a90134ef4.rlib --extern fjall=/tmp/cargo-mutants-veloxide-lTWIsz.tmp/target/debug/deps/libfjall-abfe8d737f32f68d.rlib --extern notify=/tmp/cargo-mutants-veloxide-lTWIsz.tmp/target/debug/deps/libnotify-8320f6757a526399.rlib --extern proptest=/tmp/cargo-mutants-veloxide-lTWIsz.tmp/target/debug/deps/libproptest-216a766c56ac4476.rlib --extern rstest=/tmp/cargo-mutants-veloxide-lTWIsz.tmp/target/debug/deps/librstest-ce971fceb7271210.rlib --extern serde=/tmp/cargo-mutants-veloxide-lTWIsz.tmp/target/debug/deps/libserde-65225f6523a3f7e1.rlib --extern serde_json=/tmp/cargo-mutants-veloxide-lTWIsz.tmp/target/debug/deps/libserde_json-74f26af1301414df.rlib --extern tempfile=/tmp/cargo-mutants-veloxide-lTWIsz.tmp/target/debug/deps/libtempfile-8ce133578a770185.rlib --extern thiserror=/tmp/cargo-mutants-veloxide-lTWIsz.tmp/target/debug/deps/libthiserror-0f760a551262ab92.rlib --extern tokio=/tmp/cargo-mutants-veloxide-lTWIsz.tmp/target/debug/deps/libtokio-80d9cc738f474eea.rlib --extern vo_core=/tmp/cargo-mutants-veloxide-lTWIsz.tmp/target/debug/deps/libvo_core-8096aeeac9fc7893.rlib --extern vo_storage=/tmp/cargo-mutants-veloxide-lTWIsz.tmp/target/debug/deps/libvo_storage-069610b2624a88b4.rlib --extern vo_types=/tmp/cargo-mutants-veloxide-lTWIsz.tmp/target/debug/deps/libvo_types-cb83cbd4b68501ac.rlib`
     Running `sccache /home/lewis/.rustup/toolchains/nightly-x86_64-unknown-linux-gnu/bin/rustc --crate-name persistence_restart_integration --edition=2021 crates/vo-core/tests/persistence_restart_integration.rs --error-format=json --json=diagnostic-rendered-ansi,artifacts,future-incompat --emit=dep-info,link -C embed-bitcode=no -C debuginfo=2 --warn=unexpected_cfgs --check-cfg 'cfg(kani)' --test --check-cfg 'cfg(docsrs,test)' --check-cfg 'cfg(feature, values())' -C metadata=d7ae0de798623e19 -C extra-filename=-451c3e0383f84b84 --out-dir /tmp/cargo-mutants-veloxide-lTWIsz.tmp/target/debug/deps -C incremental=/tmp/cargo-mutants-veloxide-lTWIsz.tmp/target/debug/incremental -L dependency=/tmp/cargo-mutants-veloxide-lTWIsz.tmp/target/debug/deps --extern dashmap=/tmp/cargo-mutants-veloxide-lTWIsz.tmp/target/debug/deps/libdashmap-e36d576a90134ef4.rlib --extern fjall=/tmp/cargo-mutants-veloxide-lTWIsz.tmp/target/debug/deps/libfjall-abfe8d737f32f68d.rlib --extern notify=/tmp/cargo-mutants-veloxide-lTWIsz.tmp/target/debug/deps/libnotify-8320f6757a526399.rlib --extern proptest=/tmp/cargo-mutants-veloxide-lTWIsz.tmp/target/debug/deps/libproptest-216a766c56ac4476.rlib --extern rstest=/tmp/cargo-mutants-veloxide-lTWIsz.tmp/target/debug/deps/librstest-ce971fceb7271210.rlib --extern serde=/tmp/cargo-mutants-veloxide-lTWIsz.tmp/target/debug/deps/libserde-65225f6523a3f7e1.rlib --extern serde_json=/tmp/cargo-mutants-veloxide-lTWIsz.tmp/target/debug/deps/libserde_json-74f26af1301414df.rlib --extern tempfile=/tmp/cargo-mutants-veloxide-lTWIsz.tmp/target/debug/deps/libtempfile-8ce133578a770185.rlib --extern thiserror=/tmp/cargo-mutants-veloxide-lTWIsz.tmp/target/debug/deps/libthiserror-0f760a551262ab92.rlib --extern tokio=/tmp/cargo-mutants-veloxide-lTWIsz.tmp/target/debug/deps/libtokio-80d9cc738f474eea.rlib --extern vo_core=/tmp/cargo-mutants-veloxide-lTWIsz.tmp/target/debug/deps/libvo_core-8096aeeac9fc7893.rlib --extern vo_storage=/tmp/cargo-mutants-veloxide-lTWIsz.tmp/target/debug/deps/libvo_storage-069610b2624a88b4.rlib --extern vo_types=/tmp/cargo-mutants-veloxide-lTWIsz.tmp/target/debug/deps/libvo_types-cb83cbd4b68501ac.rlib`
     Running `sccache /home/lewis/.rustup/toolchains/nightly-x86_64-unknown-linux-gnu/bin/rustc --crate-name upcaster_proptest --edition=2021 crates/vo-core/tests/upcaster_proptest.rs --error-format=json --json=diagnostic-rendered-ansi,artifacts,future-incompat --emit=dep-info,link -C embed-bitcode=no -C debuginfo=2 --warn=unexpected_cfgs --check-cfg 'cfg(kani)' --test --check-cfg 'cfg(docsrs,test)' --check-cfg 'cfg(feature, values())' -C metadata=1b265a9dd4cdca82 -C extra-filename=-0bb797f85a64855c --out-dir /tmp/cargo-mutants-veloxide-lTWIsz.tmp/target/debug/deps -C incremental=/tmp/cargo-mutants-veloxide-lTWIsz.tmp/target/debug/incremental -L dependency=/tmp/cargo-mutants-veloxide-lTWIsz.tmp/target/debug/deps --extern dashmap=/tmp/cargo-mutants-veloxide-lTWIsz.tmp/target/debug/deps/libdashmap-e36d576a90134ef4.rlib --extern fjall=/tmp/cargo-mutants-veloxide-lTWIsz.tmp/target/debug/deps/libfjall-abfe8d737f32f68d.rlib --extern notify=/tmp/cargo-mutants-veloxide-lTWIsz.tmp/target/debug/deps/libnotify-8320f6757a526399.rlib --extern proptest=/tmp/cargo-mutants-veloxide-lTWIsz.tmp/target/debug/deps/libproptest-216a766c56ac4476.rlib --extern rstest=/tmp/cargo-mutants-veloxide-lTWIsz.tmp/target/debug/deps/librstest-ce971fceb7271210.rlib --extern serde=/tmp/cargo-mutants-veloxide-lTWIsz.tmp/target/debug/deps/libserde-65225f6523a3f7e1.rlib --extern serde_json=/tmp/cargo-mutants-veloxide-lTWIsz.tmp/target/debug/deps/libserde_json-74f26af1301414df.rlib --extern tempfile=/tmp/cargo-mutants-veloxide-lTWIsz.tmp/target/debug/deps/libtempfile-8ce133578a770185.rlib --extern thiserror=/tmp/cargo-mutants-veloxide-lTWIsz.tmp/target/debug/deps/libthiserror-0f760a551262ab92.rlib --extern tokio=/tmp/cargo-mutants-veloxide-lTWIsz.tmp/target/debug/deps/libtokio-80d9cc738f474eea.rlib --extern vo_core=/tmp/cargo-mutants-veloxide-lTWIsz.tmp/target/debug/deps/libvo_core-8096aeeac9fc7893.rlib --extern vo_storage=/tmp/cargo-mutants-veloxide-lTWIsz.tmp/target/debug/deps/libvo_storage-069610b2624a88b4.rlib --extern vo_types=/tmp/cargo-mutants-veloxide-lTWIsz.tmp/target/debug/deps/libvo_types-cb83cbd4b68501ac.rlib`
     Running `sccache /home/lewis/.rustup/toolchains/nightly-x86_64-unknown-linux-gnu/bin/rustc --crate-name admission_property --edition=2021 crates/vo-core/tests/admission_property.rs --error-format=json --json=diagnostic-rendered-ansi,artifacts,future-incompat --emit=dep-info,link -C embed-bitcode=no -C debuginfo=2 --warn=unexpected_cfgs --check-cfg 'cfg(kani)' --test --check-cfg 'cfg(docsrs,test)' --check-cfg 'cfg(feature, values())' -C metadata=04f073875a0b3ecf -C extra-filename=-0dd61aeb36aceb5b --out-dir /tmp/cargo-mutants-veloxide-lTWIsz.tmp/target/debug/deps -C incremental=/tmp/cargo-mutants-veloxide-lTWIsz.tmp/target/debug/incremental -L dependency=/tmp/cargo-mutants-veloxide-lTWIsz.tmp/target/debug/deps --extern dashmap=/tmp/cargo-mutants-veloxide-lTWIsz.tmp/target/debug/deps/libdashmap-e36d576a90134ef4.rlib --extern fjall=/tmp/cargo-mutants-veloxide-lTWIsz.tmp/target/debug/deps/libfjall-abfe8d737f32f68d.rlib --extern notify=/tmp/cargo-mutants-veloxide-lTWIsz.tmp/target/debug/deps/libnotify-8320f6757a526399.rlib --extern proptest=/tmp/cargo-mutants-veloxide-lTWIsz.tmp/target/debug/deps/libproptest-216a766c56ac4476.rlib --extern rstest=/tmp/cargo-mutants-veloxide-lTWIsz.tmp/target/debug/deps/librstest-ce971fceb7271210.rlib --extern serde=/tmp/cargo-mutants-veloxide-lTWIsz.tmp/target/debug/deps/libserde-65225f6523a3f7e1.rlib --extern serde_json=/tmp/cargo-mutants-veloxide-lTWIsz.tmp/target/debug/deps/libserde_json-74f26af1301414df.rlib --extern tempfile=/tmp/cargo-mutants-veloxide-lTWIsz.tmp/target/debug/deps/libtempfile-8ce133578a770185.rlib --extern thiserror=/tmp/cargo-mutants-veloxide-lTWIsz.tmp/target/debug/deps/libthiserror-0f760a551262ab92.rlib --extern tokio=/tmp/cargo-mutants-veloxide-lTWIsz.tmp/target/debug/deps/libtokio-80d9cc738f474eea.rlib --extern vo_core=/tmp/cargo-mutants-veloxide-lTWIsz.tmp/target/debug/deps/libvo_core-8096aeeac9fc7893.rlib --extern vo_storage=/tmp/cargo-mutants-veloxide-lTWIsz.tmp/target/debug/deps/libvo_storage-069610b2624a88b4.rlib --extern vo_types=/tmp/cargo-mutants-veloxide-lTWIsz.tmp/target/debug/deps/libvo_types-cb83cbd4b68501ac.rlib`
     Running `sccache /home/lewis/.rustup/toolchains/nightly-x86_64-unknown-linux-gnu/bin/rustc --crate-name proptest_circuit_breaker --edition=2021 crates/vo-core/tests/proptest_circuit_breaker.rs --error-format=json --json=diagnostic-rendered-ansi,artifacts,future-incompat --emit=dep-info,link -C embed-bitcode=no -C debuginfo=2 --warn=unexpected_cfgs --check-cfg 'cfg(kani)' --test --check-cfg 'cfg(docsrs,test)' --check-cfg 'cfg(feature, values())' -C metadata=3aaf68de80e18952 -C extra-filename=-8496dc2f8e637bb9 --out-dir /tmp/cargo-mutants-veloxide-lTWIsz.tmp/target/debug/deps -C incremental=/tmp/cargo-mutants-veloxide-lTWIsz.tmp/target/debug/incremental -L dependency=/tmp/cargo-mutants-veloxide-lTWIsz.tmp/target/debug/deps --extern dashmap=/tmp/cargo-mutants-veloxide-lTWIsz.tmp/target/debug/deps/libdashmap-e36d576a90134ef4.rlib --extern fjall=/tmp/cargo-mutants-veloxide-lTWIsz.tmp/target/debug/deps/libfjall-abfe8d737f32f68d.rlib --extern notify=/tmp/cargo-mutants-veloxide-lTWIsz.tmp/target/debug/deps/libnotify-8320f6757a526399.rlib --extern proptest=/tmp/cargo-mutants-veloxide-lTWIsz.tmp/target/debug/deps/libproptest-216a766c56ac4476.rlib --extern rstest=/tmp/cargo-mutants-veloxide-lTWIsz.tmp/target/debug/deps/librstest-ce971fceb7271210.rlib --extern serde=/tmp/cargo-mutants-veloxide-lTWIsz.tmp/target/debug/deps/libserde-65225f6523a3f7e1.rlib --extern serde_json=/tmp/cargo-mutants-veloxide-lTWIsz.tmp/target/debug/deps/libserde_json-74f26af1301414df.rlib --extern tempfile=/tmp/cargo-mutants-veloxide-lTWIsz.tmp/target/debug/deps/libtempfile-8ce133578a770185.rlib --extern thiserror=/tmp/cargo-mutants-veloxide-lTWIsz.tmp/target/debug/deps/libthiserror-0f760a551262ab92.rlib --extern tokio=/tmp/cargo-mutants-veloxide-lTWIsz.tmp/target/debug/deps/libtokio-80d9cc738f474eea.rlib --extern vo_core=/tmp/cargo-mutants-veloxide-lTWIsz.tmp/target/debug/deps/libvo_core-8096aeeac9fc7893.rlib --extern vo_storage=/tmp/cargo-mutants-veloxide-lTWIsz.tmp/target/debug/deps/libvo_storage-069610b2624a88b4.rlib --extern vo_types=/tmp/cargo-mutants-veloxide-lTWIsz.tmp/target/debug/deps/libvo_types-cb83cbd4b68501ac.rlib`
     Running `sccache /home/lewis/.rustup/toolchains/nightly-x86_64-unknown-linux-gnu/bin/rustc --crate-name upcaster_integration --edition=2021 crates/vo-core/tests/upcaster_integration.rs --error-format=json --json=diagnostic-rendered-ansi,artifacts,future-incompat --emit=dep-info,link -C embed-bitcode=no -C debuginfo=2 --warn=unexpected_cfgs --check-cfg 'cfg(kani)' --test --check-cfg 'cfg(docsrs,test)' --check-cfg 'cfg(feature, values())' -C metadata=dc33907e5d54ee03 -C extra-filename=-c0777a68888b6267 --out-dir /tmp/cargo-mutants-veloxide-lTWIsz.tmp/target/debug/deps -C incremental=/tmp/cargo-mutants-veloxide-lTWIsz.tmp/target/debug/incremental -L dependency=/tmp/cargo-mutants-veloxide-lTWIsz.tmp/target/debug/deps --extern dashmap=/tmp/cargo-mutants-veloxide-lTWIsz.tmp/target/debug/deps/libdashmap-e36d576a90134ef4.rlib --extern fjall=/tmp/cargo-mutants-veloxide-lTWIsz.tmp/target/debug/deps/libfjall-abfe8d737f32f68d.rlib --extern notify=/tmp/cargo-mutants-veloxide-lTWIsz.tmp/target/debug/deps/libnotify-8320f6757a526399.rlib --extern proptest=/tmp/cargo-mutants-veloxide-lTWIsz.tmp/target/debug/deps/libproptest-216a766c56ac4476.rlib --extern rstest=/tmp/cargo-mutants-veloxide-lTWIsz.tmp/target/debug/deps/librstest-ce971fceb7271210.rlib --extern serde=/tmp/cargo-mutants-veloxide-lTWIsz.tmp/target/debug/deps/libserde-65225f6523a3f7e1.rlib --extern serde_json=/tmp/cargo-mutants-veloxide-lTWIsz.tmp/target/debug/deps/libserde_json-74f26af1301414df.rlib --extern tempfile=/tmp/cargo-mutants-veloxide-lTWIsz.tmp/target/debug/deps/libtempfile-8ce133578a770185.rlib --extern thiserror=/tmp/cargo-mutants-veloxide-lTWIsz.tmp/target/debug/deps/libthiserror-0f760a551262ab92.rlib --extern tokio=/tmp/cargo-mutants-veloxide-lTWIsz.tmp/target/debug/deps/libtokio-80d9cc738f474eea.rlib --extern vo_core=/tmp/cargo-mutants-veloxide-lTWIsz.tmp/target/debug/deps/libvo_core-8096aeeac9fc7893.rlib --extern vo_storage=/tmp/cargo-mutants-veloxide-lTWIsz.tmp/target/debug/deps/libvo_storage-069610b2624a88b4.rlib --extern vo_types=/tmp/cargo-mutants-veloxide-lTWIsz.tmp/target/debug/deps/libvo_types-cb83cbd4b68501ac.rlib`
     Running `sccache /home/lewis/.rustup/toolchains/nightly-x86_64-unknown-linux-gnu/bin/rustc --crate-name write_class_integration --edition=2021 crates/vo-core/tests/write_class_integration.rs --error-format=json --json=diagnostic-rendered-ansi,artifacts,future-incompat --emit=dep-info,link -C embed-bitcode=no -C debuginfo=2 --warn=unexpected_cfgs --check-cfg 'cfg(kani)' --test --check-cfg 'cfg(docsrs,test)' --check-cfg 'cfg(feature, values())' -C metadata=4960584730ad6949 -C extra-filename=-d7a5f46e7246ca28 --out-dir /tmp/cargo-mutants-veloxide-lTWIsz.tmp/target/debug/deps -C incremental=/tmp/cargo-mutants-veloxide-lTWIsz.tmp/target/debug/incremental -L dependency=/tmp/cargo-mutants-veloxide-lTWIsz.tmp/target/debug/deps --extern dashmap=/tmp/cargo-mutants-veloxide-lTWIsz.tmp/target/debug/deps/libdashmap-e36d576a90134ef4.rlib --extern fjall=/tmp/cargo-mutants-veloxide-lTWIsz.tmp/target/debug/deps/libfjall-abfe8d737f32f68d.rlib --extern notify=/tmp/cargo-mutants-veloxide-lTWIsz.tmp/target/debug/deps/libnotify-8320f6757a526399.rlib --extern proptest=/tmp/cargo-mutants-veloxide-lTWIsz.tmp/target/debug/deps/libproptest-216a766c56ac4476.rlib --extern rstest=/tmp/cargo-mutants-veloxide-lTWIsz.tmp/target/debug/deps/librstest-ce971fceb7271210.rlib --extern serde=/tmp/cargo-mutants-veloxide-lTWIsz.tmp/target/debug/deps/libserde-65225f6523a3f7e1.rlib --extern serde_json=/tmp/cargo-mutants-veloxide-lTWIsz.tmp/target/debug/deps/libserde_json-74f26af1301414df.rlib --extern tempfile=/tmp/cargo-mutants-veloxide-lTWIsz.tmp/target/debug/deps/libtempfile-8ce133578a770185.rlib --extern thiserror=/tmp/cargo-mutants-veloxide-lTWIsz.tmp/target/debug/deps/libthiserror-0f760a551262ab92.rlib --extern tokio=/tmp/cargo-mutants-veloxide-lTWIsz.tmp/target/debug/deps/libtokio-80d9cc738f474eea.rlib --extern vo_core=/tmp/cargo-mutants-veloxide-lTWIsz.tmp/target/debug/deps/libvo_core-8096aeeac9fc7893.rlib --extern vo_storage=/tmp/cargo-mutants-veloxide-lTWIsz.tmp/target/debug/deps/libvo_storage-069610b2624a88b4.rlib --extern vo_types=/tmp/cargo-mutants-veloxide-lTWIsz.tmp/target/debug/deps/libvo_types-cb83cbd4b68501ac.rlib`
     Running `sccache /home/lewis/.rustup/toolchains/nightly-x86_64-unknown-linux-gnu/bin/rustc --crate-name red_queen_adversarial --edition=2021 crates/vo-core/tests/red_queen_adversarial.rs --error-format=json --json=diagnostic-rendered-ansi,artifacts,future-incompat --emit=dep-info,link -C embed-bitcode=no -C debuginfo=2 --warn=unexpected_cfgs --check-cfg 'cfg(kani)' --test --check-cfg 'cfg(docsrs,test)' --check-cfg 'cfg(feature, values())' -C metadata=c9151fe098303198 -C extra-filename=-632fe0157724ba3f --out-dir /tmp/cargo-mutants-veloxide-lTWIsz.tmp/target/debug/deps -C incremental=/tmp/cargo-mutants-veloxide-lTWIsz.tmp/target/debug/incremental -L dependency=/tmp/cargo-mutants-veloxide-lTWIsz.tmp/target/debug/deps --extern dashmap=/tmp/cargo-mutants-veloxide-lTWIsz.tmp/target/debug/deps/libdashmap-e36d576a90134ef4.rlib --extern fjall=/tmp/cargo-mutants-veloxide-lTWIsz.tmp/target/debug/deps/libfjall-abfe8d737f32f68d.rlib --extern notify=/tmp/cargo-mutants-veloxide-lTWIsz.tmp/target/debug/deps/libnotify-8320f6757a526399.rlib --extern proptest=/tmp/cargo-mutants-veloxide-lTWIsz.tmp/target/debug/deps/libproptest-216a766c56ac4476.rlib --extern rstest=/tmp/cargo-mutants-veloxide-lTWIsz.tmp/target/debug/deps/librstest-ce971fceb7271210.rlib --extern serde=/tmp/cargo-mutants-veloxide-lTWIsz.tmp/target/debug/deps/libserde-65225f6523a3f7e1.rlib --extern serde_json=/tmp/cargo-mutants-veloxide-lTWIsz.tmp/target/debug/deps/libserde_json-74f26af1301414df.rlib --extern tempfile=/tmp/cargo-mutants-veloxide-lTWIsz.tmp/target/debug/deps/libtempfile-8ce133578a770185.rlib --extern thiserror=/tmp/cargo-mutants-veloxide-lTWIsz.tmp/target/debug/deps/libthiserror-0f760a551262ab92.rlib --extern tokio=/tmp/cargo-mutants-veloxide-lTWIsz.tmp/target/debug/deps/libtokio-80d9cc738f474eea.rlib --extern vo_core=/tmp/cargo-mutants-veloxide-lTWIsz.tmp/target/debug/deps/libvo_core-8096aeeac9fc7893.rlib --extern vo_storage=/tmp/cargo-mutants-veloxide-lTWIsz.tmp/target/debug/deps/libvo_storage-069610b2624a88b4.rlib --extern vo_types=/tmp/cargo-mutants-veloxide-lTWIsz.tmp/target/debug/deps/libvo_types-cb83cbd4b68501ac.rlib`
     Running `sccache /home/lewis/.rustup/toolchains/nightly-x86_64-unknown-linux-gnu/bin/rustc --crate-name admission_integration --edition=2021 crates/vo-core/tests/admission_integration.rs --error-format=json --json=diagnostic-rendered-ansi,artifacts,future-incompat --emit=dep-info,link -C embed-bitcode=no -C debuginfo=2 --warn=unexpected_cfgs --check-cfg 'cfg(kani)' --test --check-cfg 'cfg(docsrs,test)' --check-cfg 'cfg(feature, values())' -C metadata=5076317122a9fdef -C extra-filename=-b0d9a25b1c29665f --out-dir /tmp/cargo-mutants-veloxide-lTWIsz.tmp/target/debug/deps -C incremental=/tmp/cargo-mutants-veloxide-lTWIsz.tmp/target/debug/incremental -L dependency=/tmp/cargo-mutants-veloxide-lTWIsz.tmp/target/debug/deps --extern dashmap=/tmp/cargo-mutants-veloxide-lTWIsz.tmp/target/debug/deps/libdashmap-e36d576a90134ef4.rlib --extern fjall=/tmp/cargo-mutants-veloxide-lTWIsz.tmp/target/debug/deps/libfjall-abfe8d737f32f68d.rlib --extern notify=/tmp/cargo-mutants-veloxide-lTWIsz.tmp/target/debug/deps/libnotify-8320f6757a526399.rlib --extern proptest=/tmp/cargo-mutants-veloxide-lTWIsz.tmp/target/debug/deps/libproptest-216a766c56ac4476.rlib --extern rstest=/tmp/cargo-mutants-veloxide-lTWIsz.tmp/target/debug/deps/librstest-ce971fceb7271210.rlib --extern serde=/tmp/cargo-mutants-veloxide-lTWIsz.tmp/target/debug/deps/libserde-65225f6523a3f7e1.rlib --extern serde_json=/tmp/cargo-mutants-veloxide-lTWIsz.tmp/target/debug/deps/libserde_json-74f26af1301414df.rlib --extern tempfile=/tmp/cargo-mutants-veloxide-lTWIsz.tmp/target/debug/deps/libtempfile-8ce133578a770185.rlib --extern thiserror=/tmp/cargo-mutants-veloxide-lTWIsz.tmp/target/debug/deps/libthiserror-0f760a551262ab92.rlib --extern tokio=/tmp/cargo-mutants-veloxide-lTWIsz.tmp/target/debug/deps/libtokio-80d9cc738f474eea.rlib --extern vo_core=/tmp/cargo-mutants-veloxide-lTWIsz.tmp/target/debug/deps/libvo_core-8096aeeac9fc7893.rlib --extern vo_storage=/tmp/cargo-mutants-veloxide-lTWIsz.tmp/target/debug/deps/libvo_storage-069610b2624a88b4.rlib --extern vo_types=/tmp/cargo-mutants-veloxide-lTWIsz.tmp/target/debug/deps/libvo_types-cb83cbd4b68501ac.rlib`
warning: `vo-core` (lib test) generated 8 warnings
    Finished `test` profile [unoptimized + debuginfo] target(s) in 1.00s
  Executable `/tmp/cargo-mutants-veloxide-lTWIsz.tmp/target/debug/deps/vo_core-0065b03eca8e6c6a`
  Executable `/tmp/cargo-mutants-veloxide-lTWIsz.tmp/target/debug/deps/admission_integration-b0d9a25b1c29665f`
  Executable `/tmp/cargo-mutants-veloxide-lTWIsz.tmp/target/debug/deps/admission_property-0dd61aeb36aceb5b`
  Executable `/tmp/cargo-mutants-veloxide-lTWIsz.tmp/target/debug/deps/circuit_breaker_integration-acb295e8f30cebc7`
  Executable `/tmp/cargo-mutants-veloxide-lTWIsz.tmp/target/debug/deps/persistence_restart_integration-451c3e0383f84b84`
  Executable `/tmp/cargo-mutants-veloxide-lTWIsz.tmp/target/debug/deps/proptest_circuit_breaker-8496dc2f8e637bb9`
  Executable `/tmp/cargo-mutants-veloxide-lTWIsz.tmp/target/debug/deps/red_queen_adversarial-632fe0157724ba3f`
  Executable `/tmp/cargo-mutants-veloxide-lTWIsz.tmp/target/debug/deps/upcaster_integration-c0777a68888b6267`
  Executable `/tmp/cargo-mutants-veloxide-lTWIsz.tmp/target/debug/deps/upcaster_proptest-0bb797f85a64855c`
  Executable `/tmp/cargo-mutants-veloxide-lTWIsz.tmp/target/debug/deps/write_class_integration-d7a5f46e7246ca28`

*** result: Success

*** /home/lewis/.rustup/toolchains/nightly-x86_64-unknown-linux-gnu/bin/cargo test --verbose --package=vo-core@0.1.0
    Blocking waiting for file lock on package cache
    Blocking waiting for file lock on package cache
    Blocking waiting for file lock on package cache
       Fresh cfg-if v1.0.4
       Fresh unicode-ident v1.0.24
       Fresh once_cell v1.21.4
       Fresh linux-raw-sys v0.12.1
       Fresh bitflags v2.11.0
       Fresh smallvec v1.15.1
       Fresh fastrand v2.3.0
       Fresh scopeguard v1.2.0
       Fresh log v0.4.29
       Fresh pin-project-lite v0.2.17
       Fresh futures-sink v0.3.32
       Fresh futures-core v0.3.32
       Fresh semver v1.0.27
       Fresh memchr v2.8.0
       Fresh compare v0.0.6
       Fresh regex-syntax v0.8.10
       Fresh autocfg v1.5.0
       Fresh hashbrown v0.14.5
       Fresh libc v0.2.183
       Fresh lock_api v0.4.14
       Fresh path-dedot v3.1.1
       Fresh interval-heap v0.0.5
       Fresh aho-corasick v1.1.4
       Fresh rustc_version v0.4.1
       Fresh futures-channel v0.3.32
       Fresh varint-rs v2.2.0
       Fresh futures-io v0.3.32
       Fresh itoa v1.0.18
       Fresh futures-task v0.3.32
       Fresh byteorder v1.5.0
       Fresh slab v0.4.12
       Fresh sha1_smol v1.0.1
       Fresh byteview v0.6.1
       Fresh xxhash-rust v0.8.15
       Fresh equivalent v1.0.2
       Fresh rustc-hash v2.1.2
       Fresh hashbrown v0.16.1
       Fresh proc-macro2 v1.0.106
       Fresh getrandom v0.4.2
       Fresh getrandom v0.3.4
       Fresh crossbeam-utils v0.8.21
       Fresh zerocopy v0.8.47
       Fresh rustix v1.1.4
       Fresh serde_core v1.0.228
       Fresh parking_lot_core v0.9.12
       Fresh zmij v1.0.21
       Fresh path-absolutize v3.1.1
       Fresh errno v0.3.14
       Fresh quick_cache v0.6.21
       Fresh regex-automata v0.4.14
       Fresh self_cell v1.2.2
       Fresh lz4_flex v0.11.6
       Fresh double-ended-peekable v0.1.0
       Fresh guardian v1.3.0
       Fresh wait-timeout v0.2.1
       Fresh inotify-sys v0.1.5
       Fresh mio v1.2.0
       Fresh socket2 v0.6.3
       Fresh bytes v1.11.1
       Fresh std-semaphore v0.1.0
       Fresh fnv v1.0.7
       Fresh same-file v1.0.6
       Fresh relative-path v1.9.3
       Fresh glob v0.3.3
       Fresh bitflags v1.3.2
       Fresh bit-vec v0.8.0
       Fresh quick-error v1.2.3
       Fresh filetime v0.2.27
       Fresh quote v1.0.45
       Fresh rand_core v0.9.5
       Fresh ppv-lite86 v0.2.21
       Fresh tempfile v3.27.0
       Fresh crossbeam-epoch v0.9.18
       Fresh serde_json v1.0.149
       Fresh dashmap v6.1.0
       Fresh uuid v1.23.0
       Fresh regex v1.12.3
       Fresh signal-hook-registry v1.4.8
       Fresh parking_lot v0.12.5
       Fresh crossbeam-channel v0.5.15
       Fresh inotify v0.9.6
       Fresh walkdir v2.5.0
       Fresh bit-set v0.8.0
       Fresh num-traits v0.2.19
       Fresh mio v0.8.11
       Fresh futures-timer v3.0.3
       Fresh unarray v0.1.4
       Fresh syn v2.0.117
       Fresh rand_chacha v0.9.0
       Fresh value-log v1.9.0
       Fresh crossbeam-skiplist v0.1.3
       Fresh rand_xorshift v0.4.0
       Fresh rusty-fork v0.3.1
       Fresh notify v6.1.1
       Fresh rand v0.9.2
       Fresh serde_derive v1.0.228
       Fresh thiserror-impl v1.0.69
       Fresh futures-macro v0.3.32
       Fresh enum_dispatch v0.3.13
       Fresh tokio-macros v2.6.1
       Fresh rstest_macros v0.18.2
       Fresh futures-util v0.3.32
       Fresh serde v1.0.228
       Fresh thiserror v1.0.69
       Fresh ulid v1.2.1
       Fresh lsm-tree v2.10.4
       Fresh tokio v1.50.0
       Fresh proptest v1.11.0
       Fresh futures-executor v0.3.32
       Fresh vo-types v0.1.0 (/tmp/cargo-mutants-veloxide-lTWIsz.tmp/crates/vo-types)
       Fresh fjall v2.11.2
       Fresh futures v0.3.32
       Fresh vo-storage v0.1.0 (/tmp/cargo-mutants-veloxide-lTWIsz.tmp/crates/vo-storage)
warning: enum `DbWriterMessageError` is never used
  --> crates/vo-core/src/db_writer_message.rs:18:10
   |
18 | pub enum DbWriterMessageError {
   |          ^^^^^^^^^^^^^^^^^^^^
   |
   = note: `#[warn(dead_code)]` (part of `#[warn(unused)]`) on by default

warning: associated items `new`, `sequence_number`, and `state_bytes` are never used
  --> crates/vo-core/src/db_writer_message.rs:63:12
   |
58 | impl SnapshotData {
   | ----------------- associated items in this implementation
...
63 |     pub fn new(sequence_number: SequenceNumber, state_bytes: Vec<u8>) -> Option<Self> {
   |            ^^^
...
74 |     pub fn sequence_number(&self) -> SequenceNumber {
   |            ^^^^^^^^^^^^^^^
...
79 |     pub fn state_bytes(&self) -> &[u8] {
   |            ^^^^^^^^^^^

warning: `vo-core` (lib) generated 2 warnings
       Fresh rstest v0.18.2
warning: unexpected `cfg` condition value: `proptest`
   --> crates/vo-core/src/replay.rs:939:11
    |
939 |     #[cfg(feature = "proptest")]
    |           ^^^^^^^^^^^^^^^^^^^^ help: remove the condition
    |
    = note: no expected values for `feature`
    = help: consider adding `proptest` as a feature in `Cargo.toml`
    = note: see <https://doc.rust-lang.org/nightly/rustc/check-cfg/cargo-specifics.html> for more information about checking conditional configuration
    = note: requested on the command line with `-W unexpected-cfgs`

warning: unused doc comment
   --> crates/vo-core/src/write_class.rs:565:5
    |
565 |     /// PROP-01: INV-001 — tier() is always 1, 2, or 3
    |     ^^^^^^^^^^^^^^^^^^^^^^^^^^^^^^^^^^^^^^^^^^^^^^^^^^ rustdoc does not generate documentation for macro invocations
    |
    = help: to document an item produced by a macro, the macro must produce the documentation as part of its expansion
    = note: `#[warn(unused_doc_comments)]` (part of `#[warn(unused)]`) on by default

warning: unused doc comment
   --> crates/vo-core/src/write_class.rs:578:5
    |
578 |     /// PROP-02: INV-002 — never_drops() is true only for CriticalControlPlane
    |     ^^^^^^^^^^^^^^^^^^^^^^^^^^^^^^^^^^^^^^^^^^^^^^^^^^^^^^^^^^^^^^^^^^^^^^^^^^ rustdoc does not generate documentation for macro invocations
    |
    = help: to document an item produced by a macro, the macro must produce the documentation as part of its expansion

warning: unused doc comment
   --> crates/vo-core/src/write_class.rs:594:5
    |
594 |     /// PROP-03: INV-003 — as_str() round-trips through from_str()
    |     ^^^^^^^^^^^^^^^^^^^^^^^^^^^^^^^^^^^^^^^^^^^^^^^^^^^^^^^^^^^^^^ rustdoc does not generate documentation for macro invocations
    |
    = help: to document an item produced by a macro, the macro must produce the documentation as part of its expansion

warning: unused doc comment
   --> crates/vo-core/src/write_class.rs:610:5
    |
610 |     /// PROP-04: INV-004 — JSON serialization round-trip
    |     ^^^^^^^^^^^^^^^^^^^^^^^^^^^^^^^^^^^^^^^^^^^^^^^^^^^^ rustdoc does not generate documentation for macro invocations
    |
    = help: to document an item produced by a macro, the macro must produce the documentation as part of its expansion

warning: unused doc comment
   --> crates/vo-core/src/write_class.rs:626:5
    |
626 |     /// PROP-05: INV-005 — WriteBudget reserve never produces negative remaining
    |     ^^^^^^^^^^^^^^^^^^^^^^^^^^^^^^^^^^^^^^^^^^^^^^^^^^^^^^^^^^^^^^^^^^^^^^^^^^^^ rustdoc does not generate documentation for macro invocations
    |
    = help: to document an item produced by a macro, the macro must produce the documentation as part of its expansion

warning: unused doc comment
   --> crates/vo-core/src/write_class.rs:652:5
    |
652 |     /// PROP-06: INV-006 — can_write and reserve are consistent
    |     ^^^^^^^^^^^^^^^^^^^^^^^^^^^^^^^^^^^^^^^^^^^^^^^^^^^^^^^^^^^ rustdoc does not generate documentation for macro invocations
    |
    = help: to document an item produced by a macro, the macro must produce the documentation as part of its expansion

warning: methods `sequence_number` and `state_bytes` are never used
  --> crates/vo-core/src/db_writer_message.rs:74:12
   |
58 | impl SnapshotData {
   | ----------------- methods in this implementation
...
74 |     pub fn sequence_number(&self) -> SequenceNumber {
   |            ^^^^^^^^^^^^^^^
...
79 |     pub fn state_bytes(&self) -> &[u8] {
   |            ^^^^^^^^^^^
   |
   = note: `#[warn(dead_code)]` (part of `#[warn(unused)]`) on by default

       Fresh vo-core v0.1.0 (/tmp/cargo-mutants-veloxide-lTWIsz.tmp/crates/vo-core)
warning: `vo-core` (lib test) generated 8 warnings
    Finished `test` profile [unoptimized + debuginfo] target(s) in 0.09s
     Running `/tmp/cargo-mutants-veloxide-lTWIsz.tmp/target/debug/deps/vo_core-0065b03eca8e6c6a`

running 295 tests
test admission::check_tests::check_admission_detects_threshold_swap_mutation ... ok
test admission::check_tests::check_admission_boundary_writer_just_above_threshold ... ok
test admission::check_tests::check_admission_collects_all_failed_indicators_not_just_first ... ok
test admission::check_tests::check_admission_boundary_writer_exactly_at_threshold ... FAILED
test admission::check_tests::check_admission_returns_batch_commit_latency_exceeded_when_over_threshold ... ok
test admission::check_tests::check_admission_returns_batch_commit_latency_exceeded_just_over_threshold ... ok
test admission::check_tests::check_admission_boundary_writer_just_below_threshold ... ok
test admission::check_tests::check_admission_is_idempotent ... ok
test admission::check_tests::check_admission_returns_blob_queue_depth_exceeded_just_over_threshold ... ok
test admission::check_tests::check_admission_rejects_max_u64_values ... ok
test admission::check_tests::check_admission_returns_blob_queue_depth_exceeded_when_over_threshold ... ok
test admission::check_tests::check_admission_returns_compaction_stall_active_when_indicator_true ... ok
test admission::check_tests::check_admission_returns_error_just_over_threshold ... ok
test admission::check_tests::check_admission_returns_multiple_pressure_indicators_all_five_exceeded ... ok
test admission::check_tests::check_admission_returns_multiple_pressure_indicators_when_multiple_exceeded ... ok
test admission::check_tests::check_admission_returns_ok_at_exact_blob_threshold ... ok
test admission::check_tests::check_admission_returns_ok_at_exact_latency_threshold ... ok
test admission::check_tests::check_admission_returns_ok_at_exact_threshold ... FAILED
test admission::check_tests::check_admission_returns_ok_when_all_indicators_within_thresholds ... ok
test admission::check_tests::check_admission_returns_ok_when_compaction_stall_false ... ok
test admission::check_tests::check_admission_returns_ok_when_storage_stall_false ... ok
test admission::check_tests::check_admission_returns_ok_with_all_zero_values ... ok
test admission::check_tests::check_admission_returns_storage_stall_active_when_indicator_true ... ok
test admission::check_tests::check_admission_returns_writer_queue_depth_exceeded_when_over_threshold ... ok
test admission::check_tests::check_admission_with_custom_thresholds_rejects_over_blob_threshold ... ok
test admission::check_tests::check_admission_with_custom_thresholds_returns_error_when_exceeded ... ok
test admission::check_tests::check_admission_with_thresholds_detects_blob_threshold_swap ... ok
test admission::check_tests::check_admission_with_custom_thresholds_returns_ok_when_within_custom_limits ... ok
test admission::check_tests::check_admission_with_thresholds_is_idempotent ... ok
test admission::check_tests::check_admission_with_zero_thresholds_accepts_zero_values ... FAILED
test admission::check_tests::check_admission_with_zero_thresholds_rejects_nonzero_values ... ok
test admission::control_tests::admission_result_admitted_constructs_correctly ... ok
test admission::control_tests::admission_result_clone_and_equality ... ok
test admission::control_tests::admission_result_inequality_between_variants ... ok
test admission::control_tests::admission_result_duplicate_constructs_correctly ... ok
test admission::control_tests::admission_result_rejected_constructs_correctly ... ok
test admission::control_tests::admission_result_is_exhaustive_three_variants ... ok
test admission::control_tests::check_deduplicate_returns_admitted_for_new_key ... ok
test admission::control_tests::check_deduplicate_returns_duplicate_for_seen_key ... ok
test admission::control_tests::check_fence_returns_rejected_on_stale_token ... ok
test admission::control_tests::check_fence_returns_admitted_when_token_matches ... ok
test admission::control_tests::check_fence_returns_rejected_when_no_lease ... ok
test admission::control_tests::dedupe_token_clone_equality ... ok
test admission::control_tests::dedupe_token_display_returns_inner_string ... ok
test admission::control_tests::dedupe_token_hash_consistency ... ok
test admission::control_tests::dedupe_token_new_creates_token_with_valid_value ... ok
test admission::control_tests::rejection_reason_dedupe_key_too_long ... ok
test admission::control_tests::rejection_reason_fence_token_mismatch ... ok
test admission::control_tests::rejection_reason_implements_error ... ok
test admission::control_tests::rejection_reason_is_exhaustive_five_variants ... ok
test admission::control_tests::rejection_reason_missing_dedupe_key ... ok
test admission::control_tests::rejection_reason_no_active_lease ... ok
test admission::control_tests::rejection_reason_policy_violation ... ok
test admission::types::tests::admission_error_batch_commit_latency_exceeded ... ok
test admission::types::tests::admission_error_blob_queue_depth_exceeded ... ok
test admission::types::tests::admission_error_compaction_stall_active ... ok
test admission::types::tests::admission_error_invalid_admission_context ... ok
test admission::types::tests::admission_error_metrics_unavailable ... ok
test admission::types::tests::admission_error_multiple_pressure_indicators ... ok
test admission::types::tests::admission_error_storage_stall_active ... ok
test admission::types::tests::admission_error_writer_queue_depth_exceeded ... ok
test admission::types::tests::admission_thresholds_can_be_constructed_with_custom_values ... ok
test admission::types::tests::admission_thresholds_default_produces_zero_thresholds ... ok
test admission::types::tests::pressure_indicator_all_variants_exist ... ok
test admission::types::tests::pressure_indicator_equality ... ok
test admission::types::tests::pressure_indicator_inequality ... ok
test admission::types::tests::write_pressure_state_accepts_all_zero_values ... ok
test admission::types::tests::write_pressure_state_accepts_max_u64_values ... ok
test admission::types::tests::write_pressure_state_default_is_all_zero ... ok
test circuit_breaker::config::tests::config_accepts_maximum_valid_values ... ok
test circuit_breaker::config::tests::config_accepts_minimum_valid_values ... ok
test circuit_breaker::config::tests::config_accepts_valid_non_zero_values ... ok
test circuit_breaker::config::tests::config_rejects_all_zero_with_first_zero_field ... ok
test circuit_breaker::config::tests::config_rejects_zero_failure_threshold ... ok
test circuit_breaker::config::tests::config_rejects_zero_failure_window ... ok
test circuit_breaker::config::tests::config_rejects_zero_rate_limit_window ... ok
test circuit_breaker::failure_window::tests::record_failure_in_window_evicts_expired_entries_before_insertion ... ok
test circuit_breaker::failure_window::tests::record_failure_in_window_readds_expired_duplicate_as_fresh ... ok
test circuit_breaker::failure_window::tests::record_failure_in_window_returns_1_when_first_unique_hash ... ok
test circuit_breaker::failure_window::tests::record_failure_in_window_returns_2_when_mixed_expired_and_live ... ok
test circuit_breaker::failure_window::tests::record_failure_in_window_returns_2_when_second_unique_hash ... ok
test circuit_breaker::failure_window::tests::record_failure_in_window_returns_4_when_duplicate_of_existing ... ok
test circuit_breaker::failure_window::tests::record_failure_in_window_returns_same_count_when_duplicate_hash ... ok
test circuit_breaker::failure_window::tests::record_failure_in_window_returns_5_when_fifth_unique_hash ... ok
test circuit_breaker::failure_window::tests::unique_failures_in_window_returns_0_when_all_expired ... ok
test circuit_breaker::failure_window::tests::unique_failures_in_window_returns_0_when_empty ... ok
test circuit_breaker::failure_window::tests::unique_failures_in_window_returns_2_after_evicting_1_expired ... ok
test circuit_breaker::rate_limiter::tests::check_rate_limit_returns_full_window_when_just_registered ... ok
test circuit_breaker::rate_limiter::tests::check_rate_limit_returns_none_at_exactly_60_seconds ... ok
test circuit_breaker::rate_limiter::tests::check_rate_limit_returns_none_when_no_prior_registration ... ok
test circuit_breaker::rate_limiter::tests::check_rate_limit_returns_none_when_well_past_window ... ok
test circuit_breaker::rate_limiter::tests::check_rate_limit_returns_none_when_window_elapsed ... ok
test circuit_breaker::rate_limiter::tests::check_rate_limit_returns_some_1_at_59_seconds ... ok
test circuit_breaker::rate_limiter::tests::check_rate_limit_returns_some_30_when_30s_remaining ... ok
test circuit_breaker::rate_limiter::tests::update_rate_limit_sets_timestamp_so_check_returns_remaining ... ok
test circuit_breaker::registration_status::tests::registration_status_has_exactly_three_variants ... ok
test circuit_breaker::registration_status::tests::registration_status_serde_round_trip_is_identity_for_active ... ok
test circuit_breaker::registration_status::tests::registration_status_serde_round_trip_is_identity_for_deactivated ... ok
test circuit_breaker::registration_status::tests::registration_status_quarantined_serde_round_trip ... ok
test circuit_breaker::registration_status::tests::registration_status_serde_round_trips_for_all_variants ... ok
test db_writer_message::tests::acquire_lease_serializes_with_snake_case_tag ... ok
test db_writer_message::tests::append_event_serializes_with_snake_case_tag ... ok
test db_writer_message::tests::acquire_lease_round_trips_through_serde_json ... ok
test db_writer_message::tests::append_event_round_trips_through_serde_json ... ok
test db_writer_message::tests::db_writer_message_different_variants_compare_unequal ... ok
test db_writer_message::tests::db_writer_message_equal_values_compare_equal ... ok
test db_writer_message::tests::atomic_transition_round_trips_through_serde_json_with_minimal_fields ... ok
test db_writer_message::tests::atomic_transition_serializes_with_snake_case_tag ... ok
test db_writer_message::tests::db_writer_message_error_missing_field_displays_field_name ... ok
test db_writer_message::tests::atomic_transition_round_trips_through_serde_json_with_all_fields ... ok
test db_writer_message::tests::db_writer_message_error_unknown_variant_displays_variant_name ... ok
test db_writer_message::tests::db_writer_message_error_zero_fence_token_displays_expected_message ... ok
test db_writer_message::tests::db_writer_message_error_zero_sequence_number_displays_expected_message ... ok
test db_writer_message::tests::db_writer_message_error_serialization_error_displays_inner_message ... ok
test circuit_breaker::state::tests::circuit_breaker_state_tracks_status_rate_limit_and_failure_window ... ok
test db_writer_message::tests::db_writer_message_rejects_truncated_json_when_deserializing ... ok
test db_writer_message::tests::db_writer_message_rejects_missing_required_field_when_deserializing ... ok
test db_writer_message::tests::db_writer_message_rejects_malformed_json_when_deserializing ... ok
test db_writer_message::tests::db_writer_message_rejects_unknown_variant_when_deserializing ... ok
test db_writer_message::tests::delete_timer_serializes_with_snake_case_tag ... ok
test db_writer_message::tests::delete_timer_round_trips_through_serde_json ... ok
test db_writer_message::tests::fence_token_rejects_zero_value_when_constructed ... ok
test db_writer_message::tests::fence_token_rejects_zero_value_when_deserialized_from_json ... ok
test db_writer_message::tests::idempotency_key_rejects_empty_string_when_parsed ... ok
test db_writer_message::tests::instance_id_rejects_empty_string_when_parsed ... ok
test db_writer_message::tests::record_effect_round_trips_through_serde_json ... ok
test db_writer_message::tests::record_effect_serializes_with_snake_case_tag ... ok
test db_writer_message::tests::record_instance_status_round_trips_through_serde_json ... ok
test db_writer_message::tests::record_instance_status_serializes_with_snake_case_tag ... ok
test db_writer_message::tests::release_lease_round_trips_through_serde_json ... ok
test db_writer_message::tests::release_lease_serializes_with_snake_case_tag ... ok
test db_writer_message::tests::sequence_number_rejects_zero_value_when_constructed ... ok
test db_writer_message::tests::sequence_number_rejects_zero_value_when_deserialized_from_json ... ok
test db_writer_message::tests::snapshot_data_different_state_bytes_compare_unequal ... ok
test db_writer_message::tests::snapshot_data_new_returns_none_when_state_bytes_empty ... ok
test db_writer_message::tests::snapshot_data_new_returns_some_when_state_bytes_non_empty ... ok
test db_writer_message::tests::snapshot_data_round_trips_through_serde_json ... ok
test db_writer_message::tests::step_id_rejects_empty_string_when_parsed ... ok
test db_writer_message::tests::take_snapshot_serializes_with_snake_case_tag ... ok
test db_writer_message::tests::take_snapshot_round_trips_through_serde_json ... ok
test db_writer_message::tests::timer_id_rejects_empty_string_when_parsed ... ok
test db_writer_message::tests::timer_op_delete_round_trips_through_serde_json ... ok
test db_writer_message::tests::timer_op_different_variants_compare_unequal ... ok
test db_writer_message::tests::timer_op_upsert_round_trips_through_serde_json ... ok
test db_writer_message::tests::upsert_timer_round_trips_through_serde_json ... ok
test db_writer_message::tests::upsert_timer_serializes_with_snake_case_tag ... ok
test debounce::tests::debouncer_new_returns_invalid_duration_error_when_duration_is_zero ... ok
test debounce::tests::debouncer_new_returns_channel_closed_error_when_receiver_is_already_closed ... ok
test debounce::tests::debouncer_new_returns_ok_instance_when_duration_is_one_nanosecond ... ok
test debounce::tests::debouncer_new_returns_ok_instance_when_duration_is_max ... ok
test debounce::tests::next_debounced_event_drops_pending_path_when_deletion_event_arrives ... ok
test debounce::tests::next_debounced_event_collapses_multiple_events_for_same_file_into_single_yield ... ok
test debounce::tests::next_debounced_event_remains_pending_when_polled_with_no_events ... ok
test debounce::tests::next_debounced_event_resets_timer_when_event_arrives_exactly_at_debounce_duration ... ok
test debounce::tests::next_debounced_event_yields_empty_path_when_received ... ok
test replay::tests::replay_failure_recovery_cycle ... ok
test debounce::tests::next_debounced_event_returns_internal_error_on_timer_overflow ... ok
test debounce::tests::next_debounced_event_yields_ok_path_when_path_length_is_maximum ... ok
test debounce::tests::debouncer_new_returns_no_runtime_error_outside_tokio ... ok
test replay::tests::replay_full_lifecycle_with_timer_round_trip ... ok
test replay::tests::replay_full_lifecycle_pending_to_completed ... ok
test replay::tests::replay_maps_step_completed_to_complete_step_transition ... ok
test debounce::tests::next_debounced_event_yields_multiple_distinct_files_when_events_interleaved ... ok
test replay::tests::replay_is_deterministic_same_events_produce_same_result ... ok
test replay::tests::replay_engine_default_creates_instance ... ok
test replay::tests::replay_maps_workflow_started_to_assign_to_node_transition ... ok
test replay::tests::replay_maps_workflow_failed_to_fail_transition ... ok
test replay::tests::replay_returns_empty_result_when_event_list_is_empty ... ok
test replay::tests::replay_reports_correct_events_applied_count ... ok
test replay::tests::replay_returns_instance_mismatch_when_events_have_different_instance_ids ... ok
test replay::tests::replay_maps_timer_fired_to_timer_fired_transition ... ok
test debounce::tests::next_debounced_event_yields_pending_events_before_returning_channel_closed_error ... ok
test replay::tests::replay_maps_workflow_cancelled_to_cancel_transition ... ok
test replay::tests::replay_maps_instance_resumed_to_instance_resumed_transition ... ok
test replay::tests::replay_engine_new_creates_instance ... ok
test debounce::tests::next_debounced_event_yields_ok_path_after_continuous_writes_cease ... ok
test debounce::tests::next_debounced_event_handles_multiple_concurrent_distinct_files ... ok
test replay::tests::replay_maps_step_started_to_execute_step_transition ... ok
test replay::tests::replay_returns_payload_decode_failed_when_payload_is_invalid ... ok
test replay::tests::replay_stops_processing_after_reaching_cancelled_state ... ok
test replay::tests::replay_stops_processing_after_reaching_completed_state ... ok
test replay::tests::replay_treats_continued_as_new_as_noop ... ok
test snapshot_compat::tests::is_snapshot_compatible_returns_false_for_mismatched_versions ... ok
test replay::tests::replay_returns_sequence_duplicate_when_duplicate_sequence_found ... ok
test replay::tests::replay_works_with_real_event_envelope_serialization ... ok
test snapshot_compat::tests::is_snapshot_compatible_returns_true_for_matching_versions ... ok
test snapshot_compat::tests::version_zero_snapshot_is_incompatible ... ok
test snapshot_compat::tests::serde_roundtrip_preserves_compatible ... ok
test snapshot_compat::tests::snapshot_newer_than_engine_returns_incompatible ... ok
test replay::tests::replay_returns_transition_failed_when_apply_rejects_transition ... ok
test upcaster::error_tests::upcaster_error_debug_format ... ok
test snapshot_compat::tests::version_zero_engine_is_incompatible ... ok
test snapshot_compat::tests::matching_versions_returns_compatible ... ok
test replay::tests::replay_returns_sequence_gap_when_sequence_numbers_have_gap ... ok
test snapshot_compat::tests::serde_roundtrip_preserves_needs_upcast ... ok
test upcaster::error_tests::upcaster_error_invalid_target_version_message_contains_version_and_max ... ok
test replay::tests::replay_maps_step_failed_to_fail_transition ... ok
test upcaster::error_tests::upcaster_error_invalid_upcasted_envelope_contains_inner_error ... ok
test upcaster::error_tests::upcaster_error_invalid_upcasted_envelope_from_error ... ok
test upcaster::error_tests::upcaster_error_no_upcaster_registered_equality ... ok
test upcaster::error_tests::upcaster_error_no_upcaster_registered_message_contains_version ... ok
test upcaster::error_tests::upcaster_error_upcasting_failed_equality ... ok
test upcaster::error_tests::upcaster_error_upcasting_failed_message_contains_reason ... ok
test upcaster::event_envelope_error_tests::event_envelope_error_envelope_decode_failed_message ... ok
test upcaster::event_envelope_error_tests::event_envelope_error_invalid_envelope_field_equality ... ok
test upcaster::event_envelope_error_tests::event_envelope_error_invalid_envelope_field_message_contains_field_name ... ok
test upcaster::event_envelope_error_tests::event_envelope_error_invalid_envelope_format_equality ... ok
test upcaster::event_envelope_error_tests::event_envelope_error_invalid_envelope_format_message_contains_malformed ... ok
test upcaster::event_envelope_error_tests::event_envelope_error_invalid_input_equality ... ok
test upcaster::event_envelope_error_tests::event_envelope_error_invalid_input_message_contains_not_utf8 ... ok
test upcaster::event_envelope_error_tests::event_envelope_error_invalid_payload_field_message ... ok
test upcaster::event_envelope_error_tests::event_envelope_error_invalid_payload_format_message ... ok
test upcaster::event_envelope_error_tests::event_envelope_error_missing_envelope_field_equality ... ok
test upcaster::event_envelope_error_tests::event_envelope_error_missing_envelope_field_message_contains_field_name ... ok
test upcaster::event_envelope_error_tests::event_envelope_error_missing_payload_field_message ... ok
test upcaster::event_envelope_error_tests::event_envelope_error_payload_decode_failed_message ... ok
test upcaster::event_envelope_error_tests::event_envelope_error_payload_decode_skipped_message ... ok
test upcaster::event_envelope_error_tests::event_envelope_error_serialization_error_message ... ok
test upcaster::event_envelope_error_tests::event_envelope_error_unknown_payload_type_equality ... ok
test upcaster::event_envelope_error_tests::event_envelope_error_unknown_payload_type_message ... ok
test upcaster::event_envelope_error_tests::event_envelope_error_unsupported_envelope_version_equality ... ok
test upcaster::event_envelope_error_tests::event_envelope_error_unsupported_envelope_version_message_contains_max_info ... ok
test upcaster::event_envelope_error_tests::event_envelope_error_unsupported_envelope_version_message_contains_version ... ok
test upcaster::event_envelope_error_tests::event_envelope_error_unsupported_payload_version_message ... ok
test workflow_version::tests::binary_path_returns_str_ref_not_string ... ok
test workflow_version::tests::binary_path_returns_string_starting_with_prefix ... ok
test workflow_version::tests::new_creates_version_with_correct_binary_path_format ... ok
test upcaster::error_tests::upcaster_error_circular_chain_equality ... ok
test workflow_version::tests::new_rejects_hash_shorter_than_64_chars ... ok
test snapshot_compat::tests::serde_roundtrip_preserves_incompatible ... ok
test workflow_version::tests::new_sets_schema_version_to_one ... ok
test debounce::tests::next_debounced_event_returns_channel_closed_error_when_sender_dropped ... ok
test debounce::tests::next_debounced_event_returns_debouncer_internal_error_when_timer_fails ... ok
test workflow_version::tests::workflow_version_is_hashable_for_use_in_hashset ... ok
test workflow_version::tests::serde_roundtrip_preserves_all_fields ... ok
test replay::tests::replay_maps_step_scheduled_to_step_scheduled_transition ... ok
test debounce::tests::next_debounced_event_yields_exact_path_when_debounce_duration_elapses ... ok
test write_class::write_class_tests::error_budget_exceeded_displays_details ... ok
test write_class::write_class_tests::error_unknown_write_class_displays_class_name ... ok
test write_class::write_class_tests::write_budget_can_write_returns_false_when_exhausted ... ok
test replay::tests::replay_maps_cancel_requested_to_cancel_transition ... ok
test write_class::write_class_tests::write_budget_can_write_returns_true_when_at_exact_limit ... ok
test write_class::write_class_tests::write_budget_can_write_returns_true_when_zero_bytes ... ok
test write_class::write_class_tests::write_budget_creates_with_given_limits ... ok
test write_class::write_class_tests::write_budget_creates_with_max_limits ... ok
test write_class::write_class_tests::write_budget_creates_with_zero_limits ... ok
test write_class::write_class_tests::write_budget_remaining_returns_correct_initial_values ... ok
test write_class::write_class_tests::write_budget_remaining_returns_zero_after_exhaustion ... ok
test replay::tests::replay_maps_timer_set_to_wait_for_timer_transition ... ok
test write_class::write_class_tests::write_budget_remaining_unchanged_after_failed_reserve ... ok
test write_class::write_class_tests::write_budget_reserve_deducts_bytes_on_success ... ok
test write_class::write_class_tests::write_budget_reserve_returns_budget_exceeded_when_over_limit ... ok
test write_class::write_class_tests::write_budget_reserve_succeeds_when_at_exact_limit ... ok
test write_class::write_class_tests::write_budget_reserve_zero_bytes_succeeds ... ok
test write_class::write_class_tests::write_class_as_str_returns_bulk_blob_when_bulk_blob ... ok
test write_class::write_class_tests::write_class_as_str_returns_critical_control_plane_when_critical_control_plane ... ok
test write_class::write_class_tests::write_class_as_str_returns_operator_projection_when_operator_projection ... ok
test write_class::write_class_tests::write_class_never_drops_returns_false_when_bulk_blob ... ok
test write_class::write_class_tests::write_class_never_drops_returns_false_when_operator_projection ... ok
test write_class::write_class_tests::write_class_never_drops_returns_true_when_critical_control_plane ... ok
test write_class::write_class_tests::write_class_parses_bulk_blob_from_str ... ok
test write_class::write_class_tests::write_class_parses_critical_control_plane_from_str ... ok
test write_class::write_class_tests::write_class_parses_operator_projection_from_str ... ok
test write_class::write_class_tests::write_class_returns_serialization_error_when_deserializing_malformed_json ... ok
test write_class::write_class_tests::write_class_returns_tier_2_when_operator_projection ... ok
test write_class::write_class_tests::write_class_returns_tier_3_when_bulk_blob ... ok
test write_class::write_class_tests::write_class_returns_unknown_write_class_error_when_parsing_case_mismatch ... ok
test write_class::write_class_tests::write_class_returns_unknown_write_class_error_when_parsing_empty_string ... ok
test write_class::write_class_tests::write_class_returns_unknown_write_class_error_when_parsing_invalid_string ... ok
test snapshot_compat::tests::snapshot_older_than_engine_returns_needs_upcast ... ok
test upcaster::error_tests::upcaster_error_invalid_target_version_equality ... ok
test write_class::write_class_tests::write_budget_reserve_returns_budget_exceeded_when_exhausted_plus_one ... ok
test circuit_breaker::config::tests::proptests::config_new_succeeds_iff_all_fields_nonzero ... ok
test circuit_breaker::rate_limiter::tests::proptests::rate_limit_is_uniform_across_workflows ... ok
test circuit_breaker::rate_limiter::tests::proptests::check_rate_limit_returns_ceiling_of_remaining_seconds ... ok
test write_class::write_class_tests::write_class_returns_serialization_error_when_deserializing_truncated_json ... ok
test debounce::proptests::event_stream_deduplicates_multiple_events_for_same_file ... ok
test write_class::write_class_tests::error_serialization_error_displays_message ... ok
test write_class::write_class_tests::write_budget_can_write_returns_true_when_under_limit ... ok
test circuit_breaker::rate_limiter::tests::proptests::check_rate_limit_returns_none_when_elapsed_exceeds_window ... ok
test circuit_breaker::failure_window::tests::proptests::failure_window_records_sorted_by_failed_at ... ok
test circuit_breaker::failure_window::tests::proptests::expired_entries_always_evicted_after_unique_failures_call ... ok
test write_class::write_class_tests::error_taxonomy_not_initialized_displays_message ... ok
test write_class::proptest_write_class_invariants::write_class_as_str_roundtrips_through_from_str ... ok
test write_class::proptest_write_class_invariants::write_budget_can_write_and_reserve_are_consistent ... ok
test write_class::proptest_write_class_invariants::write_budget_reserve_never_produces_negative_remaining ... ok
test upcaster::error_tests::upcaster_error_circular_chain_message_contains_version ... ok
test write_class::write_class_tests::taxonomy_returns_not_initialized_error_when_accessed_before_init ... ok
test write_class::write_class_tests::write_class_returns_tier_1_when_critical_control_plane ... ok
test write_class::write_class_tests::write_budget_can_write_returns_false_when_over_limit ... ok
test write_class::proptest_write_class_invariants::write_class_tier_always_returns_1_2_or_3 ... ok
test write_class::proptest_write_class_invariants::write_class_never_drops_true_only_for_critical_control_plane ... ok
test write_class::proptest_write_class_invariants::write_class_json_roundtrip_preserves_variant ... ok
test circuit_breaker::failure_window::tests::proptests::duplicate_hashes_never_double_count ... ok
test debounce::proptests::debouncer_new_handles_any_positive_duration ... ok

failures:

---- admission::check_tests::check_admission_boundary_writer_exactly_at_threshold stdout ----

thread 'admission::check_tests::check_admission_boundary_writer_exactly_at_threshold' (343547) panicked at crates/vo-core/src/admission/check_tests.rs:536:5:
assertion `left == right` failed
  left: Err(WriterQueueDepthExceeded { current_depth: 100, threshold: 100 })
 right: Ok(())
note: run with `RUST_BACKTRACE=1` environment variable to display a backtrace

---- admission::check_tests::check_admission_returns_ok_at_exact_threshold stdout ----

thread 'admission::check_tests::check_admission_returns_ok_at_exact_threshold' (343564) panicked at crates/vo-core/src/admission/check_tests.rs:47:5:
assertion `left == right` failed
  left: Err(WriterQueueDepthExceeded { current_depth: 100, threshold: 100 })
 right: Ok(())

---- admission::check_tests::check_admission_with_zero_thresholds_accepts_zero_values stdout ----

thread 'admission::check_tests::check_admission_with_zero_thresholds_accepts_zero_values' (343576) panicked at crates/vo-core/src/admission/check_tests.rs:426:5:
assertion `left == right` failed
  left: Err(WriterQueueDepthExceeded { current_depth: 0, threshold: 0 })
 right: Ok(())


failures:
    admission::check_tests::check_admission_boundary_writer_exactly_at_threshold
    admission::check_tests::check_admission_returns_ok_at_exact_threshold
    admission::check_tests::check_admission_with_zero_thresholds_accepts_zero_values

test result: FAILED. 292 passed; 3 failed; 0 ignored; 0 measured; 0 filtered out; finished in 0.05s

error: test failed, to rerun pass `-p vo-core --lib`

*** result: Failure(101)
