
*** crates/vo-types/src/compensation.rs:155:9: replace CompensationRecord::policy -> crate::effects::CompensationPolicy with Default::default()

*** mutation diff:
--- crates/vo-types/src/compensation.rs
+++ replace CompensationRecord::policy -> crate::effects::CompensationPolicy with Default::default()
@@ -147,17 +147,17 @@
 
     #[must_use]
     pub fn effect_id(&self) -> &str {
         &self.effect_id
     }
 
     #[must_use]
     pub fn policy(&self) -> crate::effects::CompensationPolicy {
-        self.policy
+        Default::default() /* ~ changed by cargo-mutants ~ */
     }
 
     #[must_use]
     pub fn status(&self) -> CompensationStatus {
         self.status
     }
 
     #[must_use]


*** /home/lewis/.rustup/toolchains/nightly-x86_64-unknown-linux-gnu/bin/cargo check --tests --verbose --package=vo-types@0.1.0
       Fresh unicode-ident v1.0.24
       Fresh proc-macro2 v1.0.106
       Fresh futures-sink v0.3.32
       Fresh futures-core v0.3.32
       Fresh memchr v2.8.0
       Fresh semver v1.0.27
       Fresh regex-syntax v0.8.10
       Fresh pin-project-lite v0.2.17
       Fresh futures-task v0.3.32
       Fresh futures-io v0.3.32
       Fresh slab v0.4.12
       Fresh cfg-if v1.0.4
       Fresh sha1_smol v1.0.1
       Fresh glob v0.3.3
       Fresh itoa v1.0.18
       Fresh relative-path v1.9.3
       Fresh futures-timer v3.0.3
       Fresh rustc_version v0.4.1
       Fresh aho-corasick v1.1.4
       Fresh futures-channel v0.3.32
       Fresh quote v1.0.45
       Fresh libc v0.2.183
       Fresh zerocopy v0.8.47
       Fresh serde_core v1.0.228
       Fresh regex-automata v0.4.14
       Fresh zmij v1.0.21
       Fresh syn v2.0.117
       Fresh getrandom v0.3.4
       Fresh ppv-lite86 v0.2.21
       Fresh regex v1.12.3
       Fresh getrandom v0.4.2
       Fresh serde_json v1.0.149
       Fresh futures-macro v0.3.32
       Fresh rand_core v0.9.5
       Fresh thiserror-impl v1.0.69
       Fresh serde_derive v1.0.228
       Fresh rstest_macros v0.18.2
       Fresh uuid v1.23.0
       Fresh futures-util v0.3.32
       Fresh rand_chacha v0.9.0
       Fresh thiserror v1.0.69
       Fresh serde v1.0.228
       Fresh rand v0.9.2
       Fresh futures-executor v0.3.32
       Fresh futures v0.3.32
       Fresh ulid v1.2.1
       Fresh rstest v0.18.2
       Dirty vo-types v0.1.0 (/tmp/cargo-mutants-veloxide-hkvfld.tmp/crates/vo-types): the file `crates/vo-types/src/compensation.rs` has changed (1775391157.246338747s, 1s after last build at 1775391156.636558880s)
    Checking vo-types v0.1.0 (/tmp/cargo-mutants-veloxide-hkvfld.tmp/crates/vo-types)
     Running `sccache /home/lewis/.rustup/toolchains/nightly-x86_64-unknown-linux-gnu/bin/rustc --crate-name vo_types --edition=2021 crates/vo-types/src/lib.rs --error-format=json --json=diagnostic-rendered-ansi,artifacts,future-incompat --emit=dep-info,metadata -C embed-bitcode=no -C debuginfo=2 --warn=unexpected_cfgs --check-cfg 'cfg(kani)' --test --check-cfg 'cfg(docsrs,test)' --check-cfg 'cfg(feature, values("proptest"))' -C metadata=17d14cf83508e2de -C extra-filename=-875c2fc64f09ff89 --out-dir /tmp/cargo-mutants-veloxide-hkvfld.tmp/target/debug/deps -C incremental=/tmp/cargo-mutants-veloxide-hkvfld.tmp/target/debug/incremental -L dependency=/tmp/cargo-mutants-veloxide-hkvfld.tmp/target/debug/deps --extern rstest=/tmp/cargo-mutants-veloxide-hkvfld.tmp/target/debug/deps/librstest-6a236d699b2d275d.rmeta --extern serde=/tmp/cargo-mutants-veloxide-hkvfld.tmp/target/debug/deps/libserde-49241a3c7c945708.rmeta --extern serde_json=/tmp/cargo-mutants-veloxide-hkvfld.tmp/target/debug/deps/libserde_json-3680fc2c5db64e10.rmeta --extern thiserror=/tmp/cargo-mutants-veloxide-hkvfld.tmp/target/debug/deps/libthiserror-b5bacac9152b9590.rmeta --extern ulid=/tmp/cargo-mutants-veloxide-hkvfld.tmp/target/debug/deps/libulid-e76f44f0dc300a2a.rmeta --extern uuid=/tmp/cargo-mutants-veloxide-hkvfld.tmp/target/debug/deps/libuuid-3f560604cfd7ea63.rmeta`
     Running `sccache /home/lewis/.rustup/toolchains/nightly-x86_64-unknown-linux-gnu/bin/rustc --crate-name vo_types --edition=2021 crates/vo-types/src/lib.rs --error-format=json --json=diagnostic-rendered-ansi,artifacts,future-incompat --crate-type lib --emit=dep-info,metadata -C embed-bitcode=no -C debuginfo=2 --warn=unexpected_cfgs --check-cfg 'cfg(kani)' --check-cfg 'cfg(docsrs,test)' --check-cfg 'cfg(feature, values("proptest"))' -C metadata=872d9fe1017c4b16 -C extra-filename=-452384ee80b7be0b --out-dir /tmp/cargo-mutants-veloxide-hkvfld.tmp/target/debug/deps -C incremental=/tmp/cargo-mutants-veloxide-hkvfld.tmp/target/debug/incremental -L dependency=/tmp/cargo-mutants-veloxide-hkvfld.tmp/target/debug/deps --extern serde=/tmp/cargo-mutants-veloxide-hkvfld.tmp/target/debug/deps/libserde-49241a3c7c945708.rmeta --extern serde_json=/tmp/cargo-mutants-veloxide-hkvfld.tmp/target/debug/deps/libserde_json-3680fc2c5db64e10.rmeta --extern thiserror=/tmp/cargo-mutants-veloxide-hkvfld.tmp/target/debug/deps/libthiserror-b5bacac9152b9590.rmeta --extern ulid=/tmp/cargo-mutants-veloxide-hkvfld.tmp/target/debug/deps/libulid-e76f44f0dc300a2a.rmeta --extern uuid=/tmp/cargo-mutants-veloxide-hkvfld.tmp/target/debug/deps/libuuid-3f560604cfd7ea63.rmeta`
error[E0277]: the trait bound `CompensationPolicy: Default` is not satisfied
   --> crates/vo-types/src/compensation.rs:155:9
    |
155 |         Default::default() /* ~ changed by cargo-mutants ~ */
    |         ^^^^^^^^^^^^^^^^^^ the trait `Default` is not implemented for `CompensationPolicy`
    |
help: consider annotating `CompensationPolicy` with `#[derive(Default)]`
   --> crates/vo-types/src/effects.rs:40:1
    |
 40 + #[derive(Default)]
 41 | pub enum CompensationPolicy {
    |

For more information about this error, try `rustc --explain E0277`.
error: could not compile `vo-types` (lib) due to 1 previous error

Caused by:
  process didn't exit successfully: `sccache /home/lewis/.rustup/toolchains/nightly-x86_64-unknown-linux-gnu/bin/rustc --crate-name vo_types --edition=2021 crates/vo-types/src/lib.rs --error-format=json --json=diagnostic-rendered-ansi,artifacts,future-incompat --crate-type lib --emit=dep-info,metadata -C embed-bitcode=no -C debuginfo=2 --warn=unexpected_cfgs --check-cfg 'cfg(kani)' --check-cfg 'cfg(docsrs,test)' --check-cfg 'cfg(feature, values("proptest"))' -C metadata=872d9fe1017c4b16 -C extra-filename=-452384ee80b7be0b --out-dir /tmp/cargo-mutants-veloxide-hkvfld.tmp/target/debug/deps -C incremental=/tmp/cargo-mutants-veloxide-hkvfld.tmp/target/debug/incremental -L dependency=/tmp/cargo-mutants-veloxide-hkvfld.tmp/target/debug/deps --extern serde=/tmp/cargo-mutants-veloxide-hkvfld.tmp/target/debug/deps/libserde-49241a3c7c945708.rmeta --extern serde_json=/tmp/cargo-mutants-veloxide-hkvfld.tmp/target/debug/deps/libserde_json-3680fc2c5db64e10.rmeta --extern thiserror=/tmp/cargo-mutants-veloxide-hkvfld.tmp/target/debug/deps/libthiserror-b5bacac9152b9590.rmeta --extern ulid=/tmp/cargo-mutants-veloxide-hkvfld.tmp/target/debug/deps/libulid-e76f44f0dc300a2a.rmeta --extern uuid=/tmp/cargo-mutants-veloxide-hkvfld.tmp/target/debug/deps/libuuid-3f560604cfd7ea63.rmeta` (exit status: 1)
warning: build failed, waiting for other jobs to finish...
error[E0277]: the trait bound `effects::CompensationPolicy: Default` is not satisfied
   --> crates/vo-types/src/compensation.rs:155:9
    |
155 |         Default::default() /* ~ changed by cargo-mutants ~ */
    |         ^^^^^^^^^^^^^^^^^^ the trait `Default` is not implemented for `effects::CompensationPolicy`
    |
help: consider annotating `effects::CompensationPolicy` with `#[derive(Default)]`
   --> crates/vo-types/src/effects.rs:40:1
    |
 40 + #[derive(Default)]
 41 | pub enum CompensationPolicy {
    |

error: could not compile `vo-types` (lib test) due to 1 previous error

Caused by:
  process didn't exit successfully: `sccache /home/lewis/.rustup/toolchains/nightly-x86_64-unknown-linux-gnu/bin/rustc --crate-name vo_types --edition=2021 crates/vo-types/src/lib.rs --error-format=json --json=diagnostic-rendered-ansi,artifacts,future-incompat --emit=dep-info,metadata -C embed-bitcode=no -C debuginfo=2 --warn=unexpected_cfgs --check-cfg 'cfg(kani)' --test --check-cfg 'cfg(docsrs,test)' --check-cfg 'cfg(feature, values("proptest"))' -C metadata=17d14cf83508e2de -C extra-filename=-875c2fc64f09ff89 --out-dir /tmp/cargo-mutants-veloxide-hkvfld.tmp/target/debug/deps -C incremental=/tmp/cargo-mutants-veloxide-hkvfld.tmp/target/debug/incremental -L dependency=/tmp/cargo-mutants-veloxide-hkvfld.tmp/target/debug/deps --extern rstest=/tmp/cargo-mutants-veloxide-hkvfld.tmp/target/debug/deps/librstest-6a236d699b2d275d.rmeta --extern serde=/tmp/cargo-mutants-veloxide-hkvfld.tmp/target/debug/deps/libserde-49241a3c7c945708.rmeta --extern serde_json=/tmp/cargo-mutants-veloxide-hkvfld.tmp/target/debug/deps/libserde_json-3680fc2c5db64e10.rmeta --extern thiserror=/tmp/cargo-mutants-veloxide-hkvfld.tmp/target/debug/deps/libthiserror-b5bacac9152b9590.rmeta --extern ulid=/tmp/cargo-mutants-veloxide-hkvfld.tmp/target/debug/deps/libulid-e76f44f0dc300a2a.rmeta --extern uuid=/tmp/cargo-mutants-veloxide-hkvfld.tmp/target/debug/deps/libuuid-3f560604cfd7ea63.rmeta` (exit status: 1)

*** result: Failure(101)
