
*** crates/vo-executor/src/lib.rs:358:5: replace check_step_exists -> Result<StepBehavior, ExecuteNodeError> with Ok(Default::default())

*** mutation diff:
--- crates/vo-executor/src/lib.rs
+++ replace check_step_exists -> Result<StepBehavior, ExecuteNodeError> with Ok(Default::default())
@@ -350,23 +350,17 @@
             from_state: "Executing".to_string(),
             action: "execute_step".to_string(),
         });
     }
     Ok(())
 }
 
 fn check_step_exists(step_id: &StepId) -> Result<StepBehavior, ExecuteNodeError> {
-    let behavior = step_behavior(step_id.as_str());
-    if matches!(behavior, StepBehavior::NotFound) {
-        return Err(ExecuteNodeError::StepNotFound {
-            step_id: step_id.clone(),
-        });
-    }
-    Ok(behavior)
+    Ok(Default::default()) /* ~ changed by cargo-mutants ~ */
 }
 
 fn start_execution(step_id: &StepId) {
     let start_time = Instant::now();
     set_state(
         step_id.as_str(),
         StepState::Executing {
             step_id: step_id.clone(),


*** /home/lewis/.rustup/toolchains/nightly-x86_64-unknown-linux-gnu/bin/cargo test --no-run --verbose --package=vo-executor@0.1.0
       Fresh cfg-if v1.0.4
       Fresh unicode-ident v1.0.24
       Fresh smallvec v1.15.1
       Fresh once_cell v1.21.4
       Fresh scopeguard v1.2.0
       Fresh bitflags v2.11.0
       Fresh linux-raw-sys v0.12.1
       Fresh autocfg v1.5.0
       Fresh fastrand v2.3.0
       Fresh pin-project-lite v0.2.17
       Fresh quick-error v1.2.3
       Fresh fnv v1.0.7
       Fresh bytes v1.11.1
       Fresh bit-vec v0.8.0
       Fresh hashbrown v0.14.5
       Fresh unarray v0.1.4
       Fresh itoa v1.0.18
       Fresh regex-syntax v0.8.10
       Fresh memchr v2.8.0
       Fresh libc v0.2.183
       Fresh lock_api v0.4.14
       Fresh bit-set v0.8.0
       Fresh proc-macro2 v1.0.106
       Fresh getrandom v0.3.4
       Fresh parking_lot_core v0.9.12
       Fresh errno v0.3.14
       Fresh serde_core v1.0.228
       Fresh rustix v1.1.4
       Fresh getrandom v0.4.2
       Fresh zerocopy v0.8.47
       Fresh socket2 v0.6.3
       Fresh mio v1.2.0
       Fresh wait-timeout v0.2.1
       Fresh crossbeam-utils v0.8.21
       Fresh zmij v1.0.21
       Fresh quote v1.0.45
       Fresh rand_core v0.9.5
       Fresh parking_lot v0.12.5
       Fresh ppv-lite86 v0.2.21
       Fresh tempfile v3.27.0
       Fresh signal-hook-registry v1.4.8
       Fresh num-traits v0.2.19
       Fresh dashmap v6.1.0
       Fresh serde_json v1.0.149
       Fresh syn v2.0.117
       Fresh rand_xorshift v0.4.0
       Fresh rand v0.9.2
       Fresh rand_chacha v0.9.0
       Fresh rusty-fork v0.3.1
       Fresh serde_derive v1.0.228
       Fresh thiserror-impl v1.0.69
       Fresh tokio-macros v2.6.1
       Fresh proptest v1.11.0
       Fresh thiserror v1.0.69
       Fresh tokio v1.50.0
       Fresh serde v1.0.228
       Dirty vo-executor v0.1.0 (/tmp/cargo-mutants-veloxide-lD1dnE.tmp/crates/vo-executor): the file `crates/vo-executor/src/lib.rs` has changed (1775366240.288272611s, 1s after last build at 1775366239.436255953s)
   Compiling vo-executor v0.1.0 (/tmp/cargo-mutants-veloxide-lD1dnE.tmp/crates/vo-executor)
     Running `sccache /home/lewis/.rustup/toolchains/nightly-x86_64-unknown-linux-gnu/bin/rustc --crate-name vo_executor --edition=2021 crates/vo-executor/src/lib.rs --error-format=json --json=diagnostic-rendered-ansi,artifacts,future-incompat --emit=dep-info,link -C embed-bitcode=no -C debuginfo=2 --test --check-cfg 'cfg(docsrs,test)' --check-cfg 'cfg(feature, values())' -C metadata=99d9d14597389dd3 -C extra-filename=-89a82915341cc837 --out-dir /tmp/cargo-mutants-veloxide-lD1dnE.tmp/target/debug/deps -C incremental=/tmp/cargo-mutants-veloxide-lD1dnE.tmp/target/debug/incremental -L dependency=/tmp/cargo-mutants-veloxide-lD1dnE.tmp/target/debug/deps --extern dashmap=/tmp/cargo-mutants-veloxide-lD1dnE.tmp/target/debug/deps/libdashmap-e36d576a90134ef4.rlib --extern proptest=/tmp/cargo-mutants-veloxide-lD1dnE.tmp/target/debug/deps/libproptest-aec12d5eb058f8fe.rlib --extern serde=/tmp/cargo-mutants-veloxide-lD1dnE.tmp/target/debug/deps/libserde-19948d952cd4942b.rlib --extern serde_json=/tmp/cargo-mutants-veloxide-lD1dnE.tmp/target/debug/deps/libserde_json-f90686df57d7c4a6.rlib --extern thiserror=/tmp/cargo-mutants-veloxide-lD1dnE.tmp/target/debug/deps/libthiserror-df4a5b796341e916.rlib --extern tokio=/tmp/cargo-mutants-veloxide-lD1dnE.tmp/target/debug/deps/libtokio-da6bb745549c0aa6.rlib`
     Running `sccache /home/lewis/.rustup/toolchains/nightly-x86_64-unknown-linux-gnu/bin/rustc --crate-name vo_executor --edition=2021 crates/vo-executor/src/lib.rs --error-format=json --json=diagnostic-rendered-ansi,artifacts,future-incompat --crate-type lib --emit=dep-info,metadata,link -C embed-bitcode=no -C debuginfo=2 --check-cfg 'cfg(docsrs,test)' --check-cfg 'cfg(feature, values())' -C metadata=3902da75fd01f014 -C extra-filename=-c12ed10a4bf0b4cb --out-dir /tmp/cargo-mutants-veloxide-lD1dnE.tmp/target/debug/deps -C incremental=/tmp/cargo-mutants-veloxide-lD1dnE.tmp/target/debug/incremental -L dependency=/tmp/cargo-mutants-veloxide-lD1dnE.tmp/target/debug/deps --extern dashmap=/tmp/cargo-mutants-veloxide-lD1dnE.tmp/target/debug/deps/libdashmap-e36d576a90134ef4.rmeta --extern serde=/tmp/cargo-mutants-veloxide-lD1dnE.tmp/target/debug/deps/libserde-19948d952cd4942b.rmeta --extern thiserror=/tmp/cargo-mutants-veloxide-lD1dnE.tmp/target/debug/deps/libthiserror-df4a5b796341e916.rmeta --extern tokio=/tmp/cargo-mutants-veloxide-lD1dnE.tmp/target/debug/deps/libtokio-da6bb745549c0aa6.rmeta`
error[E0277]: the trait bound `StepBehavior: Default` is not satisfied
   --> crates/vo-executor/src/lib.rs:358:8
    |
358 |     Ok(Default::default()) /* ~ changed by cargo-mutants ~ */
    |        ^^^^^^^^^^^^^^^^^^ the trait `Default` is not implemented for `StepBehavior`
    |
help: consider annotating `StepBehavior` with `#[derive(Default)]`
    |
298 + #[derive(Default)]
299 | enum StepBehavior {
    |

For more information about this error, try `rustc --explain E0277`.
error: could not compile `vo-executor` (lib) due to 1 previous error

Caused by:
  process didn't exit successfully: `sccache /home/lewis/.rustup/toolchains/nightly-x86_64-unknown-linux-gnu/bin/rustc --crate-name vo_executor --edition=2021 crates/vo-executor/src/lib.rs --error-format=json --json=diagnostic-rendered-ansi,artifacts,future-incompat --crate-type lib --emit=dep-info,metadata,link -C embed-bitcode=no -C debuginfo=2 --check-cfg 'cfg(docsrs,test)' --check-cfg 'cfg(feature, values())' -C metadata=3902da75fd01f014 -C extra-filename=-c12ed10a4bf0b4cb --out-dir /tmp/cargo-mutants-veloxide-lD1dnE.tmp/target/debug/deps -C incremental=/tmp/cargo-mutants-veloxide-lD1dnE.tmp/target/debug/incremental -L dependency=/tmp/cargo-mutants-veloxide-lD1dnE.tmp/target/debug/deps --extern dashmap=/tmp/cargo-mutants-veloxide-lD1dnE.tmp/target/debug/deps/libdashmap-e36d576a90134ef4.rmeta --extern serde=/tmp/cargo-mutants-veloxide-lD1dnE.tmp/target/debug/deps/libserde-19948d952cd4942b.rmeta --extern thiserror=/tmp/cargo-mutants-veloxide-lD1dnE.tmp/target/debug/deps/libthiserror-df4a5b796341e916.rmeta --extern tokio=/tmp/cargo-mutants-veloxide-lD1dnE.tmp/target/debug/deps/libtokio-da6bb745549c0aa6.rmeta` (exit status: 1)
warning: build failed, waiting for other jobs to finish...
error: could not compile `vo-executor` (lib test) due to 1 previous error

Caused by:
  process didn't exit successfully: `sccache /home/lewis/.rustup/toolchains/nightly-x86_64-unknown-linux-gnu/bin/rustc --crate-name vo_executor --edition=2021 crates/vo-executor/src/lib.rs --error-format=json --json=diagnostic-rendered-ansi,artifacts,future-incompat --emit=dep-info,link -C embed-bitcode=no -C debuginfo=2 --test --check-cfg 'cfg(docsrs,test)' --check-cfg 'cfg(feature, values())' -C metadata=99d9d14597389dd3 -C extra-filename=-89a82915341cc837 --out-dir /tmp/cargo-mutants-veloxide-lD1dnE.tmp/target/debug/deps -C incremental=/tmp/cargo-mutants-veloxide-lD1dnE.tmp/target/debug/incremental -L dependency=/tmp/cargo-mutants-veloxide-lD1dnE.tmp/target/debug/deps --extern dashmap=/tmp/cargo-mutants-veloxide-lD1dnE.tmp/target/debug/deps/libdashmap-e36d576a90134ef4.rlib --extern proptest=/tmp/cargo-mutants-veloxide-lD1dnE.tmp/target/debug/deps/libproptest-aec12d5eb058f8fe.rlib --extern serde=/tmp/cargo-mutants-veloxide-lD1dnE.tmp/target/debug/deps/libserde-19948d952cd4942b.rlib --extern serde_json=/tmp/cargo-mutants-veloxide-lD1dnE.tmp/target/debug/deps/libserde_json-f90686df57d7c4a6.rlib --extern thiserror=/tmp/cargo-mutants-veloxide-lD1dnE.tmp/target/debug/deps/libthiserror-df4a5b796341e916.rlib --extern tokio=/tmp/cargo-mutants-veloxide-lD1dnE.tmp/target/debug/deps/libtokio-da6bb745549c0aa6.rlib` (exit status: 1)

*** result: Failure(101)
