
*** crates/vo-storage/src/snapshots/mod.rs:42:5: replace snapshot_load_latest -> Result<Option<(u64, InstanceState)>, StorageError> with Ok(Some((0, Default::default())))

*** mutation diff:
--- crates/vo-storage/src/snapshots/mod.rs
+++ replace snapshot_load_latest -> Result<Option<(u64, InstanceState)>, StorageError> with Ok(Some((0, Default::default())))
@@ -34,34 +34,17 @@
 /// Returns `StorageError::CorruptKey` if the instance ID cannot be serialized.
 /// Returns `StorageError::FjallError` if the storage engine fails.
 /// Returns `StorageError::InvalidKey` if a stored key is not exactly 24 bytes.
 /// Returns `StorageError::DeserializationFailed` if the stored value is not valid JSON.
 pub fn snapshot_load_latest(
     partition: &PartitionHandle,
     instance_id: &InstanceId,
 ) -> Result<Option<(u64, InstanceState)>, StorageError> {
-    let prefix = instance_id
-        .to_bytes()
-        .map_err(|_| StorageError::CorruptKey)?;
-
-    partition
-        .prefix(&prefix)
-        .next_back()
-        .map_or(Ok(None), |result| {
-            result
-                .map_err(|_| StorageError::FjallError)
-                .and_then(|(key, value)| {
-                    decode_snapshot_key(&key).and_then(|(_, sequence)| {
-                        serde_json::from_slice(&value)
-                            .map_err(|_| StorageError::DeserializationFailed)
-                            .map(|state| Some((sequence, state)))
-                    })
-                })
-        })
+    Ok(Some((0, Default::default()))) /* ~ changed by cargo-mutants ~ */
 }
 
 /// Encodes an `(InstanceId, u64)` pair into a 24-byte snapshot key.
 ///
 /// Layout: `[instance_id_16_bytes | sequence_u64_be_8_bytes]`.
 ///
 /// # Errors
 ///


*** /home/lewis/.rustup/toolchains/nightly-x86_64-unknown-linux-gnu/bin/cargo test --no-run --verbose --package=vo-storage@0.1.0
       Fresh cfg-if v1.0.4
       Fresh unicode-ident v1.0.24
       Fresh once_cell v1.21.4
       Fresh linux-raw-sys v0.12.1
       Fresh bitflags v2.11.0
       Fresh fastrand v2.3.0
       Fresh compare v0.0.6
       Fresh memchr v2.8.0
       Fresh futures-core v0.3.32
       Fresh futures-sink v0.3.32
       Fresh regex-syntax v0.8.10
       Fresh semver v1.0.27
       Fresh xxhash-rust v0.8.15
       Fresh smallvec v1.15.1
       Fresh log v0.4.29
       Fresh hashbrown v0.16.1
       Fresh equivalent v1.0.2
       Fresh futures-io v0.3.32
       Fresh autocfg v1.5.0
       Fresh pin-project-lite v0.2.17
       Fresh byteorder v1.5.0
       Fresh libc v0.2.183
       Fresh path-dedot v3.1.1
       Fresh interval-heap v0.0.5
       Fresh rustc_version v0.4.1
       Fresh aho-corasick v1.1.4
       Fresh futures-channel v0.3.32
       Fresh futures-task v0.3.32
       Fresh slab v0.4.12
       Fresh scopeguard v1.2.0
       Fresh varint-rs v2.2.0
       Fresh rustc-hash v2.1.2
       Fresh byteview v0.6.1
       Fresh quick_cache v0.6.21
       Fresh self_cell v1.2.2
       Fresh double-ended-peekable v0.1.0
       Fresh itoa v1.0.18
       Fresh lz4_flex v0.11.6
       Fresh sha1_smol v1.0.1
       Fresh guardian v1.3.0
       Fresh proc-macro2 v1.0.106
       Fresh getrandom v0.4.2
       Fresh getrandom v0.3.4
       Fresh zerocopy v0.8.47
       Fresh rustix v1.1.4
       Fresh crossbeam-utils v0.8.21
       Fresh serde_core v1.0.228
       Fresh path-absolutize v3.1.1
       Fresh lock_api v0.4.14
       Fresh parking_lot_core v0.9.12
       Fresh regex-automata v0.4.14
       Fresh zmij v1.0.21
       Fresh hashbrown v0.14.5
       Fresh wait-timeout v0.2.1
       Fresh quick-error v1.2.3
       Fresh bit-vec v0.8.0
       Fresh fnv v1.0.7
       Fresh relative-path v1.9.3
       Fresh std-semaphore v0.1.0
       Fresh glob v0.3.3
       Fresh futures-timer v3.0.3
       Fresh unarray v0.1.4
       Fresh quote v1.0.45
       Fresh rand_core v0.9.5
       Fresh ppv-lite86 v0.2.21
       Fresh tempfile v3.27.0
       Fresh crossbeam-epoch v0.9.18
       Fresh dashmap v6.1.0
       Fresh regex v1.12.3
       Fresh serde_json v1.0.149
       Fresh uuid v1.23.0
       Fresh num-traits v0.2.19
       Fresh bit-set v0.8.0
       Fresh syn v2.0.117
       Fresh rand_chacha v0.9.0
       Fresh crossbeam-skiplist v0.1.3
       Fresh value-log v1.9.0
       Fresh rusty-fork v0.3.1
       Fresh rand_xorshift v0.4.0
       Fresh rand v0.9.2
       Fresh futures-macro v0.3.32
       Fresh enum_dispatch v0.3.13
       Fresh thiserror-impl v1.0.69
       Fresh serde_derive v1.0.228
       Fresh rstest_macros v0.18.2
       Fresh futures-util v0.3.32
       Fresh thiserror v1.0.69
       Fresh serde v1.0.228
       Fresh lsm-tree v2.10.4
       Fresh ulid v1.2.1
       Fresh proptest v1.11.0
       Fresh futures-executor v0.3.32
       Fresh vo-types v0.1.0 (/tmp/cargo-mutants-veloxide-99LfjB.tmp/crates/vo-types)
       Fresh fjall v2.11.2
       Fresh futures v0.3.32
       Dirty vo-storage v0.1.0 (/tmp/cargo-mutants-veloxide-99LfjB.tmp/crates/vo-storage): the file `crates/vo-storage/src/snapshots/mod.rs` has changed (1775343530.245765777s, 1s after last build at 1775343529.389749290s)
   Compiling vo-storage v0.1.0 (/tmp/cargo-mutants-veloxide-99LfjB.tmp/crates/vo-storage)
       Fresh rstest v0.18.2
     Running `sccache /home/lewis/.rustup/toolchains/nightly-x86_64-unknown-linux-gnu/bin/rustc --crate-name vo_storage --edition=2021 crates/vo-storage/src/lib.rs --error-format=json --json=diagnostic-rendered-ansi,artifacts,future-incompat --emit=dep-info,link -C embed-bitcode=no -C debuginfo=2 --warn=unexpected_cfgs --check-cfg 'cfg(kani)' --check-cfg 'cfg(feature, values("proptest"))' --test --check-cfg 'cfg(docsrs,test)' --check-cfg 'cfg(feature, values("proptest"))' -C metadata=0160923efe8bc4f1 -C extra-filename=-658380d8969051b2 --out-dir /tmp/cargo-mutants-veloxide-99LfjB.tmp/target/debug/deps -C incremental=/tmp/cargo-mutants-veloxide-99LfjB.tmp/target/debug/incremental -L dependency=/tmp/cargo-mutants-veloxide-99LfjB.tmp/target/debug/deps --extern fjall=/tmp/cargo-mutants-veloxide-99LfjB.tmp/target/debug/deps/libfjall-abfe8d737f32f68d.rlib --extern proptest=/tmp/cargo-mutants-veloxide-99LfjB.tmp/target/debug/deps/libproptest-216a766c56ac4476.rlib --extern rstest=/tmp/cargo-mutants-veloxide-99LfjB.tmp/target/debug/deps/librstest-ce971fceb7271210.rlib --extern serde=/tmp/cargo-mutants-veloxide-99LfjB.tmp/target/debug/deps/libserde-65225f6523a3f7e1.rlib --extern serde_json=/tmp/cargo-mutants-veloxide-99LfjB.tmp/target/debug/deps/libserde_json-74f26af1301414df.rlib --extern tempfile=/tmp/cargo-mutants-veloxide-99LfjB.tmp/target/debug/deps/libtempfile-8ce133578a770185.rlib --extern thiserror=/tmp/cargo-mutants-veloxide-99LfjB.tmp/target/debug/deps/libthiserror-0f760a551262ab92.rlib --extern ulid=/tmp/cargo-mutants-veloxide-99LfjB.tmp/target/debug/deps/libulid-76e66df51ef33b17.rlib --extern vo_types=/tmp/cargo-mutants-veloxide-99LfjB.tmp/target/debug/deps/libvo_types-cb83cbd4b68501ac.rlib`
     Running `sccache /home/lewis/.rustup/toolchains/nightly-x86_64-unknown-linux-gnu/bin/rustc --crate-name vo_storage --edition=2021 crates/vo-storage/src/lib.rs --error-format=json --json=diagnostic-rendered-ansi,artifacts,future-incompat --crate-type lib --emit=dep-info,metadata,link -C embed-bitcode=no -C debuginfo=2 --warn=unexpected_cfgs --check-cfg 'cfg(kani)' --check-cfg 'cfg(feature, values("proptest"))' --check-cfg 'cfg(docsrs,test)' --check-cfg 'cfg(feature, values("proptest"))' -C metadata=c6dd14474b4ca5c1 -C extra-filename=-069610b2624a88b4 --out-dir /tmp/cargo-mutants-veloxide-99LfjB.tmp/target/debug/deps -C incremental=/tmp/cargo-mutants-veloxide-99LfjB.tmp/target/debug/incremental -L dependency=/tmp/cargo-mutants-veloxide-99LfjB.tmp/target/debug/deps --extern fjall=/tmp/cargo-mutants-veloxide-99LfjB.tmp/target/debug/deps/libfjall-abfe8d737f32f68d.rmeta --extern serde=/tmp/cargo-mutants-veloxide-99LfjB.tmp/target/debug/deps/libserde-65225f6523a3f7e1.rmeta --extern serde_json=/tmp/cargo-mutants-veloxide-99LfjB.tmp/target/debug/deps/libserde_json-74f26af1301414df.rmeta --extern vo_types=/tmp/cargo-mutants-veloxide-99LfjB.tmp/target/debug/deps/libvo_types-cb83cbd4b68501ac.rmeta`
error[E0277]: the trait bound `InstanceState: Default` is not satisfied
  --> crates/vo-storage/src/snapshots/mod.rs:42:17
   |
42 |     Ok(Some((0, Default::default()))) /* ~ changed by cargo-mutants ~ */
   |                 ^^^^^^^^^^^^^^^^^^ the trait `Default` is not implemented for `InstanceState`

For more information about this error, try `rustc --explain E0277`.
error: could not compile `vo-storage` (lib) due to 1 previous error

Caused by:
  process didn't exit successfully: `sccache /home/lewis/.rustup/toolchains/nightly-x86_64-unknown-linux-gnu/bin/rustc --crate-name vo_storage --edition=2021 crates/vo-storage/src/lib.rs --error-format=json --json=diagnostic-rendered-ansi,artifacts,future-incompat --crate-type lib --emit=dep-info,metadata,link -C embed-bitcode=no -C debuginfo=2 --warn=unexpected_cfgs --check-cfg 'cfg(kani)' --check-cfg 'cfg(feature, values("proptest"))' --check-cfg 'cfg(docsrs,test)' --check-cfg 'cfg(feature, values("proptest"))' -C metadata=c6dd14474b4ca5c1 -C extra-filename=-069610b2624a88b4 --out-dir /tmp/cargo-mutants-veloxide-99LfjB.tmp/target/debug/deps -C incremental=/tmp/cargo-mutants-veloxide-99LfjB.tmp/target/debug/incremental -L dependency=/tmp/cargo-mutants-veloxide-99LfjB.tmp/target/debug/deps --extern fjall=/tmp/cargo-mutants-veloxide-99LfjB.tmp/target/debug/deps/libfjall-abfe8d737f32f68d.rmeta --extern serde=/tmp/cargo-mutants-veloxide-99LfjB.tmp/target/debug/deps/libserde-65225f6523a3f7e1.rmeta --extern serde_json=/tmp/cargo-mutants-veloxide-99LfjB.tmp/target/debug/deps/libserde_json-74f26af1301414df.rmeta --extern vo_types=/tmp/cargo-mutants-veloxide-99LfjB.tmp/target/debug/deps/libvo_types-cb83cbd4b68501ac.rmeta` (exit status: 1)
warning: build failed, waiting for other jobs to finish...
error: could not compile `vo-storage` (lib test) due to 1 previous error

Caused by:
  process didn't exit successfully: `sccache /home/lewis/.rustup/toolchains/nightly-x86_64-unknown-linux-gnu/bin/rustc --crate-name vo_storage --edition=2021 crates/vo-storage/src/lib.rs --error-format=json --json=diagnostic-rendered-ansi,artifacts,future-incompat --emit=dep-info,link -C embed-bitcode=no -C debuginfo=2 --warn=unexpected_cfgs --check-cfg 'cfg(kani)' --check-cfg 'cfg(feature, values("proptest"))' --test --check-cfg 'cfg(docsrs,test)' --check-cfg 'cfg(feature, values("proptest"))' -C metadata=0160923efe8bc4f1 -C extra-filename=-658380d8969051b2 --out-dir /tmp/cargo-mutants-veloxide-99LfjB.tmp/target/debug/deps -C incremental=/tmp/cargo-mutants-veloxide-99LfjB.tmp/target/debug/incremental -L dependency=/tmp/cargo-mutants-veloxide-99LfjB.tmp/target/debug/deps --extern fjall=/tmp/cargo-mutants-veloxide-99LfjB.tmp/target/debug/deps/libfjall-abfe8d737f32f68d.rlib --extern proptest=/tmp/cargo-mutants-veloxide-99LfjB.tmp/target/debug/deps/libproptest-216a766c56ac4476.rlib --extern rstest=/tmp/cargo-mutants-veloxide-99LfjB.tmp/target/debug/deps/librstest-ce971fceb7271210.rlib --extern serde=/tmp/cargo-mutants-veloxide-99LfjB.tmp/target/debug/deps/libserde-65225f6523a3f7e1.rlib --extern serde_json=/tmp/cargo-mutants-veloxide-99LfjB.tmp/target/debug/deps/libserde_json-74f26af1301414df.rlib --extern tempfile=/tmp/cargo-mutants-veloxide-99LfjB.tmp/target/debug/deps/libtempfile-8ce133578a770185.rlib --extern thiserror=/tmp/cargo-mutants-veloxide-99LfjB.tmp/target/debug/deps/libthiserror-0f760a551262ab92.rlib --extern ulid=/tmp/cargo-mutants-veloxide-99LfjB.tmp/target/debug/deps/libulid-76e66df51ef33b17.rlib --extern vo_types=/tmp/cargo-mutants-veloxide-99LfjB.tmp/target/debug/deps/libvo_types-cb83cbd4b68501ac.rlib` (exit status: 1)

*** result: Failure(101)
