
*** crates/vo-storage/src/query/mod.rs:174:26: replace < with <= in EventReplayIterator::process_kv

*** mutation diff:
--- crates/vo-storage/src/query/mod.rs
+++ replace < with <= in EventReplayIterator::process_kv
@@ -166,17 +166,17 @@
 
 impl EventReplayIterator {
     fn process_kv(
         &mut self,
         k_bytes: &fjall::Slice,
         v_bytes: &fjall::Slice,
     ) -> Option<Result<EventEnvelope, StorageError>> {
         let seq_len: usize = 8;
-        if k_bytes.len() < seq_len {
+        if k_bytes.len() <= /* ~ changed by cargo-mutants ~ */ seq_len {
             self.inner = None;
             return Some(Err(StorageError::Storage));
         }
         let seq_bytes = &k_bytes[k_bytes.len() - seq_len..];
         let found_seq = match decode_key(seq_bytes) {
             Ok(s) => s,
             Err(e) => {
                 self.inner = None;


*** /home/lewis/.rustup/toolchains/nightly-x86_64-unknown-linux-gnu/bin/cargo test --no-run --verbose --package=vo-storage@0.1.0
       Fresh cfg-if v1.0.4
       Fresh unicode-ident v1.0.24
       Fresh once_cell v1.21.4
       Fresh linux-raw-sys v0.12.1
       Fresh bitflags v2.11.0
       Fresh fastrand v2.3.0
       Fresh semver v1.0.27
       Fresh compare v0.0.6
       Fresh memchr v2.8.0
       Fresh regex-syntax v0.8.10
       Fresh futures-sink v0.3.32
       Fresh futures-core v0.3.32
       Fresh varint-rs v2.2.0
       Fresh byteorder v1.5.0
       Fresh slab v0.4.12
       Fresh equivalent v1.0.2
       Fresh rustc-hash v2.1.2
       Fresh hashbrown v0.16.1
       Fresh log v0.4.29
       Fresh byteview v0.6.1
       Fresh libc v0.2.183
       Fresh path-dedot v3.1.1
       Fresh interval-heap v0.0.5
       Fresh futures-channel v0.3.32
       Fresh rustc_version v0.4.1
       Fresh aho-corasick v1.1.4
       Fresh scopeguard v1.2.0
       Fresh futures-task v0.3.32
       Fresh autocfg v1.5.0
       Fresh xxhash-rust v0.8.15
       Fresh futures-io v0.3.32
       Fresh smallvec v1.15.1
       Fresh pin-project-lite v0.2.17
       Fresh quick_cache v0.6.21
       Fresh itoa v1.0.18
       Fresh lz4_flex v0.11.6
       Fresh sha1_smol v1.0.1
       Fresh hashbrown v0.14.5
       Fresh self_cell v1.2.2
       Fresh double-ended-peekable v0.1.0
       Fresh proc-macro2 v1.0.106
       Fresh getrandom v0.4.2
       Fresh getrandom v0.3.4
       Fresh zerocopy v0.8.47
       Fresh rustix v1.1.4
       Fresh crossbeam-utils v0.8.21
       Fresh serde_core v1.0.228
       Fresh path-absolutize v3.1.1
       Fresh lock_api v0.4.14
       Fresh parking_lot_core v0.9.12
       Fresh regex-automata v0.4.14
       Fresh zmij v1.0.21
       Fresh guardian v1.3.0
       Fresh wait-timeout v0.2.1
       Fresh fnv v1.0.7
       Fresh quick-error v1.2.3
       Fresh glob v0.3.3
       Fresh bit-vec v0.8.0
       Fresh relative-path v1.9.3
       Fresh std-semaphore v0.1.0
       Fresh futures-timer v3.0.3
       Fresh unarray v0.1.4
       Fresh quote v1.0.45
       Fresh rand_core v0.9.5
       Fresh ppv-lite86 v0.2.21
       Fresh tempfile v3.27.0
       Fresh crossbeam-epoch v0.9.18
       Fresh serde_json v1.0.149
       Fresh dashmap v6.1.0
       Fresh uuid v1.23.0
       Fresh regex v1.12.3
       Fresh bit-set v0.8.0
       Fresh syn v2.0.117
       Fresh rand_chacha v0.9.0
       Fresh crossbeam-skiplist v0.1.3
       Fresh value-log v1.9.0
       Fresh rand_xorshift v0.4.0
       Fresh rusty-fork v0.3.1
       Fresh num-traits v0.2.19
       Fresh futures-macro v0.3.32
       Fresh rand v0.9.2
       Fresh serde_derive v1.0.228
       Fresh enum_dispatch v0.3.13
       Fresh thiserror-impl v1.0.69
       Fresh rstest_macros v0.18.2
       Fresh futures-util v0.3.32
       Fresh thiserror v1.0.69
       Fresh lsm-tree v2.10.4
       Fresh serde v1.0.228
       Fresh ulid v1.2.1
       Fresh proptest v1.11.0
       Fresh futures-executor v0.3.32
       Fresh vo-types v0.1.0 (/tmp/cargo-mutants-veloxide-0DrsTJ.tmp/crates/vo-types)
       Fresh fjall v2.11.2
       Fresh futures v0.3.32
       Dirty vo-storage v0.1.0 (/tmp/cargo-mutants-veloxide-0DrsTJ.tmp/crates/vo-storage): the file `crates/vo-storage/src/query/mod.rs` has changed (1775343511.468403918s, 19s after last build at 1775343492.544038800s)
   Compiling vo-storage v0.1.0 (/tmp/cargo-mutants-veloxide-0DrsTJ.tmp/crates/vo-storage)
       Fresh rstest v0.18.2
     Running `sccache /home/lewis/.rustup/toolchains/nightly-x86_64-unknown-linux-gnu/bin/rustc --crate-name vo_storage --edition=2021 crates/vo-storage/src/lib.rs --error-format=json --json=diagnostic-rendered-ansi,artifacts,future-incompat --emit=dep-info,link -C embed-bitcode=no -C debuginfo=2 --warn=unexpected_cfgs --check-cfg 'cfg(kani)' --check-cfg 'cfg(feature, values("proptest"))' --test --check-cfg 'cfg(docsrs,test)' --check-cfg 'cfg(feature, values("proptest"))' -C metadata=0160923efe8bc4f1 -C extra-filename=-658380d8969051b2 --out-dir /tmp/cargo-mutants-veloxide-0DrsTJ.tmp/target/debug/deps -C incremental=/tmp/cargo-mutants-veloxide-0DrsTJ.tmp/target/debug/incremental -L dependency=/tmp/cargo-mutants-veloxide-0DrsTJ.tmp/target/debug/deps --extern fjall=/tmp/cargo-mutants-veloxide-0DrsTJ.tmp/target/debug/deps/libfjall-abfe8d737f32f68d.rlib --extern proptest=/tmp/cargo-mutants-veloxide-0DrsTJ.tmp/target/debug/deps/libproptest-216a766c56ac4476.rlib --extern rstest=/tmp/cargo-mutants-veloxide-0DrsTJ.tmp/target/debug/deps/librstest-ce971fceb7271210.rlib --extern serde=/tmp/cargo-mutants-veloxide-0DrsTJ.tmp/target/debug/deps/libserde-65225f6523a3f7e1.rlib --extern serde_json=/tmp/cargo-mutants-veloxide-0DrsTJ.tmp/target/debug/deps/libserde_json-74f26af1301414df.rlib --extern tempfile=/tmp/cargo-mutants-veloxide-0DrsTJ.tmp/target/debug/deps/libtempfile-8ce133578a770185.rlib --extern thiserror=/tmp/cargo-mutants-veloxide-0DrsTJ.tmp/target/debug/deps/libthiserror-0f760a551262ab92.rlib --extern ulid=/tmp/cargo-mutants-veloxide-0DrsTJ.tmp/target/debug/deps/libulid-76e66df51ef33b17.rlib --extern vo_types=/tmp/cargo-mutants-veloxide-0DrsTJ.tmp/target/debug/deps/libvo_types-cb83cbd4b68501ac.rlib`
     Running `sccache /home/lewis/.rustup/toolchains/nightly-x86_64-unknown-linux-gnu/bin/rustc --crate-name vo_storage --edition=2021 crates/vo-storage/src/lib.rs --error-format=json --json=diagnostic-rendered-ansi,artifacts,future-incompat --crate-type lib --emit=dep-info,metadata,link -C embed-bitcode=no -C debuginfo=2 --warn=unexpected_cfgs --check-cfg 'cfg(kani)' --check-cfg 'cfg(feature, values("proptest"))' --check-cfg 'cfg(docsrs,test)' --check-cfg 'cfg(feature, values("proptest"))' -C metadata=c6dd14474b4ca5c1 -C extra-filename=-069610b2624a88b4 --out-dir /tmp/cargo-mutants-veloxide-0DrsTJ.tmp/target/debug/deps -C incremental=/tmp/cargo-mutants-veloxide-0DrsTJ.tmp/target/debug/incremental -L dependency=/tmp/cargo-mutants-veloxide-0DrsTJ.tmp/target/debug/deps --extern fjall=/tmp/cargo-mutants-veloxide-0DrsTJ.tmp/target/debug/deps/libfjall-abfe8d737f32f68d.rmeta --extern serde=/tmp/cargo-mutants-veloxide-0DrsTJ.tmp/target/debug/deps/libserde-65225f6523a3f7e1.rmeta --extern serde_json=/tmp/cargo-mutants-veloxide-0DrsTJ.tmp/target/debug/deps/libserde_json-74f26af1301414df.rmeta --extern vo_types=/tmp/cargo-mutants-veloxide-0DrsTJ.tmp/target/debug/deps/libvo_types-cb83cbd4b68501ac.rmeta`
     Running `sccache /home/lewis/.rustup/toolchains/nightly-x86_64-unknown-linux-gnu/bin/rustc --crate-name verify_purge --edition=2021 crates/vo-storage/examples/verify_purge.rs --error-format=json --json=diagnostic-rendered-ansi,artifacts,future-incompat --crate-type bin --emit=dep-info,link -C embed-bitcode=no -C debuginfo=2 --warn=unexpected_cfgs --check-cfg 'cfg(kani)' --check-cfg 'cfg(feature, values("proptest"))' --check-cfg 'cfg(docsrs,test)' --check-cfg 'cfg(feature, values("proptest"))' -C metadata=78bcb4dc9cf98354 -C extra-filename=-da1f508a5b9035e8 --out-dir /tmp/cargo-mutants-veloxide-0DrsTJ.tmp/target/debug/examples -C incremental=/tmp/cargo-mutants-veloxide-0DrsTJ.tmp/target/debug/incremental -L dependency=/tmp/cargo-mutants-veloxide-0DrsTJ.tmp/target/debug/deps --extern fjall=/tmp/cargo-mutants-veloxide-0DrsTJ.tmp/target/debug/deps/libfjall-abfe8d737f32f68d.rlib --extern proptest=/tmp/cargo-mutants-veloxide-0DrsTJ.tmp/target/debug/deps/libproptest-216a766c56ac4476.rlib --extern rstest=/tmp/cargo-mutants-veloxide-0DrsTJ.tmp/target/debug/deps/librstest-ce971fceb7271210.rlib --extern serde=/tmp/cargo-mutants-veloxide-0DrsTJ.tmp/target/debug/deps/libserde-65225f6523a3f7e1.rlib --extern serde_json=/tmp/cargo-mutants-veloxide-0DrsTJ.tmp/target/debug/deps/libserde_json-74f26af1301414df.rlib --extern tempfile=/tmp/cargo-mutants-veloxide-0DrsTJ.tmp/target/debug/deps/libtempfile-8ce133578a770185.rlib --extern thiserror=/tmp/cargo-mutants-veloxide-0DrsTJ.tmp/target/debug/deps/libthiserror-0f760a551262ab92.rlib --extern ulid=/tmp/cargo-mutants-veloxide-0DrsTJ.tmp/target/debug/deps/libulid-76e66df51ef33b17.rlib --extern vo_storage=/tmp/cargo-mutants-veloxide-0DrsTJ.tmp/target/debug/deps/libvo_storage-069610b2624a88b4.rlib --extern vo_types=/tmp/cargo-mutants-veloxide-0DrsTJ.tmp/target/debug/deps/libvo_types-cb83cbd4b68501ac.rlib`
     Running `sccache /home/lewis/.rustup/toolchains/nightly-x86_64-unknown-linux-gnu/bin/rustc --crate-name seed_purge --edition=2021 crates/vo-storage/examples/seed_purge.rs --error-format=json --json=diagnostic-rendered-ansi,artifacts,future-incompat --crate-type bin --emit=dep-info,link -C embed-bitcode=no -C debuginfo=2 --warn=unexpected_cfgs --check-cfg 'cfg(kani)' --check-cfg 'cfg(feature, values("proptest"))' --check-cfg 'cfg(docsrs,test)' --check-cfg 'cfg(feature, values("proptest"))' -C metadata=799ebe1ef05d640c -C extra-filename=-427e63e44b0f7f63 --out-dir /tmp/cargo-mutants-veloxide-0DrsTJ.tmp/target/debug/examples -C incremental=/tmp/cargo-mutants-veloxide-0DrsTJ.tmp/target/debug/incremental -L dependency=/tmp/cargo-mutants-veloxide-0DrsTJ.tmp/target/debug/deps --extern fjall=/tmp/cargo-mutants-veloxide-0DrsTJ.tmp/target/debug/deps/libfjall-abfe8d737f32f68d.rlib --extern proptest=/tmp/cargo-mutants-veloxide-0DrsTJ.tmp/target/debug/deps/libproptest-216a766c56ac4476.rlib --extern rstest=/tmp/cargo-mutants-veloxide-0DrsTJ.tmp/target/debug/deps/librstest-ce971fceb7271210.rlib --extern serde=/tmp/cargo-mutants-veloxide-0DrsTJ.tmp/target/debug/deps/libserde-65225f6523a3f7e1.rlib --extern serde_json=/tmp/cargo-mutants-veloxide-0DrsTJ.tmp/target/debug/deps/libserde_json-74f26af1301414df.rlib --extern tempfile=/tmp/cargo-mutants-veloxide-0DrsTJ.tmp/target/debug/deps/libtempfile-8ce133578a770185.rlib --extern thiserror=/tmp/cargo-mutants-veloxide-0DrsTJ.tmp/target/debug/deps/libthiserror-0f760a551262ab92.rlib --extern ulid=/tmp/cargo-mutants-veloxide-0DrsTJ.tmp/target/debug/deps/libulid-76e66df51ef33b17.rlib --extern vo_storage=/tmp/cargo-mutants-veloxide-0DrsTJ.tmp/target/debug/deps/libvo_storage-069610b2624a88b4.rlib --extern vo_types=/tmp/cargo-mutants-veloxide-0DrsTJ.tmp/target/debug/deps/libvo_types-cb83cbd4b68501ac.rlib`
     Running `sccache /home/lewis/.rustup/toolchains/nightly-x86_64-unknown-linux-gnu/bin/rustc --crate-name instance_index_red_queen --edition=2021 crates/vo-storage/tests/instance_index_red_queen.rs --error-format=json --json=diagnostic-rendered-ansi,artifacts,future-incompat --emit=dep-info,link -C embed-bitcode=no -C debuginfo=2 --warn=unexpected_cfgs --check-cfg 'cfg(kani)' --check-cfg 'cfg(feature, values("proptest"))' --test --check-cfg 'cfg(docsrs,test)' --check-cfg 'cfg(feature, values("proptest"))' -C metadata=5000ff2666aad194 -C extra-filename=-90a472ff91f7c164 --out-dir /tmp/cargo-mutants-veloxide-0DrsTJ.tmp/target/debug/deps -C incremental=/tmp/cargo-mutants-veloxide-0DrsTJ.tmp/target/debug/incremental -L dependency=/tmp/cargo-mutants-veloxide-0DrsTJ.tmp/target/debug/deps --extern fjall=/tmp/cargo-mutants-veloxide-0DrsTJ.tmp/target/debug/deps/libfjall-abfe8d737f32f68d.rlib --extern proptest=/tmp/cargo-mutants-veloxide-0DrsTJ.tmp/target/debug/deps/libproptest-216a766c56ac4476.rlib --extern rstest=/tmp/cargo-mutants-veloxide-0DrsTJ.tmp/target/debug/deps/librstest-ce971fceb7271210.rlib --extern serde=/tmp/cargo-mutants-veloxide-0DrsTJ.tmp/target/debug/deps/libserde-65225f6523a3f7e1.rlib --extern serde_json=/tmp/cargo-mutants-veloxide-0DrsTJ.tmp/target/debug/deps/libserde_json-74f26af1301414df.rlib --extern tempfile=/tmp/cargo-mutants-veloxide-0DrsTJ.tmp/target/debug/deps/libtempfile-8ce133578a770185.rlib --extern thiserror=/tmp/cargo-mutants-veloxide-0DrsTJ.tmp/target/debug/deps/libthiserror-0f760a551262ab92.rlib --extern ulid=/tmp/cargo-mutants-veloxide-0DrsTJ.tmp/target/debug/deps/libulid-76e66df51ef33b17.rlib --extern vo_storage=/tmp/cargo-mutants-veloxide-0DrsTJ.tmp/target/debug/deps/libvo_storage-069610b2624a88b4.rlib --extern vo_types=/tmp/cargo-mutants-veloxide-0DrsTJ.tmp/target/debug/deps/libvo_types-cb83cbd4b68501ac.rlib`
     Running `sccache /home/lewis/.rustup/toolchains/nightly-x86_64-unknown-linux-gnu/bin/rustc --crate-name instance_index_integration --edition=2021 crates/vo-storage/tests/instance_index_integration.rs --error-format=json --json=diagnostic-rendered-ansi,artifacts,future-incompat --emit=dep-info,link -C embed-bitcode=no -C debuginfo=2 --warn=unexpected_cfgs --check-cfg 'cfg(kani)' --check-cfg 'cfg(feature, values("proptest"))' --test --check-cfg 'cfg(docsrs,test)' --check-cfg 'cfg(feature, values("proptest"))' -C metadata=4d424c4160e1d9ab -C extra-filename=-c32b57693554da6a --out-dir /tmp/cargo-mutants-veloxide-0DrsTJ.tmp/target/debug/deps -C incremental=/tmp/cargo-mutants-veloxide-0DrsTJ.tmp/target/debug/incremental -L dependency=/tmp/cargo-mutants-veloxide-0DrsTJ.tmp/target/debug/deps --extern fjall=/tmp/cargo-mutants-veloxide-0DrsTJ.tmp/target/debug/deps/libfjall-abfe8d737f32f68d.rlib --extern proptest=/tmp/cargo-mutants-veloxide-0DrsTJ.tmp/target/debug/deps/libproptest-216a766c56ac4476.rlib --extern rstest=/tmp/cargo-mutants-veloxide-0DrsTJ.tmp/target/debug/deps/librstest-ce971fceb7271210.rlib --extern serde=/tmp/cargo-mutants-veloxide-0DrsTJ.tmp/target/debug/deps/libserde-65225f6523a3f7e1.rlib --extern serde_json=/tmp/cargo-mutants-veloxide-0DrsTJ.tmp/target/debug/deps/libserde_json-74f26af1301414df.rlib --extern tempfile=/tmp/cargo-mutants-veloxide-0DrsTJ.tmp/target/debug/deps/libtempfile-8ce133578a770185.rlib --extern thiserror=/tmp/cargo-mutants-veloxide-0DrsTJ.tmp/target/debug/deps/libthiserror-0f760a551262ab92.rlib --extern ulid=/tmp/cargo-mutants-veloxide-0DrsTJ.tmp/target/debug/deps/libulid-76e66df51ef33b17.rlib --extern vo_storage=/tmp/cargo-mutants-veloxide-0DrsTJ.tmp/target/debug/deps/libvo_storage-069610b2624a88b4.rlib --extern vo_types=/tmp/cargo-mutants-veloxide-0DrsTJ.tmp/target/debug/deps/libvo_types-cb83cbd4b68501ac.rlib`
     Running `sccache /home/lewis/.rustup/toolchains/nightly-x86_64-unknown-linux-gnu/bin/rustc --crate-name instance_index_fault_injection --edition=2021 crates/vo-storage/tests/instance_index_fault_injection.rs --error-format=json --json=diagnostic-rendered-ansi,artifacts,future-incompat --emit=dep-info,link -C embed-bitcode=no -C debuginfo=2 --warn=unexpected_cfgs --check-cfg 'cfg(kani)' --check-cfg 'cfg(feature, values("proptest"))' --test --check-cfg 'cfg(docsrs,test)' --check-cfg 'cfg(feature, values("proptest"))' -C metadata=20517ed4167e36b1 -C extra-filename=-ac431132519be158 --out-dir /tmp/cargo-mutants-veloxide-0DrsTJ.tmp/target/debug/deps -C incremental=/tmp/cargo-mutants-veloxide-0DrsTJ.tmp/target/debug/incremental -L dependency=/tmp/cargo-mutants-veloxide-0DrsTJ.tmp/target/debug/deps --extern fjall=/tmp/cargo-mutants-veloxide-0DrsTJ.tmp/target/debug/deps/libfjall-abfe8d737f32f68d.rlib --extern proptest=/tmp/cargo-mutants-veloxide-0DrsTJ.tmp/target/debug/deps/libproptest-216a766c56ac4476.rlib --extern rstest=/tmp/cargo-mutants-veloxide-0DrsTJ.tmp/target/debug/deps/librstest-ce971fceb7271210.rlib --extern serde=/tmp/cargo-mutants-veloxide-0DrsTJ.tmp/target/debug/deps/libserde-65225f6523a3f7e1.rlib --extern serde_json=/tmp/cargo-mutants-veloxide-0DrsTJ.tmp/target/debug/deps/libserde_json-74f26af1301414df.rlib --extern tempfile=/tmp/cargo-mutants-veloxide-0DrsTJ.tmp/target/debug/deps/libtempfile-8ce133578a770185.rlib --extern thiserror=/tmp/cargo-mutants-veloxide-0DrsTJ.tmp/target/debug/deps/libthiserror-0f760a551262ab92.rlib --extern ulid=/tmp/cargo-mutants-veloxide-0DrsTJ.tmp/target/debug/deps/libulid-76e66df51ef33b17.rlib --extern vo_storage=/tmp/cargo-mutants-veloxide-0DrsTJ.tmp/target/debug/deps/libvo_storage-069610b2624a88b4.rlib --extern vo_types=/tmp/cargo-mutants-veloxide-0DrsTJ.tmp/target/debug/deps/libvo_types-cb83cbd4b68501ac.rlib`
     Running `sccache /home/lewis/.rustup/toolchains/nightly-x86_64-unknown-linux-gnu/bin/rustc --crate-name integration_snapshots --edition=2021 crates/vo-storage/tests/integration_snapshots.rs --error-format=json --json=diagnostic-rendered-ansi,artifacts,future-incompat --emit=dep-info,link -C embed-bitcode=no -C debuginfo=2 --warn=unexpected_cfgs --check-cfg 'cfg(kani)' --check-cfg 'cfg(feature, values("proptest"))' --test --check-cfg 'cfg(docsrs,test)' --check-cfg 'cfg(feature, values("proptest"))' -C metadata=e4c9d90879aadeb1 -C extra-filename=-79a90c0a7f09a98e --out-dir /tmp/cargo-mutants-veloxide-0DrsTJ.tmp/target/debug/deps -C incremental=/tmp/cargo-mutants-veloxide-0DrsTJ.tmp/target/debug/incremental -L dependency=/tmp/cargo-mutants-veloxide-0DrsTJ.tmp/target/debug/deps --extern fjall=/tmp/cargo-mutants-veloxide-0DrsTJ.tmp/target/debug/deps/libfjall-abfe8d737f32f68d.rlib --extern proptest=/tmp/cargo-mutants-veloxide-0DrsTJ.tmp/target/debug/deps/libproptest-216a766c56ac4476.rlib --extern rstest=/tmp/cargo-mutants-veloxide-0DrsTJ.tmp/target/debug/deps/librstest-ce971fceb7271210.rlib --extern serde=/tmp/cargo-mutants-veloxide-0DrsTJ.tmp/target/debug/deps/libserde-65225f6523a3f7e1.rlib --extern serde_json=/tmp/cargo-mutants-veloxide-0DrsTJ.tmp/target/debug/deps/libserde_json-74f26af1301414df.rlib --extern tempfile=/tmp/cargo-mutants-veloxide-0DrsTJ.tmp/target/debug/deps/libtempfile-8ce133578a770185.rlib --extern thiserror=/tmp/cargo-mutants-veloxide-0DrsTJ.tmp/target/debug/deps/libthiserror-0f760a551262ab92.rlib --extern ulid=/tmp/cargo-mutants-veloxide-0DrsTJ.tmp/target/debug/deps/libulid-76e66df51ef33b17.rlib --extern vo_storage=/tmp/cargo-mutants-veloxide-0DrsTJ.tmp/target/debug/deps/libvo_storage-069610b2624a88b4.rlib --extern vo_types=/tmp/cargo-mutants-veloxide-0DrsTJ.tmp/target/debug/deps/libvo_types-cb83cbd4b68501ac.rlib`
     Running `sccache /home/lewis/.rustup/toolchains/nightly-x86_64-unknown-linux-gnu/bin/rustc --crate-name red_queen_tests --edition=2021 crates/vo-storage/tests/red_queen_tests.rs --error-format=json --json=diagnostic-rendered-ansi,artifacts,future-incompat --emit=dep-info,link -C embed-bitcode=no -C debuginfo=2 --warn=unexpected_cfgs --check-cfg 'cfg(kani)' --check-cfg 'cfg(feature, values("proptest"))' --test --check-cfg 'cfg(docsrs,test)' --check-cfg 'cfg(feature, values("proptest"))' -C metadata=491e5e14f98b83a1 -C extra-filename=-11114252564c2520 --out-dir /tmp/cargo-mutants-veloxide-0DrsTJ.tmp/target/debug/deps -C incremental=/tmp/cargo-mutants-veloxide-0DrsTJ.tmp/target/debug/incremental -L dependency=/tmp/cargo-mutants-veloxide-0DrsTJ.tmp/target/debug/deps --extern fjall=/tmp/cargo-mutants-veloxide-0DrsTJ.tmp/target/debug/deps/libfjall-abfe8d737f32f68d.rlib --extern proptest=/tmp/cargo-mutants-veloxide-0DrsTJ.tmp/target/debug/deps/libproptest-216a766c56ac4476.rlib --extern rstest=/tmp/cargo-mutants-veloxide-0DrsTJ.tmp/target/debug/deps/librstest-ce971fceb7271210.rlib --extern serde=/tmp/cargo-mutants-veloxide-0DrsTJ.tmp/target/debug/deps/libserde-65225f6523a3f7e1.rlib --extern serde_json=/tmp/cargo-mutants-veloxide-0DrsTJ.tmp/target/debug/deps/libserde_json-74f26af1301414df.rlib --extern tempfile=/tmp/cargo-mutants-veloxide-0DrsTJ.tmp/target/debug/deps/libtempfile-8ce133578a770185.rlib --extern thiserror=/tmp/cargo-mutants-veloxide-0DrsTJ.tmp/target/debug/deps/libthiserror-0f760a551262ab92.rlib --extern ulid=/tmp/cargo-mutants-veloxide-0DrsTJ.tmp/target/debug/deps/libulid-76e66df51ef33b17.rlib --extern vo_storage=/tmp/cargo-mutants-veloxide-0DrsTJ.tmp/target/debug/deps/libvo_storage-069610b2624a88b4.rlib --extern vo_types=/tmp/cargo-mutants-veloxide-0DrsTJ.tmp/target/debug/deps/libvo_types-cb83cbd4b68501ac.rlib`
     Running `sccache /home/lewis/.rustup/toolchains/nightly-x86_64-unknown-linux-gnu/bin/rustc --crate-name structural_test --edition=2021 crates/vo-storage/tests/structural_test.rs --error-format=json --json=diagnostic-rendered-ansi,artifacts,future-incompat --emit=dep-info,link -C embed-bitcode=no -C debuginfo=2 --warn=unexpected_cfgs --check-cfg 'cfg(kani)' --check-cfg 'cfg(feature, values("proptest"))' --test --check-cfg 'cfg(docsrs,test)' --check-cfg 'cfg(feature, values("proptest"))' -C metadata=472ca4e9b4ad0d83 -C extra-filename=-201485f837a9f415 --out-dir /tmp/cargo-mutants-veloxide-0DrsTJ.tmp/target/debug/deps -C incremental=/tmp/cargo-mutants-veloxide-0DrsTJ.tmp/target/debug/incremental -L dependency=/tmp/cargo-mutants-veloxide-0DrsTJ.tmp/target/debug/deps --extern fjall=/tmp/cargo-mutants-veloxide-0DrsTJ.tmp/target/debug/deps/libfjall-abfe8d737f32f68d.rlib --extern proptest=/tmp/cargo-mutants-veloxide-0DrsTJ.tmp/target/debug/deps/libproptest-216a766c56ac4476.rlib --extern rstest=/tmp/cargo-mutants-veloxide-0DrsTJ.tmp/target/debug/deps/librstest-ce971fceb7271210.rlib --extern serde=/tmp/cargo-mutants-veloxide-0DrsTJ.tmp/target/debug/deps/libserde-65225f6523a3f7e1.rlib --extern serde_json=/tmp/cargo-mutants-veloxide-0DrsTJ.tmp/target/debug/deps/libserde_json-74f26af1301414df.rlib --extern tempfile=/tmp/cargo-mutants-veloxide-0DrsTJ.tmp/target/debug/deps/libtempfile-8ce133578a770185.rlib --extern thiserror=/tmp/cargo-mutants-veloxide-0DrsTJ.tmp/target/debug/deps/libthiserror-0f760a551262ab92.rlib --extern ulid=/tmp/cargo-mutants-veloxide-0DrsTJ.tmp/target/debug/deps/libulid-76e66df51ef33b17.rlib --extern vo_storage=/tmp/cargo-mutants-veloxide-0DrsTJ.tmp/target/debug/deps/libvo_storage-069610b2624a88b4.rlib --extern vo_types=/tmp/cargo-mutants-veloxide-0DrsTJ.tmp/target/debug/deps/libvo_types-cb83cbd4b68501ac.rlib`
     Running `sccache /home/lewis/.rustup/toolchains/nightly-x86_64-unknown-linux-gnu/bin/rustc --crate-name persistence_integration --edition=2021 crates/vo-storage/tests/persistence_integration.rs --error-format=json --json=diagnostic-rendered-ansi,artifacts,future-incompat --emit=dep-info,link -C embed-bitcode=no -C debuginfo=2 --warn=unexpected_cfgs --check-cfg 'cfg(kani)' --check-cfg 'cfg(feature, values("proptest"))' --test --check-cfg 'cfg(docsrs,test)' --check-cfg 'cfg(feature, values("proptest"))' -C metadata=e64d2ba93d180ff8 -C extra-filename=-bfab13925941e53f --out-dir /tmp/cargo-mutants-veloxide-0DrsTJ.tmp/target/debug/deps -C incremental=/tmp/cargo-mutants-veloxide-0DrsTJ.tmp/target/debug/incremental -L dependency=/tmp/cargo-mutants-veloxide-0DrsTJ.tmp/target/debug/deps --extern fjall=/tmp/cargo-mutants-veloxide-0DrsTJ.tmp/target/debug/deps/libfjall-abfe8d737f32f68d.rlib --extern proptest=/tmp/cargo-mutants-veloxide-0DrsTJ.tmp/target/debug/deps/libproptest-216a766c56ac4476.rlib --extern rstest=/tmp/cargo-mutants-veloxide-0DrsTJ.tmp/target/debug/deps/librstest-ce971fceb7271210.rlib --extern serde=/tmp/cargo-mutants-veloxide-0DrsTJ.tmp/target/debug/deps/libserde-65225f6523a3f7e1.rlib --extern serde_json=/tmp/cargo-mutants-veloxide-0DrsTJ.tmp/target/debug/deps/libserde_json-74f26af1301414df.rlib --extern tempfile=/tmp/cargo-mutants-veloxide-0DrsTJ.tmp/target/debug/deps/libtempfile-8ce133578a770185.rlib --extern thiserror=/tmp/cargo-mutants-veloxide-0DrsTJ.tmp/target/debug/deps/libthiserror-0f760a551262ab92.rlib --extern ulid=/tmp/cargo-mutants-veloxide-0DrsTJ.tmp/target/debug/deps/libulid-76e66df51ef33b17.rlib --extern vo_storage=/tmp/cargo-mutants-veloxide-0DrsTJ.tmp/target/debug/deps/libvo_storage-069610b2624a88b4.rlib --extern vo_types=/tmp/cargo-mutants-veloxide-0DrsTJ.tmp/target/debug/deps/libvo_types-cb83cbd4b68501ac.rlib`
     Running `sccache /home/lewis/.rustup/toolchains/nightly-x86_64-unknown-linux-gnu/bin/rustc --crate-name fjall_integration --edition=2021 crates/vo-storage/tests/fjall_integration.rs --error-format=json --json=diagnostic-rendered-ansi,artifacts,future-incompat --emit=dep-info,link -C embed-bitcode=no -C debuginfo=2 --warn=unexpected_cfgs --check-cfg 'cfg(kani)' --check-cfg 'cfg(feature, values("proptest"))' --test --check-cfg 'cfg(docsrs,test)' --check-cfg 'cfg(feature, values("proptest"))' -C metadata=476d3020efc52eb8 -C extra-filename=-32143cc849d6be10 --out-dir /tmp/cargo-mutants-veloxide-0DrsTJ.tmp/target/debug/deps -C incremental=/tmp/cargo-mutants-veloxide-0DrsTJ.tmp/target/debug/incremental -L dependency=/tmp/cargo-mutants-veloxide-0DrsTJ.tmp/target/debug/deps --extern fjall=/tmp/cargo-mutants-veloxide-0DrsTJ.tmp/target/debug/deps/libfjall-abfe8d737f32f68d.rlib --extern proptest=/tmp/cargo-mutants-veloxide-0DrsTJ.tmp/target/debug/deps/libproptest-216a766c56ac4476.rlib --extern rstest=/tmp/cargo-mutants-veloxide-0DrsTJ.tmp/target/debug/deps/librstest-ce971fceb7271210.rlib --extern serde=/tmp/cargo-mutants-veloxide-0DrsTJ.tmp/target/debug/deps/libserde-65225f6523a3f7e1.rlib --extern serde_json=/tmp/cargo-mutants-veloxide-0DrsTJ.tmp/target/debug/deps/libserde_json-74f26af1301414df.rlib --extern tempfile=/tmp/cargo-mutants-veloxide-0DrsTJ.tmp/target/debug/deps/libtempfile-8ce133578a770185.rlib --extern thiserror=/tmp/cargo-mutants-veloxide-0DrsTJ.tmp/target/debug/deps/libthiserror-0f760a551262ab92.rlib --extern ulid=/tmp/cargo-mutants-veloxide-0DrsTJ.tmp/target/debug/deps/libulid-76e66df51ef33b17.rlib --extern vo_storage=/tmp/cargo-mutants-veloxide-0DrsTJ.tmp/target/debug/deps/libvo_storage-069610b2624a88b4.rlib --extern vo_types=/tmp/cargo-mutants-veloxide-0DrsTJ.tmp/target/debug/deps/libvo_types-cb83cbd4b68501ac.rlib`
     Running `sccache /home/lewis/.rustup/toolchains/nightly-x86_64-unknown-linux-gnu/bin/rustc --crate-name integration_replay --edition=2021 crates/vo-storage/tests/integration_replay.rs --error-format=json --json=diagnostic-rendered-ansi,artifacts,future-incompat --emit=dep-info,link -C embed-bitcode=no -C debuginfo=2 --warn=unexpected_cfgs --check-cfg 'cfg(kani)' --check-cfg 'cfg(feature, values("proptest"))' --test --check-cfg 'cfg(docsrs,test)' --check-cfg 'cfg(feature, values("proptest"))' -C metadata=5465193ca8936811 -C extra-filename=-c0fe6db9ebce741c --out-dir /tmp/cargo-mutants-veloxide-0DrsTJ.tmp/target/debug/deps -C incremental=/tmp/cargo-mutants-veloxide-0DrsTJ.tmp/target/debug/incremental -L dependency=/tmp/cargo-mutants-veloxide-0DrsTJ.tmp/target/debug/deps --extern fjall=/tmp/cargo-mutants-veloxide-0DrsTJ.tmp/target/debug/deps/libfjall-abfe8d737f32f68d.rlib --extern proptest=/tmp/cargo-mutants-veloxide-0DrsTJ.tmp/target/debug/deps/libproptest-216a766c56ac4476.rlib --extern rstest=/tmp/cargo-mutants-veloxide-0DrsTJ.tmp/target/debug/deps/librstest-ce971fceb7271210.rlib --extern serde=/tmp/cargo-mutants-veloxide-0DrsTJ.tmp/target/debug/deps/libserde-65225f6523a3f7e1.rlib --extern serde_json=/tmp/cargo-mutants-veloxide-0DrsTJ.tmp/target/debug/deps/libserde_json-74f26af1301414df.rlib --extern tempfile=/tmp/cargo-mutants-veloxide-0DrsTJ.tmp/target/debug/deps/libtempfile-8ce133578a770185.rlib --extern thiserror=/tmp/cargo-mutants-veloxide-0DrsTJ.tmp/target/debug/deps/libthiserror-0f760a551262ab92.rlib --extern ulid=/tmp/cargo-mutants-veloxide-0DrsTJ.tmp/target/debug/deps/libulid-76e66df51ef33b17.rlib --extern vo_storage=/tmp/cargo-mutants-veloxide-0DrsTJ.tmp/target/debug/deps/libvo_storage-069610b2624a88b4.rlib --extern vo_types=/tmp/cargo-mutants-veloxide-0DrsTJ.tmp/target/debug/deps/libvo_types-cb83cbd4b68501ac.rlib`
     Running `sccache /home/lewis/.rustup/toolchains/nightly-x86_64-unknown-linux-gnu/bin/rustc --crate-name purge_integration --edition=2021 crates/vo-storage/tests/purge_integration.rs --error-format=json --json=diagnostic-rendered-ansi,artifacts,future-incompat --emit=dep-info,link -C embed-bitcode=no -C debuginfo=2 --warn=unexpected_cfgs --check-cfg 'cfg(kani)' --check-cfg 'cfg(feature, values("proptest"))' --test --check-cfg 'cfg(docsrs,test)' --check-cfg 'cfg(feature, values("proptest"))' -C metadata=a1dfc159c3529925 -C extra-filename=-81915e049a24db58 --out-dir /tmp/cargo-mutants-veloxide-0DrsTJ.tmp/target/debug/deps -C incremental=/tmp/cargo-mutants-veloxide-0DrsTJ.tmp/target/debug/incremental -L dependency=/tmp/cargo-mutants-veloxide-0DrsTJ.tmp/target/debug/deps --extern fjall=/tmp/cargo-mutants-veloxide-0DrsTJ.tmp/target/debug/deps/libfjall-abfe8d737f32f68d.rlib --extern proptest=/tmp/cargo-mutants-veloxide-0DrsTJ.tmp/target/debug/deps/libproptest-216a766c56ac4476.rlib --extern rstest=/tmp/cargo-mutants-veloxide-0DrsTJ.tmp/target/debug/deps/librstest-ce971fceb7271210.rlib --extern serde=/tmp/cargo-mutants-veloxide-0DrsTJ.tmp/target/debug/deps/libserde-65225f6523a3f7e1.rlib --extern serde_json=/tmp/cargo-mutants-veloxide-0DrsTJ.tmp/target/debug/deps/libserde_json-74f26af1301414df.rlib --extern tempfile=/tmp/cargo-mutants-veloxide-0DrsTJ.tmp/target/debug/deps/libtempfile-8ce133578a770185.rlib --extern thiserror=/tmp/cargo-mutants-veloxide-0DrsTJ.tmp/target/debug/deps/libthiserror-0f760a551262ab92.rlib --extern ulid=/tmp/cargo-mutants-veloxide-0DrsTJ.tmp/target/debug/deps/libulid-76e66df51ef33b17.rlib --extern vo_storage=/tmp/cargo-mutants-veloxide-0DrsTJ.tmp/target/debug/deps/libvo_storage-069610b2624a88b4.rlib --extern vo_types=/tmp/cargo-mutants-veloxide-0DrsTJ.tmp/target/debug/deps/libvo_types-cb83cbd4b68501ac.rlib`
warning: method `set_faults` is never used
  --> crates/vo-storage/src/lease_partition/tests_integration_acquire.rs:49:8
   |
35 | impl DeterministicLeaseStore {
   | ---------------------------- method in this implementation
...
49 |     fn set_faults(&self, faults: FaultConfig) {
   |        ^^^^^^^^^^
   |
   = note: `#[warn(dead_code)]` (part of `#[warn(unused)]`) on by default

warning: function `alternate_instance_id` is never used
   --> crates/vo-storage/src/lease_partition/tests_integration_acquire.rs:235:4
    |
235 | fn alternate_instance_id() -> InstanceId {
    |    ^^^^^^^^^^^^^^^^^^^^^

warning: function `alternate_step_id` is never used
   --> crates/vo-storage/src/lease_partition/tests_integration_acquire.rs:239:4
    |
239 | fn alternate_step_id() -> StepId {
    |    ^^^^^^^^^^^^^^^^^

warning: function `fence_token` is never used
   --> crates/vo-storage/src/lease_partition/tests_integration_acquire.rs:243:4
    |
243 | fn fence_token(value: u64) -> FenceToken {
    |    ^^^^^^^^^^^

warning: function `alternate_instance_id` is never used
   --> crates/vo-storage/src/lease_partition/tests_integration_release.rs:235:4
    |
235 | fn alternate_instance_id() -> InstanceId {
    |    ^^^^^^^^^^^^^^^^^^^^^

warning: function `alternate_step_id` is never used
   --> crates/vo-storage/src/lease_partition/tests_integration_release.rs:239:4
    |
239 | fn alternate_step_id() -> StepId {
    |    ^^^^^^^^^^^^^^^^^

warning: function `alternate_instance_id` is never used
   --> crates/vo-storage/src/lease_partition/tests_integration_stale.rs:235:4
    |
235 | fn alternate_instance_id() -> InstanceId {
    |    ^^^^^^^^^^^^^^^^^^^^^

warning: function `alternate_step_id` is never used
   --> crates/vo-storage/src/lease_partition/tests_integration_stale.rs:239:4
    |
239 | fn alternate_step_id() -> StepId {
    |    ^^^^^^^^^^^^^^^^^

warning: function `alternate_instance_id` is never used
  --> crates/vo-storage/src/lease_partition/tests_lease_entry.rs:11:4
   |
11 | fn alternate_instance_id() -> InstanceId {
   |    ^^^^^^^^^^^^^^^^^^^^^

warning: function `alternate_step_id` is never used
  --> crates/vo-storage/src/lease_partition/tests_lease_entry.rs:19:4
   |
19 | fn alternate_step_id() -> StepId {
   |    ^^^^^^^^^^^^^^^^^

warning: function `parse_instance_id` is never used
 --> crates/vo-storage/src/lease_partition/verification.rs:3:15
  |
3 | pub(super) fn parse_instance_id(raw: &str) -> InstanceId {
  |               ^^^^^^^^^^^^^^^^^

warning: function `parse_step_id` is never used
 --> crates/vo-storage/src/lease_partition/verification.rs:7:15
  |
7 | pub(super) fn parse_step_id(raw: &str) -> StepId {
  |               ^^^^^^^^^^^^^

warning: function `verify_lease_entry_rejects_zero_fence` is never used
  --> crates/vo-storage/src/lease_partition/verification.rs:13:15
   |
13 | pub(super) fn verify_lease_entry_rejects_zero_fence() {
   |               ^^^^^^^^^^^^^^^^^^^^^^^^^^^^^^^^^^^^^

warning: function `verify_encode_decode_lease_key_roundtrip` is never used
  --> crates/vo-storage/src/lease_partition/verification.rs:20:15
   |
20 | pub(super) fn verify_encode_decode_lease_key_roundtrip() {
   |               ^^^^^^^^^^^^^^^^^^^^^^^^^^^^^^^^^^^^^^^^

warning: `vo-storage` (lib test) generated 14 warnings
    Finished `test` profile [unoptimized + debuginfo] target(s) in 0.39s
  Executable `/tmp/cargo-mutants-veloxide-0DrsTJ.tmp/target/debug/deps/vo_storage-658380d8969051b2`
  Executable `/tmp/cargo-mutants-veloxide-0DrsTJ.tmp/target/debug/deps/fjall_integration-32143cc849d6be10`
  Executable `/tmp/cargo-mutants-veloxide-0DrsTJ.tmp/target/debug/deps/instance_index_fault_injection-ac431132519be158`
  Executable `/tmp/cargo-mutants-veloxide-0DrsTJ.tmp/target/debug/deps/instance_index_integration-c32b57693554da6a`
  Executable `/tmp/cargo-mutants-veloxide-0DrsTJ.tmp/target/debug/deps/instance_index_red_queen-90a472ff91f7c164`
  Executable `/tmp/cargo-mutants-veloxide-0DrsTJ.tmp/target/debug/deps/integration_replay-c0fe6db9ebce741c`
  Executable `/tmp/cargo-mutants-veloxide-0DrsTJ.tmp/target/debug/deps/integration_snapshots-79a90c0a7f09a98e`
  Executable `/tmp/cargo-mutants-veloxide-0DrsTJ.tmp/target/debug/deps/persistence_integration-bfab13925941e53f`
  Executable `/tmp/cargo-mutants-veloxide-0DrsTJ.tmp/target/debug/deps/purge_integration-81915e049a24db58`
  Executable `/tmp/cargo-mutants-veloxide-0DrsTJ.tmp/target/debug/deps/red_queen_tests-11114252564c2520`
  Executable `/tmp/cargo-mutants-veloxide-0DrsTJ.tmp/target/debug/deps/structural_test-201485f837a9f415`

*** result: Success

*** /home/lewis/.rustup/toolchains/nightly-x86_64-unknown-linux-gnu/bin/cargo test --verbose --package=vo-storage@0.1.0
       Fresh cfg-if v1.0.4
       Fresh libc v0.2.183
       Fresh unicode-ident v1.0.24
       Fresh once_cell v1.21.4
       Fresh linux-raw-sys v0.12.1
       Fresh bitflags v2.11.0
       Fresh fastrand v2.3.0
       Fresh futures-core v0.3.32
       Fresh futures-sink v0.3.32
       Fresh semver v1.0.27
       Fresh memchr v2.8.0
       Fresh compare v0.0.6
       Fresh regex-syntax v0.8.10
       Fresh autocfg v1.5.0
       Fresh slab v0.4.12
       Fresh pin-project-lite v0.2.17
       Fresh xxhash-rust v0.8.15
       Fresh varint-rs v2.2.0
       Fresh rustc-hash v2.1.2
       Fresh smallvec v1.15.1
       Fresh scopeguard v1.2.0
       Fresh path-dedot v3.1.1
       Fresh rustc_version v0.4.1
       Fresh interval-heap v0.0.5
       Fresh aho-corasick v1.1.4
       Fresh futures-channel v0.3.32
       Fresh equivalent v1.0.2
       Fresh byteview v0.6.1
       Fresh futures-io v0.3.32
       Fresh hashbrown v0.16.1
       Fresh futures-task v0.3.32
       Fresh byteorder v1.5.0
       Fresh log v0.4.29
       Fresh lock_api v0.4.14
       Fresh self_cell v1.2.2
       Fresh hashbrown v0.14.5
       Fresh itoa v1.0.18
       Fresh lz4_flex v0.11.6
       Fresh double-ended-peekable v0.1.0
       Fresh sha1_smol v1.0.1
       Fresh proc-macro2 v1.0.106
       Fresh getrandom v0.4.2
       Fresh getrandom v0.3.4
       Fresh zerocopy v0.8.47
       Fresh rustix v1.1.4
       Fresh crossbeam-utils v0.8.21
       Fresh serde_core v1.0.228
       Fresh path-absolutize v3.1.1
       Fresh zmij v1.0.21
       Fresh parking_lot_core v0.9.12
       Fresh quick_cache v0.6.21
       Fresh regex-automata v0.4.14
       Fresh guardian v1.3.0
       Fresh wait-timeout v0.2.1
       Fresh bit-vec v0.8.0
       Fresh glob v0.3.3
       Fresh std-semaphore v0.1.0
       Fresh relative-path v1.9.3
       Fresh quick-error v1.2.3
       Fresh fnv v1.0.7
       Fresh futures-timer v3.0.3
       Fresh unarray v0.1.4
       Fresh quote v1.0.45
       Fresh rand_core v0.9.5
       Fresh tempfile v3.27.0
       Fresh ppv-lite86 v0.2.21
       Fresh crossbeam-epoch v0.9.18
       Fresh serde_json v1.0.149
       Fresh dashmap v6.1.0
       Fresh regex v1.12.3
       Fresh uuid v1.23.0
       Fresh num-traits v0.2.19
       Fresh bit-set v0.8.0
       Fresh syn v2.0.117
       Fresh rand_chacha v0.9.0
       Fresh crossbeam-skiplist v0.1.3
       Fresh value-log v1.9.0
       Fresh rusty-fork v0.3.1
       Fresh rand_xorshift v0.4.0
       Fresh rand v0.9.2
       Fresh futures-macro v0.3.32
       Fresh thiserror-impl v1.0.69
       Fresh enum_dispatch v0.3.13
       Fresh serde_derive v1.0.228
       Fresh rstest_macros v0.18.2
       Fresh futures-util v0.3.32
       Fresh ulid v1.2.1
       Fresh serde v1.0.228
       Fresh thiserror v1.0.69
       Fresh lsm-tree v2.10.4
       Fresh proptest v1.11.0
       Fresh futures-executor v0.3.32
       Fresh fjall v2.11.2
       Fresh vo-types v0.1.0 (/tmp/cargo-mutants-veloxide-0DrsTJ.tmp/crates/vo-types)
       Fresh futures v0.3.32
       Fresh rstest v0.18.2
warning: method `set_faults` is never used
  --> crates/vo-storage/src/lease_partition/tests_integration_acquire.rs:49:8
   |
35 | impl DeterministicLeaseStore {
   | ---------------------------- method in this implementation
...
49 |     fn set_faults(&self, faults: FaultConfig) {
   |        ^^^^^^^^^^
   |
   = note: `#[warn(dead_code)]` (part of `#[warn(unused)]`) on by default

warning: function `alternate_instance_id` is never used
   --> crates/vo-storage/src/lease_partition/tests_integration_acquire.rs:235:4
    |
235 | fn alternate_instance_id() -> InstanceId {
    |    ^^^^^^^^^^^^^^^^^^^^^

warning: function `alternate_step_id` is never used
   --> crates/vo-storage/src/lease_partition/tests_integration_acquire.rs:239:4
    |
239 | fn alternate_step_id() -> StepId {
    |    ^^^^^^^^^^^^^^^^^

warning: function `fence_token` is never used
   --> crates/vo-storage/src/lease_partition/tests_integration_acquire.rs:243:4
    |
243 | fn fence_token(value: u64) -> FenceToken {
    |    ^^^^^^^^^^^

warning: function `alternate_instance_id` is never used
   --> crates/vo-storage/src/lease_partition/tests_integration_release.rs:235:4
    |
235 | fn alternate_instance_id() -> InstanceId {
    |    ^^^^^^^^^^^^^^^^^^^^^

warning: function `alternate_step_id` is never used
   --> crates/vo-storage/src/lease_partition/tests_integration_release.rs:239:4
    |
239 | fn alternate_step_id() -> StepId {
    |    ^^^^^^^^^^^^^^^^^

warning: function `alternate_instance_id` is never used
   --> crates/vo-storage/src/lease_partition/tests_integration_stale.rs:235:4
    |
235 | fn alternate_instance_id() -> InstanceId {
    |    ^^^^^^^^^^^^^^^^^^^^^

warning: function `alternate_step_id` is never used
   --> crates/vo-storage/src/lease_partition/tests_integration_stale.rs:239:4
    |
239 | fn alternate_step_id() -> StepId {
    |    ^^^^^^^^^^^^^^^^^

warning: function `alternate_instance_id` is never used
  --> crates/vo-storage/src/lease_partition/tests_lease_entry.rs:11:4
   |
11 | fn alternate_instance_id() -> InstanceId {
   |    ^^^^^^^^^^^^^^^^^^^^^

warning: function `alternate_step_id` is never used
  --> crates/vo-storage/src/lease_partition/tests_lease_entry.rs:19:4
   |
19 | fn alternate_step_id() -> StepId {
   |    ^^^^^^^^^^^^^^^^^

warning: function `parse_instance_id` is never used
 --> crates/vo-storage/src/lease_partition/verification.rs:3:15
  |
3 | pub(super) fn parse_instance_id(raw: &str) -> InstanceId {
  |               ^^^^^^^^^^^^^^^^^

warning: function `parse_step_id` is never used
 --> crates/vo-storage/src/lease_partition/verification.rs:7:15
  |
7 | pub(super) fn parse_step_id(raw: &str) -> StepId {
  |               ^^^^^^^^^^^^^

warning: function `verify_lease_entry_rejects_zero_fence` is never used
  --> crates/vo-storage/src/lease_partition/verification.rs:13:15
   |
13 | pub(super) fn verify_lease_entry_rejects_zero_fence() {
   |               ^^^^^^^^^^^^^^^^^^^^^^^^^^^^^^^^^^^^^

warning: function `verify_encode_decode_lease_key_roundtrip` is never used
  --> crates/vo-storage/src/lease_partition/verification.rs:20:15
   |
20 | pub(super) fn verify_encode_decode_lease_key_roundtrip() {
   |               ^^^^^^^^^^^^^^^^^^^^^^^^^^^^^^^^^^^^^^^^

       Fresh vo-storage v0.1.0 (/tmp/cargo-mutants-veloxide-0DrsTJ.tmp/crates/vo-storage)
warning: `vo-storage` (lib test) generated 14 warnings
    Finished `test` profile [unoptimized + debuginfo] target(s) in 0.04s
     Running `/tmp/cargo-mutants-veloxide-0DrsTJ.tmp/target/debug/deps/vo_storage-658380d8969051b2`

running 318 tests
test codec::tests::decode_event_key_returns_corrupt_key_error_when_bytes_are_empty ... ok
test codec::tests::decode_event_key_returns_corrupt_key_error_when_bytes_are_too_short ... ok
test codec::tests::decode_event_key_returns_error_when_sequence_is_zero ... ok
test codec::tests::decode_event_key_returns_corrupt_key_error_when_bytes_are_too_long ... ok
test codec::tests::decode_event_key_returns_exact_components_when_bytes_are_minimum_valid ... ok
test codec::tests::decode_event_key_returns_exact_components_when_bytes_have_mixed_endianness ... ok
test codec::tests::decode_event_key_returns_exact_components_when_bytes_are_maximum_valid ... ok
test codec::tests::encode_event_key_returns_exact_bytes_when_inputs_are_minimums ... ok
test codec::tests::storage_error_batch_commit_failed_variant_is_constructible_and_matchable ... ok
test codec::tests::storage_error_other_variant_is_constructible_and_matchable ... ok
test codec::tests::encode_event_key_returns_exact_bytes_when_inputs_are_maximums ... ok
test dedupe_partition::tests::admission_result_admitted_ne_duplicate ... ok
test codec::tests::encode_event_key_returns_concrete_big_endian_bytes_to_preserve_ordering ... ok
test dedupe_partition::tests::admission_result_duplicate_equality ... ok
test dedupe_partition::tests::admission_result_admitted_equality ... ok
test dedupe_partition::tests::check_and_insert_replaces_expired_entry_with_new_instance_id ... ok
test dedupe_partition::tests::check_and_insert_returns_admitted_for_new_key ... ok
test dedupe_partition::tests::check_and_insert_returns_admitted_when_existing_entry_is_expired ... ok
test dedupe_partition::tests::check_and_insert_returns_error_for_zero_ttl ... ok
test dedupe_partition::tests::check_and_insert_returns_duplicate_for_existing_key ... ok
test dedupe_partition::tests::contains_returns_exact_storage_error_when_store_backend_fails ... ok
test dedupe_partition::tests::check_and_insert_returns_exact_storage_error_when_store_backend_fails ... ok
test dedupe_partition::tests::contains_returns_false_for_expired_key_in_real_store ... ok
test dedupe_partition::tests::contains_returns_false_for_missing_key_in_real_store ... ok
test dedupe_partition::tests::contains_returns_true_for_existing_unexpired_key_in_real_store ... ok
test dedupe_partition::tests::decode_dedupe_key_recovers_key ... ok
test dedupe_partition::tests::decode_dedupe_entry_returns_error_for_invalid_json ... ok
test dedupe_partition::tests::decode_dedupe_key_returns_error_for_invalid_utf8 ... ok
test dedupe_partition::tests::decode_dedupe_key_returns_error_for_empty ... ok
test dedupe_partition::tests::dedupe_entry_constructs_with_valid_fields ... ok
test dedupe_partition::tests::dedupe_entry_constructs_with_zero_expiry_boundary ... ok
test dedupe_partition::tests::decode_dedupe_key_returns_error_for_key_exceeding_256_bytes ... ok
test dedupe_partition::tests::dedupe_entry_is_expired_at_u64_max_boundary ... ok
test dedupe_partition::tests::dedupe_entry_is_expired_returns_false_before_expiry ... ok
test dedupe_partition::tests::dedupe_entry_is_expired_returns_true_when_past_expiry ... ok
test dedupe_partition::tests::dedupe_entry_is_not_expired_before_u64_max_boundary ... ok
test dedupe_partition::tests::dedupe_entry_rejects_empty_dedupe_key ... ok
test dedupe_partition::tests::dedupe_entry_rejects_empty_instance_id ... ok
test dedupe_partition::tests::encode_dedupe_key_preserves_unicode_bytes ... ok
test dedupe_partition::tests::encode_decode_dedupe_entry_roundtrip ... ok
test dedupe_partition::tests::encode_dedupe_key_produces_utf8_bytes ... ok
test dedupe_partition::tests::dedupe_entry_serde_roundtrip ... ok
test dedupe_partition::tests::error_codec_displays_reason ... ok
test dedupe_partition::tests::error_invalid_argument_displays_message ... ok
test dedupe_partition::tests::kani_verify_dedupe_entry_rejects_empty_key ... ok
test dedupe_partition::tests::error_storage_displays_reason ... ok
test dedupe_partition::tests::kani_verify_encode_decode_dedupe_key_roundtrip ... ok
test dedupe_partition::tests::purge_expired_removes_expired_entries ... ok
test dedupe_partition::tests::purge_expired_returns_exact_storage_error_when_store_backend_fails ... ok
test dedupe_partition::tests::purge_expired_returns_zero_when_entries_remain_unexpired ... ok
test dedupe_partition::tests::verification_source_asserts_empty_key_proof_contains_exact_invalid_argument_assertion ... ok
test dedupe_partition::tests::verification_source_asserts_roundtrip_proof_contains_encode_decode_equality_assertion ... ok
test dedupe_partition::tests::verification_source_asserts_roundtrip_proof_enforces_max_length_256 ... ok
test dedupe_partition::tests::verification_source_asserts_roundtrip_proof_rejects_empty_strings_with_negated_assume ... ok
test dedupe_partition::tests::verification_source_keeps_both_kani_proof_gates_present ... ok
test effect_journal::tests::commit_returns_not_found_for_unknown_effect ... ok
test effect_journal::tests::commit_returns_already_terminal_for_committed_effect ... ok
test effect_journal::tests::decode_effect_key_recovers_effect_id ... ok
test effect_journal::tests::decode_effect_key_returns_error_for_empty_bytes ... ok
test effect_journal::tests::commit_transitions_prepared_to_committed ... ok
test effect_journal::tests::decode_effect_key_returns_error_for_invalid_utf8 ... ok
test effect_journal::tests::decode_effect_record_returns_error_for_invalid_json ... ok
test effect_journal::tests::effectid_constructs_when_instance_id_and_intent_id_valid ... ok
test effect_journal::tests::effectid_rejects_when_intent_id_empty ... ok
test effect_journal::tests::effectid_serde_roundtrip ... ok
test effect_journal::tests::effectid_equality_and_hashing ... ok
test effect_journal::tests::encode_decode_effect_record_roundtrip ... ok
test effect_journal::tests::effectid_try_from_rejects_when_string_empty ... ok
test effect_journal::tests::encode_effect_key_produces_utf8_bytes ... ok
test effect_journal::tests::encode_decode_record_roundtrip_for_prepared_status ... ok
test effect_journal::tests::encode_decode_record_roundtrip_for_rolledback_status ... ok
test effect_journal::tests::encode_decode_record_roundtrip_for_committed_status ... ok
test effect_journal::tests::error_codec_displays_reason ... ok
test effect_journal::tests::error_already_terminal_displays_effect_id_and_status ... ok
test effect_journal::tests::error_invalid_argument_displays_exact_message ... ok
test effect_journal::tests::error_not_found_displays_effect_id ... ok
test effect_journal::tests::error_storage_displays_reason ... ok
test effect_journal::tests::kani_verify_effect_id_rejects_empty_intent_id ... ok
test effect_journal::tests::kani_verify_encode_decode_key_roundtrip ... ok
test effect_journal::tests::prepare_idempotent_returns_existing_when_status_differs ... ok
test effect_journal::tests::list_pending_returns_only_prepared_effects ... ok
test effect_journal::tests::prepare_is_idempotent_for_same_intent_id ... ok
test effect_journal::tests::prepare_returns_exact_storage_error_when_backend_write_fails ... ok
test effect_journal::tests::prepare_returns_effect_id_for_new_intent ... ok
test effect_journal::tests::rollback_returns_already_terminal_for_rolledback_effect ... ok
test effect_journal::tests::rollback_returns_not_found_for_unknown_effect ... ok
test effect_journal::tests::rollback_transitions_prepared_to_rolledback ... ok
test effect_journal::tests::verification_source_keeps_both_kani_proof_gates_present ... ok
test instance_index::tests_encoding::decode_instance_index_key_returns_correct_entry_when_key_is_valid_25_bytes ... ok
test instance_index::tests_encoding::decode_instance_index_key_returns_corrupt_key_when_input_is_1000_bytes ... ok
test instance_index::tests_encoding::decode_instance_index_key_returns_corrupt_key_when_input_is_1_byte ... ok
test instance_index::tests_encoding::decode_instance_index_key_returns_corrupt_key_when_input_is_24_bytes ... ok
test instance_index::tests_encoding::decode_instance_index_key_returns_corrupt_key_when_input_is_26_bytes ... ok
test instance_index::tests_encoding::decode_instance_index_key_returns_corrupt_key_when_input_is_empty ... ok
test instance_index::tests_encoding::decode_instance_index_key_returns_corrupt_key_when_status_byte_is_0x07 ... ok
test instance_index::tests_encoding::decode_instance_index_key_returns_corrupt_key_when_status_byte_is_0xff ... ok
test instance_index::tests_encoding::decode_instance_index_key_returns_corrupt_key_when_status_byte_is_zero ... ok
test instance_index::tests_encoding::encode_instance_index_key_encodes_created_at_as_big_endian_u64_at_offset_1 ... ok
test instance_index::tests_encoding::encode_instance_index_key_encodes_instance_id_bytes_at_offset_9 ... ok
test instance_index::tests_encoding::encode_instance_index_key_handles_nil_instance_id_boundary ... ok
test instance_index::tests_encoding::encode_instance_index_key_is_deterministic_when_called_twice_with_same_inputs ... ok
test instance_index::tests_encoding::encode_instance_index_key_places_0x03_at_position_zero_when_paused ... ok
test instance_index::tests_encoding::encode_instance_index_key_places_0x04_at_position_zero_when_completed ... ok
test instance_index::tests_encoding::encode_instance_index_key_places_0x06_at_position_zero_when_cancelled ... ok
test instance_index::tests_encoding::encode_instance_index_key_places_status_byte_at_position_zero ... ok
test instance_index::tests_encoding::encode_instance_index_key_returns_25_byte_array_when_inputs_valid ... ok
test instance_index::tests_encoding::encode_instance_index_key_returns_contract_example_bytes_when_failed_ts0 ... ok
test instance_index::tests_encoding::encode_instance_index_key_returns_contract_example_bytes_when_pending_ts1000 ... ok
test instance_index::tests_encoding::encode_then_decode_returns_original_components_when_inputs_valid ... ok
test instance_index::tests_iterator::scan_iterator_decodes_valid_entries_from_inner_iterator ... ok
test instance_index::tests_iterator::scan_iterator_stops_after_storage_error ... ok
test instance_index::tests_iterator::scan_iterator_yields_init_error_on_first_next_then_none ... ok
test instance_index::tests_iterator::scan_iterator_yields_storage_error_when_inner_iterator_returns_err ... ok
test lease_partition::tests_codec::alternate_ids_are_parsed_for_cross_pair_tests ... ok
test lease_partition::tests_codec::decode_lease_entry_preserves_semantically_invalid_but_shape_valid_payload ... ok
test lease_partition::tests_codec::decode_lease_entry_returns_codec_error_when_expires_at_missing ... ok
test lease_partition::tests_codec::decode_lease_entry_returns_codec_error_when_expires_at_has_wrong_type ... ok
test lease_partition::tests_codec::decode_lease_entry_returns_codec_error_when_fence_token_has_wrong_type ... ok
test lease_partition::tests_codec::decode_lease_entry_returns_codec_error_when_input_empty ... ok
test lease_partition::tests_codec::decode_lease_entry_returns_codec_error_when_instance_id_has_wrong_type ... ok
test lease_partition::tests_codec::decode_lease_entry_returns_codec_error_when_json_is_array ... ok
test lease_partition::tests_codec::decode_lease_entry_returns_codec_error_when_json_is_malformed ... ok
test lease_partition::tests_codec::decode_lease_entry_returns_entry_matching_literal_json ... ok
test lease_partition::tests_codec::decode_lease_entry_returns_entry_with_u64_max_fields_from_json ... ok
test lease_partition::tests_codec::decode_lease_key_returns_codec_error_when_bytes_are_invalid_utf8 ... ok
test lease_partition::tests_codec::decode_lease_key_returns_codec_error_when_instance_segment_empty ... ok
test lease_partition::tests_codec::decode_lease_key_returns_codec_error_when_instance_segment_has_invalid_length ... ok
test lease_partition::tests_codec::decode_lease_key_returns_codec_error_when_instance_segment_is_26_char_nil_ulid ... ok
test lease_partition::tests_codec::decode_lease_key_returns_codec_error_when_key_contains_multiple_delimiters ... ok
test lease_partition::tests_codec::decode_lease_key_returns_codec_error_when_step_segment_empty ... ok
test lease_partition::tests_codec::decode_lease_key_returns_codec_error_when_step_segment_has_invalid_character ... ok
test lease_partition::tests_codec::decode_lease_key_returns_ids_when_given_exact_literal_key_bytes ... ok
test lease_partition::tests_codec::decode_lease_key_returns_missing_delimiter_error_when_delimiter_absent ... ok
test lease_partition::tests_codec::decode_lease_key_returns_missing_delimiter_error_when_input_empty ... ok
test lease_partition::tests_codec::decode_lease_key_returns_original_ids_when_input_was_encoded ... ok
test lease_partition::tests_codec::encode_lease_entry_returns_exact_json_bytes_for_known_entry ... ok
test lease_partition::tests_codec::encode_lease_entry_returns_exact_json_bytes_for_u64_max_fields ... ok
test lease_partition::tests_codec::encode_lease_entry_returns_exact_json_bytes_when_expires_at_zero ... ok
test lease_partition::tests_codec::encode_lease_entry_round_trips_with_decode_for_valid_entry ... ok
test lease_partition::tests_codec::encode_lease_key_preserves_hyphen_and_underscore_in_step_id ... ok
test lease_partition::tests_codec::encode_lease_key_returns_exact_byte_length_for_known_ids ... ok
test lease_partition::tests_codec::encode_lease_key_returns_exact_bytes_for_valid_ids ... ok
test lease_partition::tests_codec::lease_partition_equals_leases ... ok
test lease_partition::tests_codec::lease_store_error_display_equals_exact_message_for_codec ... ok
test lease_partition::tests_codec::lease_store_error_display_equals_exact_message_for_fence_token_exhausted ... ok
test lease_partition::tests_codec::lease_store_error_display_equals_exact_message_for_invalid_argument ... ok
test lease_partition::tests_codec::lease_store_error_display_equals_exact_message_for_lease_already_held ... ok
test lease_partition::tests_codec::lease_store_error_display_equals_exact_message_for_not_found ... ok
test lease_partition::tests_codec::lease_store_error_display_equals_exact_message_for_stale_fence ... ok
test lease_partition::tests_codec::lease_store_error_display_equals_exact_message_for_storage ... ok
test lease_partition::tests_integration_acquire::acquire_accepts_u64_max_ttl_when_pair_absent ... ok
test lease_partition::tests_integration_acquire::acquire_does_not_replace_current_lease_when_lease_already_held ... ok
test lease_partition::tests_integration_acquire::acquire_establishes_authoritative_lease_when_pair_absent ... ok
test lease_partition::tests_integration_acquire::acquire_establishes_authoritative_lease_when_ttl_is_one ... ok
test lease_partition::tests_integration_acquire::acquire_returns_invalid_argument_when_ttl_zero ... ok
test lease_partition::tests_integration_acquire::acquire_returns_lease_already_held_when_unexpired_lease_exists ... ok
test lease_partition::tests_integration_acquire::acquire_returns_new_authoritative_lease_when_now_equals_expiry ... ok
test lease_partition::tests_integration_acquire::acquire_returns_new_authoritative_lease_when_now_greater_than_expiry ... ok
test lease_partition::tests_integration_expiry::acquire_lease_already_held_does_not_extend_original_expiry ... ok
test lease_partition::tests_integration_expiry::acquire_on_one_pair_leaves_original_pair_current_and_releasable_when_different_pair_acquires ... ok
test lease_partition::tests_integration_expiry::acquire_returns_fence_token_exhausted_after_u64_max_expiry ... ok
test lease_partition::tests_integration_expiry::acquire_returns_storage_error_when_lookup_fails ... ok
test lease_partition::tests_integration_expiry::acquire_returns_storage_error_when_persist_fails ... ok
test lease_partition::tests_integration_expiry::acquire_returns_fence_token_exhausted_after_u64_max_release ... ok
test lease_partition::tests_integration_expiry::release_stale_fence_does_not_extend_current_lease_expiry ... ok
test lease_partition::tests_integration_release::release_allows_reacquire_with_next_token_when_current_lease_was_deleted ... ok
test lease_partition::tests_integration_release::release_not_found_leaves_pair_acquirable ... ok
test lease_partition::tests_integration_release::release_returns_not_found_on_second_release_when_first_release_deleted_current_lease ... ok
test lease_partition::tests_integration_release::release_returns_not_found_when_pair_absent ... ok
test lease_partition::tests_integration_release::release_returns_stale_fence_when_token_is_lower_than_current ... ok
test lease_partition::tests_integration_release::release_returns_storage_error_when_delete_fails ... ok
test lease_partition::tests_integration_release::release_returns_stale_fence_when_token_mismatches_current ... ok
test lease_partition::tests_integration_release::release_returns_storage_error_when_lookup_fails ... ok
test lease_partition::tests_integration_release::release_stale_fence_leaves_current_lease_intact ... ok
test lease_partition::tests_integration_stale::check_stale_fence_is_observational ... ok
test lease_partition::tests_integration_stale::check_stale_fence_is_observational_across_expiry_boundary ... ok
test lease_partition::tests_integration_stale::check_stale_fence_returns_false_when_current_token_matches ... ok
test lease_partition::tests_integration_stale::check_stale_fence_returns_false_when_pair_absent ... ok
test lease_partition::tests_integration_stale::check_stale_fence_returns_storage_error_when_lookup_fails ... ok
test lease_partition::tests_integration_stale::check_stale_fence_returns_true_when_current_token_differs ... ok
test lease_partition::tests_integration_stale::check_stale_fence_returns_true_when_supplied_token_is_lower_than_current ... ok
test lease_partition::tests_lease_entry::lease_entry_expires_at_returns_original_u64_when_entry_constructed ... ok
test lease_partition::tests_lease_entry::lease_entry_fence_token_returns_original_u64_when_entry_constructed ... ok
test lease_partition::tests_lease_entry::lease_entry_instance_id_returns_original_string_when_entry_constructed ... ok
test lease_partition::tests_lease_entry::lease_entry_is_expired_when_expiry_is_u64_max_and_now_is_u64_max ... ok
test lease_partition::tests_lease_entry::lease_entry_is_expired_when_now_equals_expiry ... ok
test lease_partition::tests_lease_entry::lease_entry_is_expired_when_now_greater_than_expiry ... ok
test lease_partition::tests_lease_entry::lease_entry_is_expired_when_now_zero_and_expiry_zero ... ok
test lease_partition::tests_lease_entry::lease_entry_is_not_expired_when_expiry_is_u64_max_and_now_is_u64_max_minus_one ... ok
test lease_partition::tests_lease_entry::lease_entry_is_not_expired_when_now_is_one_less_than_expiry ... ok
test lease_partition::tests_lease_entry::lease_entry_is_not_expired_when_now_zero_and_expiry_one ... ok
test lease_partition::tests_lease_entry::lease_entry_remains_expired_when_checked_again_after_boundary ... ok
test lease_partition::tests_lease_entry::lease_entry_returns_entry_when_both_u64_fields_are_u64_max ... ok
test lease_partition::tests_lease_entry::lease_entry_returns_entry_when_expires_at_is_u64_max ... ok
test lease_partition::tests_lease_entry::lease_entry_returns_entry_when_expires_at_zero ... ok
test lease_partition::tests_lease_entry::lease_entry_returns_entry_when_fence_token_is_u64_max ... ok
test lease_partition::tests_lease_entry::lease_entry_returns_entry_when_fields_valid ... ok
test lease_partition::tests_lease_entry::lease_entry_returns_invalid_argument_when_fence_token_zero ... ok
test lease_partition::tests_lease_entry::lease_entry_returns_invalid_argument_when_instance_id_empty ... ok
test lease_partition::tests_lease_entry::lease_entry_returns_invalid_argument_when_step_id_empty ... ok
test lease_partition::tests_lease_entry::lease_entry_step_id_returns_original_string_when_entry_constructed ... ok
test lease_partition::tests_lease_entry::lease_entry_to_lease_record_preserves_u64_max_token_when_ids_valid ... ok
test lease_partition::tests_lease_entry::lease_entry_to_lease_record_returns_codec_error_when_fence_token_zero ... ok
test lease_partition::tests_lease_entry::lease_entry_to_lease_record_returns_codec_error_when_instance_id_empty ... ok
test lease_partition::tests_lease_entry::lease_entry_to_lease_record_returns_codec_error_when_instance_id_is_nil_ulid ... ok
test lease_partition::tests_lease_entry::lease_entry_to_lease_record_returns_codec_error_when_instance_id_length_invalid ... ok
test lease_partition::tests_lease_entry::lease_entry_to_lease_record_returns_codec_error_when_step_id_empty ... ok
test lease_partition::tests_lease_entry::lease_entry_to_lease_record_returns_codec_error_when_step_id_has_invalid_character ... ok
test lease_partition::tests_lease_entry::lease_entry_to_lease_record_returns_codec_error_when_step_id_starts_with_underscore ... ok
test lease_partition::tests_lease_entry::lease_entry_to_lease_record_returns_typed_record_when_fields_valid ... ok
test purge::tests::is_terminal_returns_expected_value_for_each_status::case_1 ... ok
test purge::tests::is_terminal_returns_expected_value_for_each_status::case_2 ... ok
test purge::tests::is_terminal_returns_expected_value_for_each_status::case_3 ... ok
test purge::tests::is_terminal_returns_expected_value_for_each_status::case_4 ... ok
test purge::tests::is_terminal_returns_expected_value_for_each_status::case_5 ... ok
test purge::tests::is_terminal_returns_expected_value_for_each_status::case_6 ... ok
test query::tests::decode_key_returns_error_for_empty_slice ... ok
test query::tests::decode_key_returns_error_for_short_slice ... ok
test query::tests::decode_key_returns_error_for_zero_sequence ... ok
test query::tests::encode_key_is_const_fn ... ok
test query::tests::encode_key_returns_big_endian_bytes_for_large_value ... ok
test query::tests::decode_key_returns_sequence_for_valid_big_endian_bytes ... ok
test query::tests::encode_key_returns_big_endian_bytes_for_sequence_one ... ok
test query::tests::decode_key_roundtrips_with_encode_key ... ok
test query::tests::encode_key_returns_big_endian_bytes_for_u64_max ... ok
test query::tests::encode_key_returns_error_for_zero_sequence ... ok
test query::tests::error_mapper_maps_invalid_envelope_format_to_corrupt_payload ... ok
test query::tests::error_mapper_maps_invalid_input_to_corrupt_payload ... ok
test query::tests::error_mapper_maps_unsupported_envelope_version ... ok
test query::tests::iterator_state_accepts_consecutive_sequences ... ok
test query::tests::iterator_state_detects_sequence_gap ... ok
test query::tests::iterator_state_first_advance_accepts_any_nonzero ... ok
test query::tests::iterator_state_handles_u64_overflow_checked_add ... ok
test query::tests::iterator_state_rejects_zero_sequence ... ok
test snapshots::tests::decode_snapshot_key_handles_maximum_values_correctly ... ok
test snapshots::tests::decode_snapshot_key_handles_minimum_values_correctly ... ok
test snapshots::tests::decode_snapshot_key_parses_valid_key ... ok
test snapshots::tests::decode_snapshot_key_rejects_parsing_when_byte_slice_length_is_not_exactly_24_bytes_23 ... ok
test snapshots::tests::decode_snapshot_key_rejects_parsing_when_byte_slice_length_is_zero ... ok
test snapshots::tests::decode_snapshot_key_returns_invalid_key_error_when_length_is_25 ... ok
test snapshots::tests::encode_snapshot_key_boundary_maximum_sequence_and_id ... ok
test snapshots::tests::encode_snapshot_key_boundary_minimum_sequence_and_id ... ok
test snapshots::tests::encode_snapshot_key_formats_key_exactly ... ok
test snapshots::tests::encode_snapshot_key_uses_big_endian_for_sequence ... ok
test query::tests::prefix_generator_returns_26_bytes_for_any_valid_instance_id ... ok
test query::tests::prefix_generator_returns_bytes_for_valid_instance_id ... ok
test status_store::tests::decode_status_returns_error_for_invalid_json ... ok
test snapshots::tests::snapshot_load_latest_returns_none_when_no_snapshots_exist ... ok
test status_store::tests::decode_status_returns_quarantined_from_valid_json ... ok
test status_store::tests::encode_status_returns_json_bytes_for_active ... ok
test status_store::tests::encode_status_returns_json_bytes_for_deactivated ... ok
test status_store::tests::decode_status_returns_active_from_valid_json ... ok
test status_store::tests::encode_status_returns_json_bytes_for_quarantined ... ok
test status_store::tests::encode_then_decode_is_identity_for_all_variants ... ok
test status_store::tests::decode_status_returns_deactivated_from_valid_json ... ok
test instance_index::proptests::proptest_status_byte_is_in_valid_range ... ok
test instance_index::proptests::proptest_from_byte_to_byte_round_trip ... ok
test purge::tests::purge_instance_returns_invalid_instance_id_when_input_empty ... ok
test instance_index::proptests::proptest_from_byte_rejects_invalid_bytes ... ok
test snapshots::tests::snapshot_load_latest_returns_the_snapshot_with_the_highest_sequence_number ... ok
test instance_index::proptests::proptest_encoded_key_is_always_25_bytes ... ok
test instance_index::proptests::proptest_encode_decode_round_trip ... ok
test instance_index::proptests::proptest_key_ordering_preserves_chronological_order ... ok
test status_store::tests::read_registration_status_returns_none_when_partition_has_no_entry ... ok
test snapshots::tests::snapshot_load_latest_boundary_instance_id_maximum ... ok
test status_store::tests::decode_status_returns_error_for_unknown_variant ... ok
test snapshots::tests::snapshot_load_latest_enforces_backward_seek_without_unbounded_iteration ... ok
test query::tests::proptest_encode_decode_roundtrip ... ok
test status_store::tests::status_store_error_display_returns_exact_message_for_storage ... ok
test tests::append_event_returns_ok_when_called_with_any_payload ... ok
test status_store::tests::status_store_error_display_returns_exact_message_for_corrupt_value ... ok
test timer_index::tests::fn_scan_due_timers_due_when_fire_at_equals_now ... ok
test timer_index::tests::fn_timer_delete_removes_existing_timer ... ok
test timer_index::tests::fn_timer_delete_returns_storage_when_delete_fails ... ok
test timer_index::tests::fn_timer_key_instance_id_returns_original_instance_id ... ok
test timer_index::tests::fn_timer_key_new_encodes_bytes_correctly ... ok
test timer_index::tests::fn_scan_due_timers_filters_out_different_instance_id ... ok
test timer_index::tests::fn_timer_key_timer_id_returns_original_timer_id ... ok
test timer_index::tests::fn_timer_record_try_from_parts_returns_invalid_argument_when_dual_clock_mismatches ... ok
test timer_index::tests::fn_scan_due_timers_not_due_when_fire_at_greater_than_now ... ok
test timer_index::tests::fn_timer_record_try_from_parts_returns_invalid_argument_when_duration_is_zero ... ok
test timer_index::tests::fn_timer_record_try_from_parts_returns_record_when_dual_clock_matches ... ok
test timer_index::tests::fn_timer_set_overwrites_existing_timer_when_same_key ... ok
test timer_index::tests::fn_timer_set_rejects_fire_at_ms_equal_to_now_ms ... ok
test timer_index::tests::fn_scan_due_timers_returns_storage_when_scan_fails ... ok
test timer_index::tests::fn_timer_set_rejects_when_dual_clock_invariant_is_broken ... ok
test timer_index::tests::fn_scan_due_timers_returns_trigger_time_reconstructed_from_duration ... ok
test timer_index::tests::fn_scan_due_timers_skips_entry_when_key_length_is_corrupt ... ok
test timer_index::tests::fn_timer_delete_returns_ok_when_key_is_absent ... ok
test timer_index::tests::fn_timer_set_returns_storage_when_put_fails ... ok
test timer_index::tests::fn_scan_due_timers_skips_entry_when_value_length_is_corrupt ... ok
test timer_index::tests::fn_timer_set_stores_timer_when_fire_at_ms_greater_than_now_ms ... ok
test timer_index::tests::fn_timer_set_rejects_zero_duration_ms_exact_variant ... ok
test timer_index::tests::fn_timer_value_returns_big_endian_bytes_for_duration ... ok
test timer_index::tests::fn_timer_value_returns_duration_when_duration_is_non_zero ... ok
test timer_index::tests::fn_timer_value_returns_invalid_argument_when_duration_is_zero ... ok
test snapshots::tests_property::encode_decode_roundtrip ... ok
test query::tests::proptest_encode_key_never_returns_none_for_nonzero ... ok
test timer_index::tests::fn_proptest_timer_key_ordering_preserves_lexicographic_order ... ok
test snapshots::tests_property::key_ordering_preserves_sequence ... ok
test snapshots::tests::snapshot_load_latest_returns_deserialization_failed_on_corrupt_json_value ... ok
test snapshots::tests::snapshot_load_latest_rejects_corrupted_key_from_storage ... ok
test snapshots::tests::snapshot_load_latest_does_not_bleed_into_next_prefix_when_instance_a_is_less_than_b ... ok
test purge::tests::purge_instance_deletes_events_snapshots_and_index_for_terminal_instance ... ok
test snapshots::tests::snapshot_write_boundary_instance_id_maximum ... ok
test purge::tests::purge_instance_returns_instance_running_when_instance_is_absent ... ok
test snapshots::tests::snapshot_load_latest_boundary_instance_id_minimum ... ok
test status_store::tests::load_all_statuses_returns_corrupt_value_when_stored_status_is_invalid_json ... ok
test purge::tests::purge_instance_returns_zero_when_terminal_instance_has_no_events ... ok
test status_store::tests::load_all_statuses_returns_corrupt_value_when_key_is_not_utf8 ... ok
test snapshots::tests::snapshot_write_persists_state_when_valid_state_and_sequence_provided ... ok
test snapshots::tests::snapshot_write_returns_fjall_error_on_engine_failure ... ok
test snapshots::tests::snapshot_write_boundary_instance_id_minimum ... ok
test snapshots::tests::snapshot_write_overwrites_existing_data_idempotently ... ok
test snapshots::tests::snapshot_write_returns_serialization_failed_when_unserializable ... ok
test snapshots::tests::snapshot_write_persists_state_in_populated_partition ... ok
test status_store::tests::load_all_statuses_returns_only_non_active_entries_in_key_order ... ok
test status_store::tests::read_registration_status_returns_written_status_for_existing_entry ... ok

test result: ok. 318 passed; 0 failed; 0 ignored; 0 measured; 0 filtered out; finished in 0.26s

     Running `/tmp/cargo-mutants-veloxide-0DrsTJ.tmp/target/debug/deps/fjall_integration-32143cc849d6be10`

running 1 test
test cargo_check_workspace_compiles_vo_storage_cleanly_after_scaffold ... ok

test result: ok. 1 passed; 0 failed; 0 ignored; 0 measured; 0 filtered out; finished in 0.00s

     Running `/tmp/cargo-mutants-veloxide-0DrsTJ.tmp/target/debug/deps/instance_index_fault_injection-ac431132519be158`

running 5 tests
test storage_error_corrupt_key_variant_is_constructible_and_matchable ... ok
test storage_error_storage_variant_is_constructible_and_matchable ... ok
test decode_instance_index_key_returns_corrupt_key_when_status_byte_is_invalid_in_scan_context ... ok
test scan_all_instances_yields_corrupt_key_error_when_partition_has_invalid_key ... ok
test scan_by_status_yields_corrupt_key_error_when_partition_has_invalid_length_key ... ok

test result: ok. 5 passed; 0 failed; 0 ignored; 0 measured; 0 filtered out; finished in 0.25s

     Running `/tmp/cargo-mutants-veloxide-0DrsTJ.tmp/target/debug/deps/instance_index_integration-c32b57693554da6a`

running 21 tests
test upsert_does_not_batch_delete_when_status_is_unchanged ... ok
test upsert_stores_empty_value_when_inserting_key ... ok
test upsert_removes_instance_from_old_status_scan_when_status_transitions ... ok
test scan_iterator_continues_after_corrupt_key_but_would_stop_after_storage_error ... ok
test upsert_inserts_one_key_when_previous_status_is_none ... ok
test scan_by_status_returns_correct_counts_after_interleaved_upserts ... ok
test scan_all_instances_returns_correct_total_after_mixed_operations ... ok
test scan_all_instances_returns_entries_ordered_by_status_then_created_at ... ok
test upsert_status_transition_is_atomic_via_scan_state ... ok
test upsert_with_wrong_previous_status_leaves_orphaned_key ... ok
test upsert_atomically_transitions_status_when_previous_differs_from_new ... ok
test scan_by_status_returns_empty_when_queried_status_has_no_entries_but_others_exist ... ok
test scan_all_instances_returns_empty_iterator_when_partition_is_empty ... ok
test scan_by_status_returns_empty_iterator_when_partition_is_empty ... ok
test scan_by_status_returns_all_entries_when_every_entry_matches_queried_status ... ok
test scan_yields_corrupt_key_error_when_partition_contains_malformed_key ... ok
test scan_by_status_returns_only_entries_matching_requested_status ... ok
test scan_by_status_returns_entries_ordered_by_created_at_ascending ... ok
test upsert_is_idempotent_when_status_unchanged ... ok
test upsert_transitions_through_all_six_statuses_for_single_instance ... ok
test proptests::proptest_idempotent_upsert_leaves_one_key ... ok

test result: ok. 21 passed; 0 failed; 0 ignored; 0 measured; 0 filtered out; finished in 4.77s

     Running `/tmp/cargo-mutants-veloxide-0DrsTJ.tmp/target/debug/deps/instance_index_red_queen-90a472ff91f7c164`

running 35 tests
test rq_all_six_status_variants_encode_decode_round_trip ... ok
test rq_different_instance_ids_same_status_and_ts_produce_different_keys ... ok
test rq_decode_rejects_every_invalid_status_byte_exhaustively ... ok
test rq_decode_handles_extreme_timestamp_and_id_values ... ok
test rq_key_layout_matches_contract_specification_for_all_statuses ... ok
test rq_decode_rejects_every_invalid_length_from_0_to_50 ... ok
test rq_max_instance_id_bytes_round_trip ... ok
test rq_nil_uuid_encode_decode_behavior_is_consistent ... ok
test proptests::rq_proptest_arbitrary_length_rejected ... ok
test proptests::rq_proptest_key_ordering_within_status ... ok
test proptests::rq_proptest_different_statuses_different_first_byte ... ok
test rq_scan_all_returns_globally_ordered_by_status_byte_then_created_at ... ok
test rq_max_pending_key_does_not_leak_into_running_scan ... ok
test rq_zero_timestamp_round_trips_through_encode_decode ... ok
test rq_key_with_zero_status_byte_not_returned_by_any_valid_status_scan ... ok
test rq_nil_uuid_upsert_either_succeeds_consistently_or_fails_with_corrupt_key ... ok
test rq_scan_all_finds_entries_across_all_six_status_buckets ... ok
test rq_value_is_empty_after_idempotent_upsert ... ok
test rq_u64_max_timestamp_sorts_after_all_other_timestamps_in_scan ... ok
test rq_u64_max_timestamp_round_trips_through_encode_decode ... ok
test rq_circular_status_transitions_leave_exactly_one_key ... ok
test rq_value_is_empty_after_status_transition ... ok
test rq_adjacent_status_boundaries_do_not_cross_contaminate ... ok
test rq_interleaved_transitions_do_not_cross_contaminate_instances ... ok
test rq_phantom_entries_detectable_via_scan_count ... ok
test rq_manually_injected_boundary_key_stays_in_correct_prefix_range ... ok
test rq_all_instances_same_status_returns_all_in_status_scan_none_in_others ... ok
test rq_same_timestamp_different_ids_produce_deterministic_scan_order ... ok
test rq_min_running_key_does_not_leak_into_pending_scan ... ok
test rq_1000_instances_across_all_statuses_scan_returns_correct_counts ... ok
test rq_key_with_0x07_status_byte_not_returned_by_cancelled_scan ... ok
test rq_scan_all_with_mixed_corrupt_and_valid_keys_yields_errors_and_entries ... ok
test rq_rapid_transitions_on_50_instances_leave_exactly_50_keys ... ok
test proptests::rq_proptest_status_transition_leaves_one_key ... ok
test proptests::rq_proptest_upsert_then_scan_yields_one_entry ... ok

test result: ok. 35 passed; 0 failed; 0 ignored; 0 measured; 0 filtered out; finished in 12.53s

     Running `/tmp/cargo-mutants-veloxide-0DrsTJ.tmp/target/debug/deps/integration_replay-c0fe6db9ebce741c`

running 11 tests
test replay_events_handles_corrupt_payload ... ok
test replay_events_stops_after_first_error ... ok
test replay_events_accepts_non_one_starting_sequence ... ok
test replay_events_isolates_different_instances ... ok
test replay_events_handles_large_sequence_range ... ok
test replay_events_detects_sequence_gap ... ok
test replay_events_handles_unsupported_version ... ok
test replay_events_returns_single_event_in_order ... ok
test replay_events_handles_gap_at_start ... ok
test replay_events_returns_empty_iterator_when_no_events_exist ... ok
test replay_events_returns_multiple_events_in_sequence ... ok

test result: ok. 11 passed; 0 failed; 0 ignored; 0 measured; 0 filtered out; finished in 0.25s

     Running `/tmp/cargo-mutants-veloxide-0DrsTJ.tmp/target/debug/deps/integration_snapshots-79a90c0a7f09a98e`

running 4 tests
test replay_skips_events_before_snapshot ... ok
test compaction_does_not_corrupt_snapshots ... ok
test real_disk_io_under_load ... ok
test data_survives_engine_restart ... ok

test result: ok. 4 passed; 0 failed; 0 ignored; 0 measured; 0 filtered out; finished in 0.50s

     Running `/tmp/cargo-mutants-veloxide-0DrsTJ.tmp/target/debug/deps/persistence_integration-bfab13925941e53f`

running 12 tests
test quarantine_survives_restart_and_blocks_registration ... ok
test read_registration_status_returns_none_for_unknown_workflow ... ok
test write_then_read_registration_status_returns_quarantined ... ok
test write_registration_status_overwrites_existing_entry ... ok
test write_then_read_registration_status_returns_deactivated ... ok
test proptests::write_then_read_is_identity ... ok
test deactivated_survives_restart ... ok
test write_then_read_registration_status_returns_active ... ok
test read_registration_status_returns_corrupt_value_when_data_is_invalid ... ok
test load_all_statuses_returns_corrupt_value_when_data_is_invalid_json ... ok
test load_all_statuses_returns_quarantined_and_deactivated_entries ... ok
test load_all_statuses_returns_empty_vec_when_partition_empty ... ok

test result: ok. 12 passed; 0 failed; 0 ignored; 0 measured; 0 filtered out; finished in 0.25s

     Running `/tmp/cargo-mutants-veloxide-0DrsTJ.tmp/target/debug/deps/purge_integration-81915e049a24db58`

running 8 tests
test is_terminal_returns_true_for_terminal_statuses ... ok
test is_terminal_returns_false_for_non_terminal_statuses ... ok
test purge_instance_returns_invalid_instance_id_when_input_empty ... ok
test purge_instance_returns_invalid_instance_id_when_input_is_malformed ... ok
test purge_running_instance_fails ... ok
test purge_instance_returns_instance_running_when_instance_is_absent ... ok
test purge_terminal_instance_deletes_all_records ... ok
test purge_terminal_instance_returns_zero_when_only_index_entry_exists ... ok

test result: ok. 8 passed; 0 failed; 0 ignored; 0 measured; 0 filtered out; finished in 0.25s

     Running `/tmp/cargo-mutants-veloxide-0DrsTJ.tmp/target/debug/deps/red_queen_tests-11114252564c2520`

running 5 tests
test extra_inline_module_allowed ... ok
test dependency_quotes ... ok
test disallowed_inline_table ... ok
test dependency_tables ... ok
test missing_module_pub_crate ... ok

test result: ok. 5 passed; 0 failed; 0 ignored; 0 measured; 0 filtered out; finished in 0.00s

     Running `/tmp/cargo-mutants-veloxide-0DrsTJ.tmp/target/debug/deps/structural_test-201485f837a9f415`

running 37 tests
test checker_returns_error_when_validating_real_project_with_missing_dependency_on_disk ... ok
test dependency_checker_returns_disallowed_dependency_error_when_arbitrary_unlisted_dep_present ... ok
test dependency_checker_fuzz_placeholder ... ok
test checker_returns_error_when_validating_real_project_with_missing_module_on_disk ... ok
test dependency_checker_returns_disallowed_dependency_error_when_tokio_in_build_dependencies ... ok
test checker_returns_ok_when_validating_real_vo_storage_project_on_disk ... ok
test dependency_checker_returns_disallowed_dependency_error_when_serde_json_core_is_present ... ok
test dependency_checker_returns_disallowed_dependency_error_when_tokio_present ... ok
test dependency_checker_returns_disallowed_dependency_error_when_tokio_in_dev_dependencies ... ok
test dependency_checker_returns_malformed_file_error_when_toml_is_invalid ... ok
test dependency_checker_returns_missing_dependency_error_when_cargo_toml_is_empty ... ok
test dependency_checker_returns_missing_dependency_error_when_fjall_absent ... ok
test dependency_checker_returns_missing_dependency_error_when_fjall_is_commented_out ... ok
test dependency_checker_returns_missing_dependency_error_when_fjall_is_only_in_dev_dependencies ... ok
test dependency_checker_returns_missing_dependency_error_when_serde_absent ... ok
test dependency_checker_returns_missing_dependency_error_when_serde_json_absent ... ok
test dependency_checker_returns_missing_dependency_error_when_vo_types_absent ... ok
test module_checker_fuzz_placeholder ... ok
test dependency_checker_returns_ok_when_cargo_toml_is_valid ... ok
test module_checker_returns_malformed_file_error_when_rust_syntax_is_invalid ... ok
test module_checker_returns_missing_module_error_when_append_absent ... ok
test module_checker_returns_missing_module_error_when_lib_rs_is_empty ... ok
test module_checker_returns_missing_module_error_when_codec_absent ... ok
test module_checker_returns_missing_module_error_when_module_is_commented_out ... ok
test module_checker_returns_missing_module_error_when_module_is_inside_test_scope ... ok
test module_checker_returns_missing_module_error_when_module_is_nested ... ok
test module_checker_returns_missing_module_error_when_partitions_absent ... ok
test module_checker_returns_missing_module_error_when_timer_index_absent ... ok
test module_checker_returns_missing_module_error_when_query_absent ... ok
test module_checker_returns_ok_when_lib_rs_is_valid ... ok
test workspace_checker_returns_cyclic_dependency_error_when_vo_types_depends_on_vo_storage ... ok
test dependency_checker_returns_malformed_file_error_when_cargo_toml_exceeds_maximum_size ... ok
test dependency_checker_returns_ok_when_cargo_toml_is_exactly_maximum_size ... ok
test module_checker_returns_ok_when_lib_rs_is_exactly_maximum_size ... ok
test module_checker_returns_malformed_file_error_when_lib_rs_exceeds_maximum_size ... ok
test valid_rust_ast_generated_passes_or_fails_correctly ... ok
test valid_toml_generated_passes_or_fails_correctly ... ok

test result: ok. 37 passed; 0 failed; 0 ignored; 0 measured; 0 filtered out; finished in 0.03s

   Doc-tests vo_storage
     Running `/home/lewis/.rustup/toolchains/nightly-x86_64-unknown-linux-gnu/bin/rustdoc --edition=2021 --crate-type lib --color auto --crate-name vo_storage --test crates/vo-storage/src/lib.rs --test-run-directory /tmp/cargo-mutants-veloxide-0DrsTJ.tmp/crates/vo-storage --warn=unexpected_cfgs --check-cfg 'cfg(kani)' --check-cfg 'cfg(feature, values("proptest"))' --extern fjall=/tmp/cargo-mutants-veloxide-0DrsTJ.tmp/target/debug/deps/libfjall-abfe8d737f32f68d.rlib --extern proptest=/tmp/cargo-mutants-veloxide-0DrsTJ.tmp/target/debug/deps/libproptest-216a766c56ac4476.rlib --extern rstest=/tmp/cargo-mutants-veloxide-0DrsTJ.tmp/target/debug/deps/librstest-ce971fceb7271210.rlib --extern serde=/tmp/cargo-mutants-veloxide-0DrsTJ.tmp/target/debug/deps/libserde-65225f6523a3f7e1.rlib --extern serde_json=/tmp/cargo-mutants-veloxide-0DrsTJ.tmp/target/debug/deps/libserde_json-74f26af1301414df.rlib --extern tempfile=/tmp/cargo-mutants-veloxide-0DrsTJ.tmp/target/debug/deps/libtempfile-8ce133578a770185.rlib --extern thiserror=/tmp/cargo-mutants-veloxide-0DrsTJ.tmp/target/debug/deps/libthiserror-0f760a551262ab92.rlib --extern ulid=/tmp/cargo-mutants-veloxide-0DrsTJ.tmp/target/debug/deps/libulid-76e66df51ef33b17.rlib --extern vo_storage=/tmp/cargo-mutants-veloxide-0DrsTJ.tmp/target/debug/deps/libvo_storage-069610b2624a88b4.rlib --extern vo_types=/tmp/cargo-mutants-veloxide-0DrsTJ.tmp/target/debug/deps/libvo_types-cb83cbd4b68501ac.rlib -L dependency=/tmp/cargo-mutants-veloxide-0DrsTJ.tmp/target/debug/deps -C embed-bitcode=no --check-cfg 'cfg(docsrs,test)' --check-cfg 'cfg(feature, values("proptest"))' --error-format human`

running 0 tests

test result: ok. 0 passed; 0 failed; 0 ignored; 0 measured; 0 filtered out; finished in 0.00s


*** result: Success
