
*** crates/vo-storage/src/effect_journal/mod.rs:264:9: replace <impl EffectJournal for InMemoryEffectJournal>::prepare -> Result<EffectId, EffectJournalError> with Ok(Default::default())

*** mutation diff:
--- crates/vo-storage/src/effect_journal/mod.rs
+++ replace <impl EffectJournal for InMemoryEffectJournal>::prepare -> Result<EffectId, EffectJournalError> with Ok(Default::default())
@@ -256,34 +256,17 @@
 /// The guard is intentionally held across match arms; drop order is safe.
 #[allow(clippy::significant_drop_tightening)]
 impl EffectJournal for InMemoryEffectJournal {
     fn prepare(
         &self,
         instance_id: &InstanceId,
         record: EffectRecord,
     ) -> Result<EffectId, EffectJournalError> {
-        let intent_id = record.intent_id().to_string();
-        let effect_id = EffectId::new(instance_id, intent_id.as_str())?;
-        let key = effect_id.as_str().to_string();
-
-        let mut records = self
-            .records
-            .lock()
-            .map_err(|e| EffectJournalError::Storage {
-                reason: e.to_string(),
-            })?;
-
-        // Idempotent: return existing if same intent_id already stored
-        if records.contains_key(&key) {
-            return Ok(effect_id);
-        }
-
-        records.insert(key, record);
-        Ok(effect_id)
+        Ok(Default::default()) /* ~ changed by cargo-mutants ~ */
     }
 
     fn commit(&self, effect_id: &EffectId) -> Result<(), EffectJournalError> {
         let key = effect_id.as_str().to_string();
         let mut records = self
             .records
             .lock()
             .map_err(|e| EffectJournalError::Storage {


*** /home/lewis/.rustup/toolchains/nightly-x86_64-unknown-linux-gnu/bin/cargo test --no-run --verbose --package=vo-storage@0.1.0
       Fresh cfg-if v1.0.4
       Fresh unicode-ident v1.0.24
       Fresh once_cell v1.21.4
       Fresh bitflags v2.11.0
       Fresh linux-raw-sys v0.12.1
       Fresh fastrand v2.3.0
       Fresh futures-sink v0.3.32
       Fresh futures-core v0.3.32
       Fresh compare v0.0.6
       Fresh memchr v2.8.0
       Fresh semver v1.0.27
       Fresh regex-syntax v0.8.10
       Fresh log v0.4.29
       Fresh xxhash-rust v0.8.15
       Fresh pin-project-lite v0.2.17
       Fresh hashbrown v0.16.1
       Fresh byteview v0.6.1
       Fresh scopeguard v1.2.0
       Fresh equivalent v1.0.2
       Fresh libc v0.2.183
       Fresh path-dedot v3.1.1
       Fresh interval-heap v0.0.5
       Fresh rustc_version v0.4.1
       Fresh futures-channel v0.3.32
       Fresh aho-corasick v1.1.4
       Fresh futures-io v0.3.32
       Fresh smallvec v1.15.1
       Fresh varint-rs v2.2.0
       Fresh slab v0.4.12
       Fresh futures-task v0.3.32
       Fresh byteorder v1.5.0
       Fresh autocfg v1.5.0
       Fresh rustc-hash v2.1.2
       Fresh quick_cache v0.6.21
       Fresh lock_api v0.4.14
       Fresh itoa v1.0.18
       Fresh double-ended-peekable v0.1.0
       Fresh guardian v1.3.0
       Fresh lz4_flex v0.11.6
       Fresh proc-macro2 v1.0.106
       Fresh getrandom v0.4.2
       Fresh getrandom v0.3.4
       Fresh rustix v1.1.4
       Fresh zerocopy v0.8.47
       Fresh crossbeam-utils v0.8.21
       Fresh serde_core v1.0.228
       Fresh path-absolutize v3.1.1
       Fresh regex-automata v0.4.14
       Fresh parking_lot_core v0.9.12
       Fresh zmij v1.0.21
       Fresh hashbrown v0.14.5
       Fresh sha1_smol v1.0.1
       Fresh self_cell v1.2.2
       Fresh wait-timeout v0.2.1
       Fresh std-semaphore v0.1.0
       Fresh relative-path v1.9.3
       Fresh bit-vec v0.8.0
       Fresh fnv v1.0.7
       Fresh glob v0.3.3
       Fresh quick-error v1.2.3
       Fresh futures-timer v3.0.3
       Fresh unarray v0.1.4
       Fresh quote v1.0.45
       Fresh rand_core v0.9.5
       Fresh ppv-lite86 v0.2.21
       Fresh tempfile v3.27.0
       Fresh crossbeam-epoch v0.9.18
       Fresh regex v1.12.3
       Fresh uuid v1.23.0
       Fresh dashmap v6.1.0
       Fresh serde_json v1.0.149
       Fresh bit-set v0.8.0
       Fresh syn v2.0.117
       Fresh rand_chacha v0.9.0
       Fresh crossbeam-skiplist v0.1.3
       Fresh value-log v1.9.0
       Fresh rusty-fork v0.3.1
       Fresh num-traits v0.2.19
       Fresh rand_xorshift v0.4.0
       Fresh futures-macro v0.3.32
       Fresh rand v0.9.2
       Fresh serde_derive v1.0.228
       Fresh enum_dispatch v0.3.13
       Fresh thiserror-impl v1.0.69
       Fresh rstest_macros v0.18.2
       Fresh futures-util v0.3.32
       Fresh thiserror v1.0.69
       Fresh serde v1.0.228
       Fresh lsm-tree v2.10.4
       Fresh ulid v1.2.1
       Fresh proptest v1.11.0
       Fresh futures-executor v0.3.32
       Fresh vo-types v0.1.0 (/tmp/cargo-mutants-veloxide-99LfjB.tmp/crates/vo-types)
       Fresh fjall v2.11.2
       Fresh futures v0.3.32
       Dirty vo-storage v0.1.0 (/tmp/cargo-mutants-veloxide-99LfjB.tmp/crates/vo-storage): couldn't read metadata for file `target/debug/deps/libvo_storage-069610b2624a88b4.rlib`
   Compiling vo-storage v0.1.0 (/tmp/cargo-mutants-veloxide-99LfjB.tmp/crates/vo-storage)
       Fresh rstest v0.18.2
     Running `sccache /home/lewis/.rustup/toolchains/nightly-x86_64-unknown-linux-gnu/bin/rustc --crate-name vo_storage --edition=2021 crates/vo-storage/src/lib.rs --error-format=json --json=diagnostic-rendered-ansi,artifacts,future-incompat --crate-type lib --emit=dep-info,metadata,link -C embed-bitcode=no -C debuginfo=2 --warn=unexpected_cfgs --check-cfg 'cfg(kani)' --check-cfg 'cfg(feature, values("proptest"))' --check-cfg 'cfg(docsrs,test)' --check-cfg 'cfg(feature, values("proptest"))' -C metadata=c6dd14474b4ca5c1 -C extra-filename=-069610b2624a88b4 --out-dir /tmp/cargo-mutants-veloxide-99LfjB.tmp/target/debug/deps -C incremental=/tmp/cargo-mutants-veloxide-99LfjB.tmp/target/debug/incremental -L dependency=/tmp/cargo-mutants-veloxide-99LfjB.tmp/target/debug/deps --extern fjall=/tmp/cargo-mutants-veloxide-99LfjB.tmp/target/debug/deps/libfjall-abfe8d737f32f68d.rmeta --extern serde=/tmp/cargo-mutants-veloxide-99LfjB.tmp/target/debug/deps/libserde-65225f6523a3f7e1.rmeta --extern serde_json=/tmp/cargo-mutants-veloxide-99LfjB.tmp/target/debug/deps/libserde_json-74f26af1301414df.rmeta --extern vo_types=/tmp/cargo-mutants-veloxide-99LfjB.tmp/target/debug/deps/libvo_types-cb83cbd4b68501ac.rmeta`
     Running `sccache /home/lewis/.rustup/toolchains/nightly-x86_64-unknown-linux-gnu/bin/rustc --crate-name vo_storage --edition=2021 crates/vo-storage/src/lib.rs --error-format=json --json=diagnostic-rendered-ansi,artifacts,future-incompat --emit=dep-info,link -C embed-bitcode=no -C debuginfo=2 --warn=unexpected_cfgs --check-cfg 'cfg(kani)' --check-cfg 'cfg(feature, values("proptest"))' --test --check-cfg 'cfg(docsrs,test)' --check-cfg 'cfg(feature, values("proptest"))' -C metadata=0160923efe8bc4f1 -C extra-filename=-658380d8969051b2 --out-dir /tmp/cargo-mutants-veloxide-99LfjB.tmp/target/debug/deps -C incremental=/tmp/cargo-mutants-veloxide-99LfjB.tmp/target/debug/incremental -L dependency=/tmp/cargo-mutants-veloxide-99LfjB.tmp/target/debug/deps --extern fjall=/tmp/cargo-mutants-veloxide-99LfjB.tmp/target/debug/deps/libfjall-abfe8d737f32f68d.rlib --extern proptest=/tmp/cargo-mutants-veloxide-99LfjB.tmp/target/debug/deps/libproptest-216a766c56ac4476.rlib --extern rstest=/tmp/cargo-mutants-veloxide-99LfjB.tmp/target/debug/deps/librstest-ce971fceb7271210.rlib --extern serde=/tmp/cargo-mutants-veloxide-99LfjB.tmp/target/debug/deps/libserde-65225f6523a3f7e1.rlib --extern serde_json=/tmp/cargo-mutants-veloxide-99LfjB.tmp/target/debug/deps/libserde_json-74f26af1301414df.rlib --extern tempfile=/tmp/cargo-mutants-veloxide-99LfjB.tmp/target/debug/deps/libtempfile-8ce133578a770185.rlib --extern thiserror=/tmp/cargo-mutants-veloxide-99LfjB.tmp/target/debug/deps/libthiserror-0f760a551262ab92.rlib --extern ulid=/tmp/cargo-mutants-veloxide-99LfjB.tmp/target/debug/deps/libulid-76e66df51ef33b17.rlib --extern vo_types=/tmp/cargo-mutants-veloxide-99LfjB.tmp/target/debug/deps/libvo_types-cb83cbd4b68501ac.rlib`
error[E0277]: the trait bound `EffectId: Default` is not satisfied
   --> crates/vo-storage/src/effect_journal/mod.rs:264:12
    |
264 |         Ok(Default::default()) /* ~ changed by cargo-mutants ~ */
    |            ^^^^^^^^^^^^^^^^^^ the trait `Default` is not implemented for `EffectId`
    |
help: consider annotating `EffectId` with `#[derive(Default)]`
    |
 33 + #[derive(Default)]
 34 | pub struct EffectId(String);
    |

For more information about this error, try `rustc --explain E0277`.
error: could not compile `vo-storage` (lib) due to 1 previous error

Caused by:
  process didn't exit successfully: `sccache /home/lewis/.rustup/toolchains/nightly-x86_64-unknown-linux-gnu/bin/rustc --crate-name vo_storage --edition=2021 crates/vo-storage/src/lib.rs --error-format=json --json=diagnostic-rendered-ansi,artifacts,future-incompat --crate-type lib --emit=dep-info,metadata,link -C embed-bitcode=no -C debuginfo=2 --warn=unexpected_cfgs --check-cfg 'cfg(kani)' --check-cfg 'cfg(feature, values("proptest"))' --check-cfg 'cfg(docsrs,test)' --check-cfg 'cfg(feature, values("proptest"))' -C metadata=c6dd14474b4ca5c1 -C extra-filename=-069610b2624a88b4 --out-dir /tmp/cargo-mutants-veloxide-99LfjB.tmp/target/debug/deps -C incremental=/tmp/cargo-mutants-veloxide-99LfjB.tmp/target/debug/incremental -L dependency=/tmp/cargo-mutants-veloxide-99LfjB.tmp/target/debug/deps --extern fjall=/tmp/cargo-mutants-veloxide-99LfjB.tmp/target/debug/deps/libfjall-abfe8d737f32f68d.rmeta --extern serde=/tmp/cargo-mutants-veloxide-99LfjB.tmp/target/debug/deps/libserde-65225f6523a3f7e1.rmeta --extern serde_json=/tmp/cargo-mutants-veloxide-99LfjB.tmp/target/debug/deps/libserde_json-74f26af1301414df.rmeta --extern vo_types=/tmp/cargo-mutants-veloxide-99LfjB.tmp/target/debug/deps/libvo_types-cb83cbd4b68501ac.rmeta` (exit status: 1)
warning: build failed, waiting for other jobs to finish...
error[E0277]: the trait bound `effect_journal::EffectId: Default` is not satisfied
   --> crates/vo-storage/src/effect_journal/mod.rs:264:12
    |
264 |         Ok(Default::default()) /* ~ changed by cargo-mutants ~ */
    |            ^^^^^^^^^^^^^^^^^^ the trait `Default` is not implemented for `effect_journal::EffectId`
    |
help: consider annotating `effect_journal::EffectId` with `#[derive(Default)]`
    |
 33 + #[derive(Default)]
 34 | pub struct EffectId(String);
    |

error: could not compile `vo-storage` (lib test) due to 1 previous error

Caused by:
  process didn't exit successfully: `sccache /home/lewis/.rustup/toolchains/nightly-x86_64-unknown-linux-gnu/bin/rustc --crate-name vo_storage --edition=2021 crates/vo-storage/src/lib.rs --error-format=json --json=diagnostic-rendered-ansi,artifacts,future-incompat --emit=dep-info,link -C embed-bitcode=no -C debuginfo=2 --warn=unexpected_cfgs --check-cfg 'cfg(kani)' --check-cfg 'cfg(feature, values("proptest"))' --test --check-cfg 'cfg(docsrs,test)' --check-cfg 'cfg(feature, values("proptest"))' -C metadata=0160923efe8bc4f1 -C extra-filename=-658380d8969051b2 --out-dir /tmp/cargo-mutants-veloxide-99LfjB.tmp/target/debug/deps -C incremental=/tmp/cargo-mutants-veloxide-99LfjB.tmp/target/debug/incremental -L dependency=/tmp/cargo-mutants-veloxide-99LfjB.tmp/target/debug/deps --extern fjall=/tmp/cargo-mutants-veloxide-99LfjB.tmp/target/debug/deps/libfjall-abfe8d737f32f68d.rlib --extern proptest=/tmp/cargo-mutants-veloxide-99LfjB.tmp/target/debug/deps/libproptest-216a766c56ac4476.rlib --extern rstest=/tmp/cargo-mutants-veloxide-99LfjB.tmp/target/debug/deps/librstest-ce971fceb7271210.rlib --extern serde=/tmp/cargo-mutants-veloxide-99LfjB.tmp/target/debug/deps/libserde-65225f6523a3f7e1.rlib --extern serde_json=/tmp/cargo-mutants-veloxide-99LfjB.tmp/target/debug/deps/libserde_json-74f26af1301414df.rlib --extern tempfile=/tmp/cargo-mutants-veloxide-99LfjB.tmp/target/debug/deps/libtempfile-8ce133578a770185.rlib --extern thiserror=/tmp/cargo-mutants-veloxide-99LfjB.tmp/target/debug/deps/libthiserror-0f760a551262ab92.rlib --extern ulid=/tmp/cargo-mutants-veloxide-99LfjB.tmp/target/debug/deps/libulid-76e66df51ef33b17.rlib --extern vo_types=/tmp/cargo-mutants-veloxide-99LfjB.tmp/target/debug/deps/libvo_types-cb83cbd4b68501ac.rlib` (exit status: 1)

*** result: Failure(101)
