
*** crates/vo-types/src/compensation.rs:175:9: replace CompensationRecord::completed_at -> Option<&crate::types::TimestampMs> with Some(Box::leak(Box::new(Default::default())))

*** mutation diff:
--- crates/vo-types/src/compensation.rs
+++ replace CompensationRecord::completed_at -> Option<&crate::types::TimestampMs> with Some(Box::leak(Box::new(Default::default())))
@@ -167,17 +167,17 @@
 
     #[must_use]
     pub fn started_at(&self) -> Option<&crate::types::TimestampMs> {
         self.started_at.as_ref()
     }
 
     #[must_use]
     pub fn completed_at(&self) -> Option<&crate::types::TimestampMs> {
-        self.completed_at.as_ref()
+        Some(Box::leak(Box::new(Default::default()))) /* ~ changed by cargo-mutants ~ */
     }
 }
 
 /// Apply a state transition to a CompensationStatus.
 ///
 /// # Errors
 ///
 /// Returns `CompensationTransitionError::TerminalStateTransition` if the current state


*** /home/lewis/.rustup/toolchains/nightly-x86_64-unknown-linux-gnu/bin/cargo check --tests --verbose --package=vo-types@0.1.0
       Fresh unicode-ident v1.0.24
       Fresh proc-macro2 v1.0.106
       Fresh futures-sink v0.3.32
       Fresh futures-core v0.3.32
       Fresh memchr v2.8.0
       Fresh semver v1.0.27
       Fresh futures-task v0.3.32
       Fresh pin-project-lite v0.2.17
       Fresh slab v0.4.12
       Fresh futures-io v0.3.32
       Fresh regex-syntax v0.8.10
       Fresh relative-path v1.9.3
       Fresh cfg-if v1.0.4
       Fresh glob v0.3.3
       Fresh itoa v1.0.18
       Fresh sha1_smol v1.0.1
       Fresh futures-timer v3.0.3
       Fresh quote v1.0.45
       Fresh libc v0.2.183
       Fresh zerocopy v0.8.47
       Fresh futures-channel v0.3.32
       Fresh aho-corasick v1.1.4
       Fresh rustc_version v0.4.1
       Fresh syn v2.0.117
       Fresh getrandom v0.3.4
       Fresh serde_core v1.0.228
       Fresh ppv-lite86 v0.2.21
       Fresh regex-automata v0.4.14
       Fresh zmij v1.0.21
       Fresh getrandom v0.4.2
       Fresh futures-macro v0.3.32
       Fresh rand_core v0.9.5
       Fresh thiserror-impl v1.0.69
       Fresh regex v1.12.3
       Fresh serde_derive v1.0.228
       Fresh serde_json v1.0.149
       Fresh uuid v1.23.0
       Fresh rand_chacha v0.9.0
       Fresh futures-util v0.3.32
       Fresh rstest_macros v0.18.2
       Fresh thiserror v1.0.69
       Fresh serde v1.0.228
       Fresh rand v0.9.2
       Fresh futures-executor v0.3.32
       Fresh ulid v1.2.1
       Fresh futures v0.3.32
       Fresh rstest v0.18.2
       Dirty vo-types v0.1.0 (/tmp/cargo-mutants-veloxide-hkvfld.tmp/crates/vo-types): the file `crates/vo-types/src/compensation.rs` has changed (1775391162.160583218s, 1s after last build at 1775391161.601695421s)
    Checking vo-types v0.1.0 (/tmp/cargo-mutants-veloxide-hkvfld.tmp/crates/vo-types)
     Running `sccache /home/lewis/.rustup/toolchains/nightly-x86_64-unknown-linux-gnu/bin/rustc --crate-name vo_types --edition=2021 crates/vo-types/src/lib.rs --error-format=json --json=diagnostic-rendered-ansi,artifacts,future-incompat --crate-type lib --emit=dep-info,metadata -C embed-bitcode=no -C debuginfo=2 --warn=unexpected_cfgs --check-cfg 'cfg(kani)' --check-cfg 'cfg(docsrs,test)' --check-cfg 'cfg(feature, values("proptest"))' -C metadata=872d9fe1017c4b16 -C extra-filename=-452384ee80b7be0b --out-dir /tmp/cargo-mutants-veloxide-hkvfld.tmp/target/debug/deps -C incremental=/tmp/cargo-mutants-veloxide-hkvfld.tmp/target/debug/incremental -L dependency=/tmp/cargo-mutants-veloxide-hkvfld.tmp/target/debug/deps --extern serde=/tmp/cargo-mutants-veloxide-hkvfld.tmp/target/debug/deps/libserde-49241a3c7c945708.rmeta --extern serde_json=/tmp/cargo-mutants-veloxide-hkvfld.tmp/target/debug/deps/libserde_json-3680fc2c5db64e10.rmeta --extern thiserror=/tmp/cargo-mutants-veloxide-hkvfld.tmp/target/debug/deps/libthiserror-b5bacac9152b9590.rmeta --extern ulid=/tmp/cargo-mutants-veloxide-hkvfld.tmp/target/debug/deps/libulid-e76f44f0dc300a2a.rmeta --extern uuid=/tmp/cargo-mutants-veloxide-hkvfld.tmp/target/debug/deps/libuuid-3f560604cfd7ea63.rmeta`
     Running `sccache /home/lewis/.rustup/toolchains/nightly-x86_64-unknown-linux-gnu/bin/rustc --crate-name vo_types --edition=2021 crates/vo-types/src/lib.rs --error-format=json --json=diagnostic-rendered-ansi,artifacts,future-incompat --emit=dep-info,metadata -C embed-bitcode=no -C debuginfo=2 --warn=unexpected_cfgs --check-cfg 'cfg(kani)' --test --check-cfg 'cfg(docsrs,test)' --check-cfg 'cfg(feature, values("proptest"))' -C metadata=17d14cf83508e2de -C extra-filename=-875c2fc64f09ff89 --out-dir /tmp/cargo-mutants-veloxide-hkvfld.tmp/target/debug/deps -C incremental=/tmp/cargo-mutants-veloxide-hkvfld.tmp/target/debug/incremental -L dependency=/tmp/cargo-mutants-veloxide-hkvfld.tmp/target/debug/deps --extern rstest=/tmp/cargo-mutants-veloxide-hkvfld.tmp/target/debug/deps/librstest-6a236d699b2d275d.rmeta --extern serde=/tmp/cargo-mutants-veloxide-hkvfld.tmp/target/debug/deps/libserde-49241a3c7c945708.rmeta --extern serde_json=/tmp/cargo-mutants-veloxide-hkvfld.tmp/target/debug/deps/libserde_json-3680fc2c5db64e10.rmeta --extern thiserror=/tmp/cargo-mutants-veloxide-hkvfld.tmp/target/debug/deps/libthiserror-b5bacac9152b9590.rmeta --extern ulid=/tmp/cargo-mutants-veloxide-hkvfld.tmp/target/debug/deps/libulid-e76f44f0dc300a2a.rmeta --extern uuid=/tmp/cargo-mutants-veloxide-hkvfld.tmp/target/debug/deps/libuuid-3f560604cfd7ea63.rmeta`
error[E0277]: the trait bound `TimestampMs: Default` is not satisfied
   --> crates/vo-types/src/compensation.rs:175:33
    |
175 |         Some(Box::leak(Box::new(Default::default()))) /* ~ changed by cargo-mutants ~ */
    |                                 ^^^^^^^^^^^^^^^^^^ the trait `Default` is not implemented for `TimestampMs`
    |
help: consider annotating `TimestampMs` with `#[derive(Default)]`
   --> crates/vo-types/src/integer_types.rs:79:1
    |
 79 + #[derive(Default)]
 80 | pub struct TimestampMs(pub(crate) u64);
    |

For more information about this error, try `rustc --explain E0277`.
error: could not compile `vo-types` (lib) due to 1 previous error

Caused by:
  process didn't exit successfully: `sccache /home/lewis/.rustup/toolchains/nightly-x86_64-unknown-linux-gnu/bin/rustc --crate-name vo_types --edition=2021 crates/vo-types/src/lib.rs --error-format=json --json=diagnostic-rendered-ansi,artifacts,future-incompat --crate-type lib --emit=dep-info,metadata -C embed-bitcode=no -C debuginfo=2 --warn=unexpected_cfgs --check-cfg 'cfg(kani)' --check-cfg 'cfg(docsrs,test)' --check-cfg 'cfg(feature, values("proptest"))' -C metadata=872d9fe1017c4b16 -C extra-filename=-452384ee80b7be0b --out-dir /tmp/cargo-mutants-veloxide-hkvfld.tmp/target/debug/deps -C incremental=/tmp/cargo-mutants-veloxide-hkvfld.tmp/target/debug/incremental -L dependency=/tmp/cargo-mutants-veloxide-hkvfld.tmp/target/debug/deps --extern serde=/tmp/cargo-mutants-veloxide-hkvfld.tmp/target/debug/deps/libserde-49241a3c7c945708.rmeta --extern serde_json=/tmp/cargo-mutants-veloxide-hkvfld.tmp/target/debug/deps/libserde_json-3680fc2c5db64e10.rmeta --extern thiserror=/tmp/cargo-mutants-veloxide-hkvfld.tmp/target/debug/deps/libthiserror-b5bacac9152b9590.rmeta --extern ulid=/tmp/cargo-mutants-veloxide-hkvfld.tmp/target/debug/deps/libulid-e76f44f0dc300a2a.rmeta --extern uuid=/tmp/cargo-mutants-veloxide-hkvfld.tmp/target/debug/deps/libuuid-3f560604cfd7ea63.rmeta` (exit status: 1)
warning: build failed, waiting for other jobs to finish...
error[E0277]: the trait bound `integer_types::TimestampMs: Default` is not satisfied
   --> crates/vo-types/src/compensation.rs:175:33
    |
175 |         Some(Box::leak(Box::new(Default::default()))) /* ~ changed by cargo-mutants ~ */
    |                                 ^^^^^^^^^^^^^^^^^^ the trait `Default` is not implemented for `integer_types::TimestampMs`
    |
help: consider annotating `integer_types::TimestampMs` with `#[derive(Default)]`
   --> crates/vo-types/src/integer_types.rs:79:1
    |
 79 + #[derive(Default)]
 80 | pub struct TimestampMs(pub(crate) u64);
    |

error: could not compile `vo-types` (lib test) due to 1 previous error

Caused by:
  process didn't exit successfully: `sccache /home/lewis/.rustup/toolchains/nightly-x86_64-unknown-linux-gnu/bin/rustc --crate-name vo_types --edition=2021 crates/vo-types/src/lib.rs --error-format=json --json=diagnostic-rendered-ansi,artifacts,future-incompat --emit=dep-info,metadata -C embed-bitcode=no -C debuginfo=2 --warn=unexpected_cfgs --check-cfg 'cfg(kani)' --test --check-cfg 'cfg(docsrs,test)' --check-cfg 'cfg(feature, values("proptest"))' -C metadata=17d14cf83508e2de -C extra-filename=-875c2fc64f09ff89 --out-dir /tmp/cargo-mutants-veloxide-hkvfld.tmp/target/debug/deps -C incremental=/tmp/cargo-mutants-veloxide-hkvfld.tmp/target/debug/incremental -L dependency=/tmp/cargo-mutants-veloxide-hkvfld.tmp/target/debug/deps --extern rstest=/tmp/cargo-mutants-veloxide-hkvfld.tmp/target/debug/deps/librstest-6a236d699b2d275d.rmeta --extern serde=/tmp/cargo-mutants-veloxide-hkvfld.tmp/target/debug/deps/libserde-49241a3c7c945708.rmeta --extern serde_json=/tmp/cargo-mutants-veloxide-hkvfld.tmp/target/debug/deps/libserde_json-3680fc2c5db64e10.rmeta --extern thiserror=/tmp/cargo-mutants-veloxide-hkvfld.tmp/target/debug/deps/libthiserror-b5bacac9152b9590.rmeta --extern ulid=/tmp/cargo-mutants-veloxide-hkvfld.tmp/target/debug/deps/libulid-e76f44f0dc300a2a.rmeta --extern uuid=/tmp/cargo-mutants-veloxide-hkvfld.tmp/target/debug/deps/libuuid-3f560604cfd7ea63.rmeta` (exit status: 1)

*** result: Failure(101)
