
*** crates/vo-storage/src/blob_store.rs:114:9: replace ContentAddress::as_bytes -> [u8; 32] with [0; 32]

*** mutation diff:
--- crates/vo-storage/src/blob_store.rs
+++ replace ContentAddress::as_bytes -> [u8; 32] with [0; 32]
@@ -106,22 +106,17 @@
 
     #[must_use]
     pub fn as_str(&self) -> &str {
         &self.0
     }
 
     #[must_use]
     pub fn as_bytes(&self) -> [u8; 32] {
-        let mut bytes = [0u8; 32];
-        for (i, chunk) in self.0.as_bytes().chunks(2).enumerate() {
-            let hex_str = unsafe { std::str::from_utf8_unchecked(chunk) };
-            bytes[i] = unsafe { u8::from_str_radix(hex_str, 16).unwrap_unchecked() };
-        }
-        bytes
+        [0; 32] /* ~ changed by cargo-mutants ~ */
     }
 }
 
 impl fmt::Display for ContentAddress {
     fn fmt(&self, f: &mut fmt::Formatter<'_>) -> fmt::Result {
         write!(f, "{}", self.0)
     }
 }


*** /home/lewis/.rustup/toolchains/nightly-x86_64-unknown-linux-gnu/bin/cargo test --no-run --verbose --package=vo-storage@0.1.0
       Fresh cfg-if v1.0.4
       Fresh unicode-ident v1.0.24
       Fresh once_cell v1.21.4
       Fresh smallvec v1.15.1
       Fresh bitflags v2.11.0
       Fresh linux-raw-sys v0.12.1
       Fresh autocfg v1.5.0
       Fresh version_check v0.9.5
       Fresh fastrand v2.3.0
       Fresh log v0.4.29
       Fresh rustc-hash v2.1.2
       Fresh pin-project-lite v0.2.17
       Fresh scopeguard v1.2.0
       Fresh memchr v2.8.0
       Fresh shlex v1.3.0
       Fresh regex-syntax v0.8.10
       Fresh compare v0.0.6
       Fresh futures-sink v0.3.32
       Fresh libc v0.2.184
       Fresh lock_api v0.4.14
       Fresh path-dedot v3.1.1
       Fresh futures-core v0.3.32
       Fresh find-msvc-tools v0.1.9
       Fresh semver v1.0.27
       Fresh aho-corasick v1.1.4
       Fresh interval-heap v0.0.5
       Fresh hashbrown v0.16.1
       Fresh futures-io v0.3.32
       Fresh slab v0.4.12
       Fresh equivalent v1.0.2
       Fresh byteorder v1.5.0
       Fresh byteview v0.6.1
       Fresh futures-task v0.3.32
       Fresh varint-rs v2.2.0
       Fresh xxhash-rust v0.8.15
       Fresh proc-macro2 v1.0.106
       Fresh getrandom v0.4.2
       Fresh getrandom v0.3.4
       Fresh zerocopy v0.8.47
       Fresh rustix v1.1.4
       Fresh serde_core v1.0.228
       Fresh crossbeam-utils v0.8.21
       Fresh typenum v1.19.0
       Fresh parking_lot_core v0.9.12
       Fresh path-absolutize v3.1.1
       Fresh rustc_version v0.4.1
       Fresh futures-channel v0.3.32
       Fresh cc v1.2.58
       Fresh regex-automata v0.4.14
       Fresh quick_cache v0.6.21
       Fresh zmij v1.0.21
       Fresh errno v0.3.14
       Fresh double-ended-peekable v0.1.0
       Fresh hashbrown v0.14.5
       Fresh tagged-vec v1.0.1
       Fresh lz4_flex v0.11.6
       Fresh itoa v1.0.18
       Fresh guardian v1.3.0
       Fresh self_cell v1.2.2
       Fresh sha1_smol v1.0.1
       Fresh mio v1.2.0
       Fresh wait-timeout v0.2.1
       Fresh socket2 v0.6.3
       Fresh quote v1.0.45
       Fresh rand_core v0.9.5
       Fresh ppv-lite86 v0.2.21
       Fresh tempfile v3.27.0
       Fresh generic-array v0.14.7
       Fresh num-traits v0.2.19
       Fresh crossbeam-epoch v0.9.18
       Fresh signal-hook-registry v1.4.8
       Fresh regex v1.12.3
       Fresh dashmap v6.1.0
       Fresh uuid v1.23.0
       Fresh parking_lot v0.12.5
       Fresh any-rope v1.2.5
       Fresh quick-error v1.2.3
       Fresh bit-vec v0.8.0
       Fresh glob v0.3.3
       Fresh relative-path v1.9.3
       Fresh arrayref v0.3.9
       Fresh arrayvec v0.7.6
       Fresh fnv v1.0.7
       Fresh constant_time_eq v0.4.2
       Fresh cpufeatures v0.2.17
       Fresh cpufeatures v0.3.0
       Fresh std-semaphore v0.1.0
       Fresh memmap2 v0.9.10
       Fresh unarray v0.1.4
       Fresh futures-timer v3.0.3
       Fresh syn v2.0.117
       Fresh rand_chacha v0.9.0
       Fresh optional-numeric-index v0.4.1
       Fresh crossbeam-skiplist v0.1.3
       Fresh block-buffer v0.10.4
       Fresh crypto-common v0.1.7
       Fresh value-log v1.9.0
       Fresh serde_json v1.0.149
       Fresh rand_xorshift v0.4.0
       Fresh rusty-fork v0.3.1
       Fresh crc32fast v1.5.0
       Fresh bit-set v0.8.0
       Fresh serde_derive v1.0.228
       Fresh thiserror-impl v2.0.18
       Fresh rand v0.9.2
       Fresh futures-macro v0.3.32
       Fresh enum_dispatch v0.3.13
       Fresh thiserror-impl v1.0.69
       Fresh tokio-macros v2.6.1
       Fresh digest v0.10.7
       Fresh rstest_macros v0.18.2
       Fresh blake3 v1.8.4
       Fresh serde v1.0.228
       Fresh thiserror v2.0.18
       Fresh futures-util v0.3.32
       Fresh ulid v1.2.1
       Fresh thiserror v1.0.69
       Fresh lsm-tree v2.10.4
       Fresh sha2 v0.10.9
       Fresh proptest v1.11.0
       Fresh spqr-tree v4.0.2
       Fresh futures-executor v0.3.32
       Fresh bytes v1.11.1
       Fresh fjall v2.11.2
       Fresh futures v0.3.32
       Fresh vo-types v0.1.0 (/tmp/cargo-mutants-veloxide-7fyFce.tmp/crates/vo-types)
       Fresh tokio v1.50.0
       Fresh rstest v0.18.2
       Dirty vo-storage v0.1.0 (/tmp/cargo-mutants-veloxide-7fyFce.tmp/crates/vo-storage): the file `crates/vo-storage/src/blob_store.rs` has changed (1776027123.969910688s, 881017824ns after last build at 1776027123.088892864s)
   Compiling vo-storage v0.1.0 (/tmp/cargo-mutants-veloxide-7fyFce.tmp/crates/vo-storage)
     Running `sccache /home/lewis/.rustup/toolchains/nightly-x86_64-unknown-linux-gnu/bin/rustc --crate-name vo_storage --edition=2021 crates/vo-storage/src/lib.rs --error-format=json --json=diagnostic-rendered-ansi,artifacts,future-incompat --emit=dep-info,link -C embed-bitcode=no -C debuginfo=2 --warn=unexpected_cfgs --check-cfg 'cfg(kani)' --check-cfg 'cfg(feature, values("proptest"))' --test --check-cfg 'cfg(docsrs,test)' --check-cfg 'cfg(feature, values("proptest"))' -C metadata=575d5126e022e89d -C extra-filename=-07a37c0b47e630ea --out-dir /tmp/cargo-mutants-veloxide-7fyFce.tmp/target/debug/deps -C incremental=/tmp/cargo-mutants-veloxide-7fyFce.tmp/target/debug/incremental -L dependency=/tmp/cargo-mutants-veloxide-7fyFce.tmp/target/debug/deps --extern blake3=/tmp/cargo-mutants-veloxide-7fyFce.tmp/target/debug/deps/libblake3-e8f24124f4d9cb0a.rlib --extern bytes=/tmp/cargo-mutants-veloxide-7fyFce.tmp/target/debug/deps/libbytes-affa0d1ca1e50033.rlib --extern crc32fast=/tmp/cargo-mutants-veloxide-7fyFce.tmp/target/debug/deps/libcrc32fast-708b19cc9b243303.rlib --extern fjall=/tmp/cargo-mutants-veloxide-7fyFce.tmp/target/debug/deps/libfjall-4f0fc7c5fc99852a.rlib --extern memmap2=/tmp/cargo-mutants-veloxide-7fyFce.tmp/target/debug/deps/libmemmap2-e1262eabecfd70c2.rlib --extern parking_lot=/tmp/cargo-mutants-veloxide-7fyFce.tmp/target/debug/deps/libparking_lot-0bebd4c21b65a397.rlib --extern proptest=/tmp/cargo-mutants-veloxide-7fyFce.tmp/target/debug/deps/libproptest-34b9f624b6c411e6.rlib --extern rstest=/tmp/cargo-mutants-veloxide-7fyFce.tmp/target/debug/deps/librstest-ce971fceb7271210.rlib --extern serde=/tmp/cargo-mutants-veloxide-7fyFce.tmp/target/debug/deps/libserde-8d2137fd1183e2a0.rlib --extern serde_json=/tmp/cargo-mutants-veloxide-7fyFce.tmp/target/debug/deps/libserde_json-ece30e0cb717c324.rlib --extern sha2=/tmp/cargo-mutants-veloxide-7fyFce.tmp/target/debug/deps/libsha2-b55f7fd476f99ebd.rlib --extern tempfile=/tmp/cargo-mutants-veloxide-7fyFce.tmp/target/debug/deps/libtempfile-4936d71761ed1eff.rlib --extern thiserror=/tmp/cargo-mutants-veloxide-7fyFce.tmp/target/debug/deps/libthiserror-0f760a551262ab92.rlib --extern tokio=/tmp/cargo-mutants-veloxide-7fyFce.tmp/target/debug/deps/libtokio-03ca8bcee6acea17.rlib --extern ulid=/tmp/cargo-mutants-veloxide-7fyFce.tmp/target/debug/deps/libulid-0da8f10bd00bfc47.rlib --extern vo_types=/tmp/cargo-mutants-veloxide-7fyFce.tmp/target/debug/deps/libvo_types-3d21ab5de92ae613.rlib -L native=/tmp/cargo-mutants-veloxide-7fyFce.tmp/target/debug/build/blake3-50967b6a274f64c6/out -L native=/tmp/cargo-mutants-veloxide-7fyFce.tmp/target/debug/build/blake3-50967b6a274f64c6/out`
     Running `sccache /home/lewis/.rustup/toolchains/nightly-x86_64-unknown-linux-gnu/bin/rustc --crate-name vo_storage --edition=2021 crates/vo-storage/src/lib.rs --error-format=json --json=diagnostic-rendered-ansi,artifacts,future-incompat --crate-type lib --emit=dep-info,metadata,link -C embed-bitcode=no -C debuginfo=2 --warn=unexpected_cfgs --check-cfg 'cfg(kani)' --check-cfg 'cfg(feature, values("proptest"))' --check-cfg 'cfg(docsrs,test)' --check-cfg 'cfg(feature, values("proptest"))' -C metadata=8aecb2dcbbce5d54 -C extra-filename=-28877bfc6fdc308e --out-dir /tmp/cargo-mutants-veloxide-7fyFce.tmp/target/debug/deps -C incremental=/tmp/cargo-mutants-veloxide-7fyFce.tmp/target/debug/incremental -L dependency=/tmp/cargo-mutants-veloxide-7fyFce.tmp/target/debug/deps --extern blake3=/tmp/cargo-mutants-veloxide-7fyFce.tmp/target/debug/deps/libblake3-e8f24124f4d9cb0a.rmeta --extern bytes=/tmp/cargo-mutants-veloxide-7fyFce.tmp/target/debug/deps/libbytes-affa0d1ca1e50033.rmeta --extern crc32fast=/tmp/cargo-mutants-veloxide-7fyFce.tmp/target/debug/deps/libcrc32fast-708b19cc9b243303.rmeta --extern fjall=/tmp/cargo-mutants-veloxide-7fyFce.tmp/target/debug/deps/libfjall-4f0fc7c5fc99852a.rmeta --extern memmap2=/tmp/cargo-mutants-veloxide-7fyFce.tmp/target/debug/deps/libmemmap2-e1262eabecfd70c2.rmeta --extern parking_lot=/tmp/cargo-mutants-veloxide-7fyFce.tmp/target/debug/deps/libparking_lot-0bebd4c21b65a397.rmeta --extern serde=/tmp/cargo-mutants-veloxide-7fyFce.tmp/target/debug/deps/libserde-8d2137fd1183e2a0.rmeta --extern serde_json=/tmp/cargo-mutants-veloxide-7fyFce.tmp/target/debug/deps/libserde_json-ece30e0cb717c324.rmeta --extern sha2=/tmp/cargo-mutants-veloxide-7fyFce.tmp/target/debug/deps/libsha2-b55f7fd476f99ebd.rmeta --extern thiserror=/tmp/cargo-mutants-veloxide-7fyFce.tmp/target/debug/deps/libthiserror-0f760a551262ab92.rmeta --extern tokio=/tmp/cargo-mutants-veloxide-7fyFce.tmp/target/debug/deps/libtokio-03ca8bcee6acea17.rmeta --extern vo_types=/tmp/cargo-mutants-veloxide-7fyFce.tmp/target/debug/deps/libvo_types-3d21ab5de92ae613.rmeta -L native=/tmp/cargo-mutants-veloxide-7fyFce.tmp/target/debug/build/blake3-50967b6a274f64c6/out -L native=/tmp/cargo-mutants-veloxide-7fyFce.tmp/target/debug/build/blake3-50967b6a274f64c6/out`
warning: unused import: `Cell`
 --> crates/vo-storage/src/dedupe_partition/tests/tests_purge.rs:5:17
  |
5 | use std::cell::{Cell, RefCell};
  |                 ^^^^
  |
  = note: `#[warn(unused_imports)]` (part of `#[warn(unused)]`) on by default

warning: unused import: `vo_types::EffectIntent`
  --> crates/vo-storage/src/effect_journal/mod.rs:13:5
   |
13 | use vo_types::EffectIntent;
   |     ^^^^^^^^^^^^^^^^^^^^^^

warning: unused imports: `decode_effect_key` and `encode_effect_key`
 --> crates/vo-storage/src/effect_journal/red_queen_tests/journal.rs:7:5
  |
7 |     decode_effect_key, encode_effect_key, EffectId, EffectJournal, EffectJournalError,
  |     ^^^^^^^^^^^^^^^^^  ^^^^^^^^^^^^^^^^^

     Running `sccache /home/lewis/.rustup/toolchains/nightly-x86_64-unknown-linux-gnu/bin/rustc --crate-name purge_integration --edition=2021 crates/vo-storage/tests/purge_integration.rs --error-format=json --json=diagnostic-rendered-ansi,artifacts,future-incompat --emit=dep-info,link -C embed-bitcode=no -C debuginfo=2 --warn=unexpected_cfgs --check-cfg 'cfg(kani)' --check-cfg 'cfg(feature, values("proptest"))' --test --check-cfg 'cfg(docsrs,test)' --check-cfg 'cfg(feature, values("proptest"))' -C metadata=7a659a6668194ff7 -C extra-filename=-9d995facbdf06b09 --out-dir /tmp/cargo-mutants-veloxide-7fyFce.tmp/target/debug/deps -C incremental=/tmp/cargo-mutants-veloxide-7fyFce.tmp/target/debug/incremental -L dependency=/tmp/cargo-mutants-veloxide-7fyFce.tmp/target/debug/deps --extern blake3=/tmp/cargo-mutants-veloxide-7fyFce.tmp/target/debug/deps/libblake3-e8f24124f4d9cb0a.rlib --extern bytes=/tmp/cargo-mutants-veloxide-7fyFce.tmp/target/debug/deps/libbytes-affa0d1ca1e50033.rlib --extern crc32fast=/tmp/cargo-mutants-veloxide-7fyFce.tmp/target/debug/deps/libcrc32fast-708b19cc9b243303.rlib --extern fjall=/tmp/cargo-mutants-veloxide-7fyFce.tmp/target/debug/deps/libfjall-4f0fc7c5fc99852a.rlib --extern memmap2=/tmp/cargo-mutants-veloxide-7fyFce.tmp/target/debug/deps/libmemmap2-e1262eabecfd70c2.rlib --extern parking_lot=/tmp/cargo-mutants-veloxide-7fyFce.tmp/target/debug/deps/libparking_lot-0bebd4c21b65a397.rlib --extern proptest=/tmp/cargo-mutants-veloxide-7fyFce.tmp/target/debug/deps/libproptest-34b9f624b6c411e6.rlib --extern rstest=/tmp/cargo-mutants-veloxide-7fyFce.tmp/target/debug/deps/librstest-ce971fceb7271210.rlib --extern serde=/tmp/cargo-mutants-veloxide-7fyFce.tmp/target/debug/deps/libserde-8d2137fd1183e2a0.rlib --extern serde_json=/tmp/cargo-mutants-veloxide-7fyFce.tmp/target/debug/deps/libserde_json-ece30e0cb717c324.rlib --extern sha2=/tmp/cargo-mutants-veloxide-7fyFce.tmp/target/debug/deps/libsha2-b55f7fd476f99ebd.rlib --extern tempfile=/tmp/cargo-mutants-veloxide-7fyFce.tmp/target/debug/deps/libtempfile-4936d71761ed1eff.rlib --extern thiserror=/tmp/cargo-mutants-veloxide-7fyFce.tmp/target/debug/deps/libthiserror-0f760a551262ab92.rlib --extern tokio=/tmp/cargo-mutants-veloxide-7fyFce.tmp/target/debug/deps/libtokio-03ca8bcee6acea17.rlib --extern ulid=/tmp/cargo-mutants-veloxide-7fyFce.tmp/target/debug/deps/libulid-0da8f10bd00bfc47.rlib --extern vo_storage=/tmp/cargo-mutants-veloxide-7fyFce.tmp/target/debug/deps/libvo_storage-28877bfc6fdc308e.rlib --extern vo_types=/tmp/cargo-mutants-veloxide-7fyFce.tmp/target/debug/deps/libvo_types-3d21ab5de92ae613.rlib -L native=/tmp/cargo-mutants-veloxide-7fyFce.tmp/target/debug/build/blake3-50967b6a274f64c6/out -L native=/tmp/cargo-mutants-veloxide-7fyFce.tmp/target/debug/build/blake3-50967b6a274f64c6/out`
     Running `sccache /home/lewis/.rustup/toolchains/nightly-x86_64-unknown-linux-gnu/bin/rustc --crate-name integration_replay --edition=2021 crates/vo-storage/tests/integration_replay.rs --error-format=json --json=diagnostic-rendered-ansi,artifacts,future-incompat --emit=dep-info,link -C embed-bitcode=no -C debuginfo=2 --warn=unexpected_cfgs --check-cfg 'cfg(kani)' --check-cfg 'cfg(feature, values("proptest"))' --test --check-cfg 'cfg(docsrs,test)' --check-cfg 'cfg(feature, values("proptest"))' -C metadata=2957cc32950eeff5 -C extra-filename=-d000ba19b7669f65 --out-dir /tmp/cargo-mutants-veloxide-7fyFce.tmp/target/debug/deps -C incremental=/tmp/cargo-mutants-veloxide-7fyFce.tmp/target/debug/incremental -L dependency=/tmp/cargo-mutants-veloxide-7fyFce.tmp/target/debug/deps --extern blake3=/tmp/cargo-mutants-veloxide-7fyFce.tmp/target/debug/deps/libblake3-e8f24124f4d9cb0a.rlib --extern bytes=/tmp/cargo-mutants-veloxide-7fyFce.tmp/target/debug/deps/libbytes-affa0d1ca1e50033.rlib --extern crc32fast=/tmp/cargo-mutants-veloxide-7fyFce.tmp/target/debug/deps/libcrc32fast-708b19cc9b243303.rlib --extern fjall=/tmp/cargo-mutants-veloxide-7fyFce.tmp/target/debug/deps/libfjall-4f0fc7c5fc99852a.rlib --extern memmap2=/tmp/cargo-mutants-veloxide-7fyFce.tmp/target/debug/deps/libmemmap2-e1262eabecfd70c2.rlib --extern parking_lot=/tmp/cargo-mutants-veloxide-7fyFce.tmp/target/debug/deps/libparking_lot-0bebd4c21b65a397.rlib --extern proptest=/tmp/cargo-mutants-veloxide-7fyFce.tmp/target/debug/deps/libproptest-34b9f624b6c411e6.rlib --extern rstest=/tmp/cargo-mutants-veloxide-7fyFce.tmp/target/debug/deps/librstest-ce971fceb7271210.rlib --extern serde=/tmp/cargo-mutants-veloxide-7fyFce.tmp/target/debug/deps/libserde-8d2137fd1183e2a0.rlib --extern serde_json=/tmp/cargo-mutants-veloxide-7fyFce.tmp/target/debug/deps/libserde_json-ece30e0cb717c324.rlib --extern sha2=/tmp/cargo-mutants-veloxide-7fyFce.tmp/target/debug/deps/libsha2-b55f7fd476f99ebd.rlib --extern tempfile=/tmp/cargo-mutants-veloxide-7fyFce.tmp/target/debug/deps/libtempfile-4936d71761ed1eff.rlib --extern thiserror=/tmp/cargo-mutants-veloxide-7fyFce.tmp/target/debug/deps/libthiserror-0f760a551262ab92.rlib --extern tokio=/tmp/cargo-mutants-veloxide-7fyFce.tmp/target/debug/deps/libtokio-03ca8bcee6acea17.rlib --extern ulid=/tmp/cargo-mutants-veloxide-7fyFce.tmp/target/debug/deps/libulid-0da8f10bd00bfc47.rlib --extern vo_storage=/tmp/cargo-mutants-veloxide-7fyFce.tmp/target/debug/deps/libvo_storage-28877bfc6fdc308e.rlib --extern vo_types=/tmp/cargo-mutants-veloxide-7fyFce.tmp/target/debug/deps/libvo_types-3d21ab5de92ae613.rlib -L native=/tmp/cargo-mutants-veloxide-7fyFce.tmp/target/debug/build/blake3-50967b6a274f64c6/out -L native=/tmp/cargo-mutants-veloxide-7fyFce.tmp/target/debug/build/blake3-50967b6a274f64c6/out`
     Running `sccache /home/lewis/.rustup/toolchains/nightly-x86_64-unknown-linux-gnu/bin/rustc --crate-name instance_index_red_queen --edition=2021 crates/vo-storage/tests/instance_index_red_queen.rs --error-format=json --json=diagnostic-rendered-ansi,artifacts,future-incompat --emit=dep-info,link -C embed-bitcode=no -C debuginfo=2 --warn=unexpected_cfgs --check-cfg 'cfg(kani)' --check-cfg 'cfg(feature, values("proptest"))' --test --check-cfg 'cfg(docsrs,test)' --check-cfg 'cfg(feature, values("proptest"))' -C metadata=d17c7a24b95bbade -C extra-filename=-3819abcb532c1e3e --out-dir /tmp/cargo-mutants-veloxide-7fyFce.tmp/target/debug/deps -C incremental=/tmp/cargo-mutants-veloxide-7fyFce.tmp/target/debug/incremental -L dependency=/tmp/cargo-mutants-veloxide-7fyFce.tmp/target/debug/deps --extern blake3=/tmp/cargo-mutants-veloxide-7fyFce.tmp/target/debug/deps/libblake3-e8f24124f4d9cb0a.rlib --extern bytes=/tmp/cargo-mutants-veloxide-7fyFce.tmp/target/debug/deps/libbytes-affa0d1ca1e50033.rlib --extern crc32fast=/tmp/cargo-mutants-veloxide-7fyFce.tmp/target/debug/deps/libcrc32fast-708b19cc9b243303.rlib --extern fjall=/tmp/cargo-mutants-veloxide-7fyFce.tmp/target/debug/deps/libfjall-4f0fc7c5fc99852a.rlib --extern memmap2=/tmp/cargo-mutants-veloxide-7fyFce.tmp/target/debug/deps/libmemmap2-e1262eabecfd70c2.rlib --extern parking_lot=/tmp/cargo-mutants-veloxide-7fyFce.tmp/target/debug/deps/libparking_lot-0bebd4c21b65a397.rlib --extern proptest=/tmp/cargo-mutants-veloxide-7fyFce.tmp/target/debug/deps/libproptest-34b9f624b6c411e6.rlib --extern rstest=/tmp/cargo-mutants-veloxide-7fyFce.tmp/target/debug/deps/librstest-ce971fceb7271210.rlib --extern serde=/tmp/cargo-mutants-veloxide-7fyFce.tmp/target/debug/deps/libserde-8d2137fd1183e2a0.rlib --extern serde_json=/tmp/cargo-mutants-veloxide-7fyFce.tmp/target/debug/deps/libserde_json-ece30e0cb717c324.rlib --extern sha2=/tmp/cargo-mutants-veloxide-7fyFce.tmp/target/debug/deps/libsha2-b55f7fd476f99ebd.rlib --extern tempfile=/tmp/cargo-mutants-veloxide-7fyFce.tmp/target/debug/deps/libtempfile-4936d71761ed1eff.rlib --extern thiserror=/tmp/cargo-mutants-veloxide-7fyFce.tmp/target/debug/deps/libthiserror-0f760a551262ab92.rlib --extern tokio=/tmp/cargo-mutants-veloxide-7fyFce.tmp/target/debug/deps/libtokio-03ca8bcee6acea17.rlib --extern ulid=/tmp/cargo-mutants-veloxide-7fyFce.tmp/target/debug/deps/libulid-0da8f10bd00bfc47.rlib --extern vo_storage=/tmp/cargo-mutants-veloxide-7fyFce.tmp/target/debug/deps/libvo_storage-28877bfc6fdc308e.rlib --extern vo_types=/tmp/cargo-mutants-veloxide-7fyFce.tmp/target/debug/deps/libvo_types-3d21ab5de92ae613.rlib -L native=/tmp/cargo-mutants-veloxide-7fyFce.tmp/target/debug/build/blake3-50967b6a274f64c6/out -L native=/tmp/cargo-mutants-veloxide-7fyFce.tmp/target/debug/build/blake3-50967b6a274f64c6/out`
     Running `sccache /home/lewis/.rustup/toolchains/nightly-x86_64-unknown-linux-gnu/bin/rustc --crate-name seed_purge --edition=2021 crates/vo-storage/examples/seed_purge.rs --error-format=json --json=diagnostic-rendered-ansi,artifacts,future-incompat --crate-type bin --emit=dep-info,link -C embed-bitcode=no -C debuginfo=2 --warn=unexpected_cfgs --check-cfg 'cfg(kani)' --check-cfg 'cfg(feature, values("proptest"))' --check-cfg 'cfg(docsrs,test)' --check-cfg 'cfg(feature, values("proptest"))' -C metadata=a867f834b09b337f -C extra-filename=-7cedbdfb969acdb9 --out-dir /tmp/cargo-mutants-veloxide-7fyFce.tmp/target/debug/examples -C incremental=/tmp/cargo-mutants-veloxide-7fyFce.tmp/target/debug/incremental -L dependency=/tmp/cargo-mutants-veloxide-7fyFce.tmp/target/debug/deps --extern blake3=/tmp/cargo-mutants-veloxide-7fyFce.tmp/target/debug/deps/libblake3-e8f24124f4d9cb0a.rlib --extern bytes=/tmp/cargo-mutants-veloxide-7fyFce.tmp/target/debug/deps/libbytes-affa0d1ca1e50033.rlib --extern crc32fast=/tmp/cargo-mutants-veloxide-7fyFce.tmp/target/debug/deps/libcrc32fast-708b19cc9b243303.rlib --extern fjall=/tmp/cargo-mutants-veloxide-7fyFce.tmp/target/debug/deps/libfjall-4f0fc7c5fc99852a.rlib --extern memmap2=/tmp/cargo-mutants-veloxide-7fyFce.tmp/target/debug/deps/libmemmap2-e1262eabecfd70c2.rlib --extern parking_lot=/tmp/cargo-mutants-veloxide-7fyFce.tmp/target/debug/deps/libparking_lot-0bebd4c21b65a397.rlib --extern proptest=/tmp/cargo-mutants-veloxide-7fyFce.tmp/target/debug/deps/libproptest-34b9f624b6c411e6.rlib --extern rstest=/tmp/cargo-mutants-veloxide-7fyFce.tmp/target/debug/deps/librstest-ce971fceb7271210.rlib --extern serde=/tmp/cargo-mutants-veloxide-7fyFce.tmp/target/debug/deps/libserde-8d2137fd1183e2a0.rlib --extern serde_json=/tmp/cargo-mutants-veloxide-7fyFce.tmp/target/debug/deps/libserde_json-ece30e0cb717c324.rlib --extern sha2=/tmp/cargo-mutants-veloxide-7fyFce.tmp/target/debug/deps/libsha2-b55f7fd476f99ebd.rlib --extern tempfile=/tmp/cargo-mutants-veloxide-7fyFce.tmp/target/debug/deps/libtempfile-4936d71761ed1eff.rlib --extern thiserror=/tmp/cargo-mutants-veloxide-7fyFce.tmp/target/debug/deps/libthiserror-0f760a551262ab92.rlib --extern tokio=/tmp/cargo-mutants-veloxide-7fyFce.tmp/target/debug/deps/libtokio-03ca8bcee6acea17.rlib --extern ulid=/tmp/cargo-mutants-veloxide-7fyFce.tmp/target/debug/deps/libulid-0da8f10bd00bfc47.rlib --extern vo_storage=/tmp/cargo-mutants-veloxide-7fyFce.tmp/target/debug/deps/libvo_storage-28877bfc6fdc308e.rlib --extern vo_types=/tmp/cargo-mutants-veloxide-7fyFce.tmp/target/debug/deps/libvo_types-3d21ab5de92ae613.rlib -L native=/tmp/cargo-mutants-veloxide-7fyFce.tmp/target/debug/build/blake3-50967b6a274f64c6/out -L native=/tmp/cargo-mutants-veloxide-7fyFce.tmp/target/debug/build/blake3-50967b6a274f64c6/out`
     Running `sccache /home/lewis/.rustup/toolchains/nightly-x86_64-unknown-linux-gnu/bin/rustc --crate-name integration_snapshots --edition=2021 crates/vo-storage/tests/integration_snapshots.rs --error-format=json --json=diagnostic-rendered-ansi,artifacts,future-incompat --emit=dep-info,link -C embed-bitcode=no -C debuginfo=2 --warn=unexpected_cfgs --check-cfg 'cfg(kani)' --check-cfg 'cfg(feature, values("proptest"))' --test --check-cfg 'cfg(docsrs,test)' --check-cfg 'cfg(feature, values("proptest"))' -C metadata=08e872d7a973223d -C extra-filename=-84e42457aed5e707 --out-dir /tmp/cargo-mutants-veloxide-7fyFce.tmp/target/debug/deps -C incremental=/tmp/cargo-mutants-veloxide-7fyFce.tmp/target/debug/incremental -L dependency=/tmp/cargo-mutants-veloxide-7fyFce.tmp/target/debug/deps --extern blake3=/tmp/cargo-mutants-veloxide-7fyFce.tmp/target/debug/deps/libblake3-e8f24124f4d9cb0a.rlib --extern bytes=/tmp/cargo-mutants-veloxide-7fyFce.tmp/target/debug/deps/libbytes-affa0d1ca1e50033.rlib --extern crc32fast=/tmp/cargo-mutants-veloxide-7fyFce.tmp/target/debug/deps/libcrc32fast-708b19cc9b243303.rlib --extern fjall=/tmp/cargo-mutants-veloxide-7fyFce.tmp/target/debug/deps/libfjall-4f0fc7c5fc99852a.rlib --extern memmap2=/tmp/cargo-mutants-veloxide-7fyFce.tmp/target/debug/deps/libmemmap2-e1262eabecfd70c2.rlib --extern parking_lot=/tmp/cargo-mutants-veloxide-7fyFce.tmp/target/debug/deps/libparking_lot-0bebd4c21b65a397.rlib --extern proptest=/tmp/cargo-mutants-veloxide-7fyFce.tmp/target/debug/deps/libproptest-34b9f624b6c411e6.rlib --extern rstest=/tmp/cargo-mutants-veloxide-7fyFce.tmp/target/debug/deps/librstest-ce971fceb7271210.rlib --extern serde=/tmp/cargo-mutants-veloxide-7fyFce.tmp/target/debug/deps/libserde-8d2137fd1183e2a0.rlib --extern serde_json=/tmp/cargo-mutants-veloxide-7fyFce.tmp/target/debug/deps/libserde_json-ece30e0cb717c324.rlib --extern sha2=/tmp/cargo-mutants-veloxide-7fyFce.tmp/target/debug/deps/libsha2-b55f7fd476f99ebd.rlib --extern tempfile=/tmp/cargo-mutants-veloxide-7fyFce.tmp/target/debug/deps/libtempfile-4936d71761ed1eff.rlib --extern thiserror=/tmp/cargo-mutants-veloxide-7fyFce.tmp/target/debug/deps/libthiserror-0f760a551262ab92.rlib --extern tokio=/tmp/cargo-mutants-veloxide-7fyFce.tmp/target/debug/deps/libtokio-03ca8bcee6acea17.rlib --extern ulid=/tmp/cargo-mutants-veloxide-7fyFce.tmp/target/debug/deps/libulid-0da8f10bd00bfc47.rlib --extern vo_storage=/tmp/cargo-mutants-veloxide-7fyFce.tmp/target/debug/deps/libvo_storage-28877bfc6fdc308e.rlib --extern vo_types=/tmp/cargo-mutants-veloxide-7fyFce.tmp/target/debug/deps/libvo_types-3d21ab5de92ae613.rlib -L native=/tmp/cargo-mutants-veloxide-7fyFce.tmp/target/debug/build/blake3-50967b6a274f64c6/out -L native=/tmp/cargo-mutants-veloxide-7fyFce.tmp/target/debug/build/blake3-50967b6a274f64c6/out`
     Running `sccache /home/lewis/.rustup/toolchains/nightly-x86_64-unknown-linux-gnu/bin/rustc --crate-name fjall_integration --edition=2021 crates/vo-storage/tests/fjall_integration.rs --error-format=json --json=diagnostic-rendered-ansi,artifacts,future-incompat --emit=dep-info,link -C embed-bitcode=no -C debuginfo=2 --warn=unexpected_cfgs --check-cfg 'cfg(kani)' --check-cfg 'cfg(feature, values("proptest"))' --test --check-cfg 'cfg(docsrs,test)' --check-cfg 'cfg(feature, values("proptest"))' -C metadata=8103a37e8ac44943 -C extra-filename=-46c9170fe9fff5cd --out-dir /tmp/cargo-mutants-veloxide-7fyFce.tmp/target/debug/deps -C incremental=/tmp/cargo-mutants-veloxide-7fyFce.tmp/target/debug/incremental -L dependency=/tmp/cargo-mutants-veloxide-7fyFce.tmp/target/debug/deps --extern blake3=/tmp/cargo-mutants-veloxide-7fyFce.tmp/target/debug/deps/libblake3-e8f24124f4d9cb0a.rlib --extern bytes=/tmp/cargo-mutants-veloxide-7fyFce.tmp/target/debug/deps/libbytes-affa0d1ca1e50033.rlib --extern crc32fast=/tmp/cargo-mutants-veloxide-7fyFce.tmp/target/debug/deps/libcrc32fast-708b19cc9b243303.rlib --extern fjall=/tmp/cargo-mutants-veloxide-7fyFce.tmp/target/debug/deps/libfjall-4f0fc7c5fc99852a.rlib --extern memmap2=/tmp/cargo-mutants-veloxide-7fyFce.tmp/target/debug/deps/libmemmap2-e1262eabecfd70c2.rlib --extern parking_lot=/tmp/cargo-mutants-veloxide-7fyFce.tmp/target/debug/deps/libparking_lot-0bebd4c21b65a397.rlib --extern proptest=/tmp/cargo-mutants-veloxide-7fyFce.tmp/target/debug/deps/libproptest-34b9f624b6c411e6.rlib --extern rstest=/tmp/cargo-mutants-veloxide-7fyFce.tmp/target/debug/deps/librstest-ce971fceb7271210.rlib --extern serde=/tmp/cargo-mutants-veloxide-7fyFce.tmp/target/debug/deps/libserde-8d2137fd1183e2a0.rlib --extern serde_json=/tmp/cargo-mutants-veloxide-7fyFce.tmp/target/debug/deps/libserde_json-ece30e0cb717c324.rlib --extern sha2=/tmp/cargo-mutants-veloxide-7fyFce.tmp/target/debug/deps/libsha2-b55f7fd476f99ebd.rlib --extern tempfile=/tmp/cargo-mutants-veloxide-7fyFce.tmp/target/debug/deps/libtempfile-4936d71761ed1eff.rlib --extern thiserror=/tmp/cargo-mutants-veloxide-7fyFce.tmp/target/debug/deps/libthiserror-0f760a551262ab92.rlib --extern tokio=/tmp/cargo-mutants-veloxide-7fyFce.tmp/target/debug/deps/libtokio-03ca8bcee6acea17.rlib --extern ulid=/tmp/cargo-mutants-veloxide-7fyFce.tmp/target/debug/deps/libulid-0da8f10bd00bfc47.rlib --extern vo_storage=/tmp/cargo-mutants-veloxide-7fyFce.tmp/target/debug/deps/libvo_storage-28877bfc6fdc308e.rlib --extern vo_types=/tmp/cargo-mutants-veloxide-7fyFce.tmp/target/debug/deps/libvo_types-3d21ab5de92ae613.rlib -L native=/tmp/cargo-mutants-veloxide-7fyFce.tmp/target/debug/build/blake3-50967b6a274f64c6/out -L native=/tmp/cargo-mutants-veloxide-7fyFce.tmp/target/debug/build/blake3-50967b6a274f64c6/out`
     Running `sccache /home/lewis/.rustup/toolchains/nightly-x86_64-unknown-linux-gnu/bin/rustc --crate-name snapshot_diff_exhaustive --edition=2021 crates/vo-storage/tests/snapshot_diff_exhaustive.rs --error-format=json --json=diagnostic-rendered-ansi,artifacts,future-incompat --emit=dep-info,link -C embed-bitcode=no -C debuginfo=2 --warn=unexpected_cfgs --check-cfg 'cfg(kani)' --check-cfg 'cfg(feature, values("proptest"))' --test --check-cfg 'cfg(docsrs,test)' --check-cfg 'cfg(feature, values("proptest"))' -C metadata=34b180a3b0976cda -C extra-filename=-accd3cfd76be3264 --out-dir /tmp/cargo-mutants-veloxide-7fyFce.tmp/target/debug/deps -C incremental=/tmp/cargo-mutants-veloxide-7fyFce.tmp/target/debug/incremental -L dependency=/tmp/cargo-mutants-veloxide-7fyFce.tmp/target/debug/deps --extern blake3=/tmp/cargo-mutants-veloxide-7fyFce.tmp/target/debug/deps/libblake3-e8f24124f4d9cb0a.rlib --extern bytes=/tmp/cargo-mutants-veloxide-7fyFce.tmp/target/debug/deps/libbytes-affa0d1ca1e50033.rlib --extern crc32fast=/tmp/cargo-mutants-veloxide-7fyFce.tmp/target/debug/deps/libcrc32fast-708b19cc9b243303.rlib --extern fjall=/tmp/cargo-mutants-veloxide-7fyFce.tmp/target/debug/deps/libfjall-4f0fc7c5fc99852a.rlib --extern memmap2=/tmp/cargo-mutants-veloxide-7fyFce.tmp/target/debug/deps/libmemmap2-e1262eabecfd70c2.rlib --extern parking_lot=/tmp/cargo-mutants-veloxide-7fyFce.tmp/target/debug/deps/libparking_lot-0bebd4c21b65a397.rlib --extern proptest=/tmp/cargo-mutants-veloxide-7fyFce.tmp/target/debug/deps/libproptest-34b9f624b6c411e6.rlib --extern rstest=/tmp/cargo-mutants-veloxide-7fyFce.tmp/target/debug/deps/librstest-ce971fceb7271210.rlib --extern serde=/tmp/cargo-mutants-veloxide-7fyFce.tmp/target/debug/deps/libserde-8d2137fd1183e2a0.rlib --extern serde_json=/tmp/cargo-mutants-veloxide-7fyFce.tmp/target/debug/deps/libserde_json-ece30e0cb717c324.rlib --extern sha2=/tmp/cargo-mutants-veloxide-7fyFce.tmp/target/debug/deps/libsha2-b55f7fd476f99ebd.rlib --extern tempfile=/tmp/cargo-mutants-veloxide-7fyFce.tmp/target/debug/deps/libtempfile-4936d71761ed1eff.rlib --extern thiserror=/tmp/cargo-mutants-veloxide-7fyFce.tmp/target/debug/deps/libthiserror-0f760a551262ab92.rlib --extern tokio=/tmp/cargo-mutants-veloxide-7fyFce.tmp/target/debug/deps/libtokio-03ca8bcee6acea17.rlib --extern ulid=/tmp/cargo-mutants-veloxide-7fyFce.tmp/target/debug/deps/libulid-0da8f10bd00bfc47.rlib --extern vo_storage=/tmp/cargo-mutants-veloxide-7fyFce.tmp/target/debug/deps/libvo_storage-28877bfc6fdc308e.rlib --extern vo_types=/tmp/cargo-mutants-veloxide-7fyFce.tmp/target/debug/deps/libvo_types-3d21ab5de92ae613.rlib -L native=/tmp/cargo-mutants-veloxide-7fyFce.tmp/target/debug/build/blake3-50967b6a274f64c6/out -L native=/tmp/cargo-mutants-veloxide-7fyFce.tmp/target/debug/build/blake3-50967b6a274f64c6/out`
     Running `sccache /home/lewis/.rustup/toolchains/nightly-x86_64-unknown-linux-gnu/bin/rustc --crate-name verify_purge --edition=2021 crates/vo-storage/examples/verify_purge.rs --error-format=json --json=diagnostic-rendered-ansi,artifacts,future-incompat --crate-type bin --emit=dep-info,link -C embed-bitcode=no -C debuginfo=2 --warn=unexpected_cfgs --check-cfg 'cfg(kani)' --check-cfg 'cfg(feature, values("proptest"))' --check-cfg 'cfg(docsrs,test)' --check-cfg 'cfg(feature, values("proptest"))' -C metadata=312d882326bf7bcb -C extra-filename=-a6f367fd15a15720 --out-dir /tmp/cargo-mutants-veloxide-7fyFce.tmp/target/debug/examples -C incremental=/tmp/cargo-mutants-veloxide-7fyFce.tmp/target/debug/incremental -L dependency=/tmp/cargo-mutants-veloxide-7fyFce.tmp/target/debug/deps --extern blake3=/tmp/cargo-mutants-veloxide-7fyFce.tmp/target/debug/deps/libblake3-e8f24124f4d9cb0a.rlib --extern bytes=/tmp/cargo-mutants-veloxide-7fyFce.tmp/target/debug/deps/libbytes-affa0d1ca1e50033.rlib --extern crc32fast=/tmp/cargo-mutants-veloxide-7fyFce.tmp/target/debug/deps/libcrc32fast-708b19cc9b243303.rlib --extern fjall=/tmp/cargo-mutants-veloxide-7fyFce.tmp/target/debug/deps/libfjall-4f0fc7c5fc99852a.rlib --extern memmap2=/tmp/cargo-mutants-veloxide-7fyFce.tmp/target/debug/deps/libmemmap2-e1262eabecfd70c2.rlib --extern parking_lot=/tmp/cargo-mutants-veloxide-7fyFce.tmp/target/debug/deps/libparking_lot-0bebd4c21b65a397.rlib --extern proptest=/tmp/cargo-mutants-veloxide-7fyFce.tmp/target/debug/deps/libproptest-34b9f624b6c411e6.rlib --extern rstest=/tmp/cargo-mutants-veloxide-7fyFce.tmp/target/debug/deps/librstest-ce971fceb7271210.rlib --extern serde=/tmp/cargo-mutants-veloxide-7fyFce.tmp/target/debug/deps/libserde-8d2137fd1183e2a0.rlib --extern serde_json=/tmp/cargo-mutants-veloxide-7fyFce.tmp/target/debug/deps/libserde_json-ece30e0cb717c324.rlib --extern sha2=/tmp/cargo-mutants-veloxide-7fyFce.tmp/target/debug/deps/libsha2-b55f7fd476f99ebd.rlib --extern tempfile=/tmp/cargo-mutants-veloxide-7fyFce.tmp/target/debug/deps/libtempfile-4936d71761ed1eff.rlib --extern thiserror=/tmp/cargo-mutants-veloxide-7fyFce.tmp/target/debug/deps/libthiserror-0f760a551262ab92.rlib --extern tokio=/tmp/cargo-mutants-veloxide-7fyFce.tmp/target/debug/deps/libtokio-03ca8bcee6acea17.rlib --extern ulid=/tmp/cargo-mutants-veloxide-7fyFce.tmp/target/debug/deps/libulid-0da8f10bd00bfc47.rlib --extern vo_storage=/tmp/cargo-mutants-veloxide-7fyFce.tmp/target/debug/deps/libvo_storage-28877bfc6fdc308e.rlib --extern vo_types=/tmp/cargo-mutants-veloxide-7fyFce.tmp/target/debug/deps/libvo_types-3d21ab5de92ae613.rlib -L native=/tmp/cargo-mutants-veloxide-7fyFce.tmp/target/debug/build/blake3-50967b6a274f64c6/out -L native=/tmp/cargo-mutants-veloxide-7fyFce.tmp/target/debug/build/blake3-50967b6a274f64c6/out`
     Running `sccache /home/lewis/.rustup/toolchains/nightly-x86_64-unknown-linux-gnu/bin/rustc --crate-name dedupe_partition_red_queen --edition=2021 crates/vo-storage/tests/dedupe_partition_red_queen.rs --error-format=json --json=diagnostic-rendered-ansi,artifacts,future-incompat --emit=dep-info,link -C embed-bitcode=no -C debuginfo=2 --warn=unexpected_cfgs --check-cfg 'cfg(kani)' --check-cfg 'cfg(feature, values("proptest"))' --test --check-cfg 'cfg(docsrs,test)' --check-cfg 'cfg(feature, values("proptest"))' -C metadata=4fd70c544cd2a308 -C extra-filename=-2e0e6132bf88b3b5 --out-dir /tmp/cargo-mutants-veloxide-7fyFce.tmp/target/debug/deps -C incremental=/tmp/cargo-mutants-veloxide-7fyFce.tmp/target/debug/incremental -L dependency=/tmp/cargo-mutants-veloxide-7fyFce.tmp/target/debug/deps --extern blake3=/tmp/cargo-mutants-veloxide-7fyFce.tmp/target/debug/deps/libblake3-e8f24124f4d9cb0a.rlib --extern bytes=/tmp/cargo-mutants-veloxide-7fyFce.tmp/target/debug/deps/libbytes-affa0d1ca1e50033.rlib --extern crc32fast=/tmp/cargo-mutants-veloxide-7fyFce.tmp/target/debug/deps/libcrc32fast-708b19cc9b243303.rlib --extern fjall=/tmp/cargo-mutants-veloxide-7fyFce.tmp/target/debug/deps/libfjall-4f0fc7c5fc99852a.rlib --extern memmap2=/tmp/cargo-mutants-veloxide-7fyFce.tmp/target/debug/deps/libmemmap2-e1262eabecfd70c2.rlib --extern parking_lot=/tmp/cargo-mutants-veloxide-7fyFce.tmp/target/debug/deps/libparking_lot-0bebd4c21b65a397.rlib --extern proptest=/tmp/cargo-mutants-veloxide-7fyFce.tmp/target/debug/deps/libproptest-34b9f624b6c411e6.rlib --extern rstest=/tmp/cargo-mutants-veloxide-7fyFce.tmp/target/debug/deps/librstest-ce971fceb7271210.rlib --extern serde=/tmp/cargo-mutants-veloxide-7fyFce.tmp/target/debug/deps/libserde-8d2137fd1183e2a0.rlib --extern serde_json=/tmp/cargo-mutants-veloxide-7fyFce.tmp/target/debug/deps/libserde_json-ece30e0cb717c324.rlib --extern sha2=/tmp/cargo-mutants-veloxide-7fyFce.tmp/target/debug/deps/libsha2-b55f7fd476f99ebd.rlib --extern tempfile=/tmp/cargo-mutants-veloxide-7fyFce.tmp/target/debug/deps/libtempfile-4936d71761ed1eff.rlib --extern thiserror=/tmp/cargo-mutants-veloxide-7fyFce.tmp/target/debug/deps/libthiserror-0f760a551262ab92.rlib --extern tokio=/tmp/cargo-mutants-veloxide-7fyFce.tmp/target/debug/deps/libtokio-03ca8bcee6acea17.rlib --extern ulid=/tmp/cargo-mutants-veloxide-7fyFce.tmp/target/debug/deps/libulid-0da8f10bd00bfc47.rlib --extern vo_storage=/tmp/cargo-mutants-veloxide-7fyFce.tmp/target/debug/deps/libvo_storage-28877bfc6fdc308e.rlib --extern vo_types=/tmp/cargo-mutants-veloxide-7fyFce.tmp/target/debug/deps/libvo_types-3d21ab5de92ae613.rlib -L native=/tmp/cargo-mutants-veloxide-7fyFce.tmp/target/debug/build/blake3-50967b6a274f64c6/out -L native=/tmp/cargo-mutants-veloxide-7fyFce.tmp/target/debug/build/blake3-50967b6a274f64c6/out`
     Running `sccache /home/lewis/.rustup/toolchains/nightly-x86_64-unknown-linux-gnu/bin/rustc --crate-name blob_store_integration --edition=2021 crates/vo-storage/tests/blob_store_integration.rs --error-format=json --json=diagnostic-rendered-ansi,artifacts,future-incompat --emit=dep-info,link -C embed-bitcode=no -C debuginfo=2 --warn=unexpected_cfgs --check-cfg 'cfg(kani)' --check-cfg 'cfg(feature, values("proptest"))' --test --check-cfg 'cfg(docsrs,test)' --check-cfg 'cfg(feature, values("proptest"))' -C metadata=833bbab812b0aa15 -C extra-filename=-16991753f4f243e1 --out-dir /tmp/cargo-mutants-veloxide-7fyFce.tmp/target/debug/deps -C incremental=/tmp/cargo-mutants-veloxide-7fyFce.tmp/target/debug/incremental -L dependency=/tmp/cargo-mutants-veloxide-7fyFce.tmp/target/debug/deps --extern blake3=/tmp/cargo-mutants-veloxide-7fyFce.tmp/target/debug/deps/libblake3-e8f24124f4d9cb0a.rlib --extern bytes=/tmp/cargo-mutants-veloxide-7fyFce.tmp/target/debug/deps/libbytes-affa0d1ca1e50033.rlib --extern crc32fast=/tmp/cargo-mutants-veloxide-7fyFce.tmp/target/debug/deps/libcrc32fast-708b19cc9b243303.rlib --extern fjall=/tmp/cargo-mutants-veloxide-7fyFce.tmp/target/debug/deps/libfjall-4f0fc7c5fc99852a.rlib --extern memmap2=/tmp/cargo-mutants-veloxide-7fyFce.tmp/target/debug/deps/libmemmap2-e1262eabecfd70c2.rlib --extern parking_lot=/tmp/cargo-mutants-veloxide-7fyFce.tmp/target/debug/deps/libparking_lot-0bebd4c21b65a397.rlib --extern proptest=/tmp/cargo-mutants-veloxide-7fyFce.tmp/target/debug/deps/libproptest-34b9f624b6c411e6.rlib --extern rstest=/tmp/cargo-mutants-veloxide-7fyFce.tmp/target/debug/deps/librstest-ce971fceb7271210.rlib --extern serde=/tmp/cargo-mutants-veloxide-7fyFce.tmp/target/debug/deps/libserde-8d2137fd1183e2a0.rlib --extern serde_json=/tmp/cargo-mutants-veloxide-7fyFce.tmp/target/debug/deps/libserde_json-ece30e0cb717c324.rlib --extern sha2=/tmp/cargo-mutants-veloxide-7fyFce.tmp/target/debug/deps/libsha2-b55f7fd476f99ebd.rlib --extern tempfile=/tmp/cargo-mutants-veloxide-7fyFce.tmp/target/debug/deps/libtempfile-4936d71761ed1eff.rlib --extern thiserror=/tmp/cargo-mutants-veloxide-7fyFce.tmp/target/debug/deps/libthiserror-0f760a551262ab92.rlib --extern tokio=/tmp/cargo-mutants-veloxide-7fyFce.tmp/target/debug/deps/libtokio-03ca8bcee6acea17.rlib --extern ulid=/tmp/cargo-mutants-veloxide-7fyFce.tmp/target/debug/deps/libulid-0da8f10bd00bfc47.rlib --extern vo_storage=/tmp/cargo-mutants-veloxide-7fyFce.tmp/target/debug/deps/libvo_storage-28877bfc6fdc308e.rlib --extern vo_types=/tmp/cargo-mutants-veloxide-7fyFce.tmp/target/debug/deps/libvo_types-3d21ab5de92ae613.rlib -L native=/tmp/cargo-mutants-veloxide-7fyFce.tmp/target/debug/build/blake3-50967b6a274f64c6/out -L native=/tmp/cargo-mutants-veloxide-7fyFce.tmp/target/debug/build/blake3-50967b6a274f64c6/out`
     Running `sccache /home/lewis/.rustup/toolchains/nightly-x86_64-unknown-linux-gnu/bin/rustc --crate-name timer_index_red_queen --edition=2021 crates/vo-storage/tests/timer_index_red_queen.rs --error-format=json --json=diagnostic-rendered-ansi,artifacts,future-incompat --emit=dep-info,link -C embed-bitcode=no -C debuginfo=2 --warn=unexpected_cfgs --check-cfg 'cfg(kani)' --check-cfg 'cfg(feature, values("proptest"))' --test --check-cfg 'cfg(docsrs,test)' --check-cfg 'cfg(feature, values("proptest"))' -C metadata=466e86141dd4492e -C extra-filename=-c7e54e2162c82277 --out-dir /tmp/cargo-mutants-veloxide-7fyFce.tmp/target/debug/deps -C incremental=/tmp/cargo-mutants-veloxide-7fyFce.tmp/target/debug/incremental -L dependency=/tmp/cargo-mutants-veloxide-7fyFce.tmp/target/debug/deps --extern blake3=/tmp/cargo-mutants-veloxide-7fyFce.tmp/target/debug/deps/libblake3-e8f24124f4d9cb0a.rlib --extern bytes=/tmp/cargo-mutants-veloxide-7fyFce.tmp/target/debug/deps/libbytes-affa0d1ca1e50033.rlib --extern crc32fast=/tmp/cargo-mutants-veloxide-7fyFce.tmp/target/debug/deps/libcrc32fast-708b19cc9b243303.rlib --extern fjall=/tmp/cargo-mutants-veloxide-7fyFce.tmp/target/debug/deps/libfjall-4f0fc7c5fc99852a.rlib --extern memmap2=/tmp/cargo-mutants-veloxide-7fyFce.tmp/target/debug/deps/libmemmap2-e1262eabecfd70c2.rlib --extern parking_lot=/tmp/cargo-mutants-veloxide-7fyFce.tmp/target/debug/deps/libparking_lot-0bebd4c21b65a397.rlib --extern proptest=/tmp/cargo-mutants-veloxide-7fyFce.tmp/target/debug/deps/libproptest-34b9f624b6c411e6.rlib --extern rstest=/tmp/cargo-mutants-veloxide-7fyFce.tmp/target/debug/deps/librstest-ce971fceb7271210.rlib --extern serde=/tmp/cargo-mutants-veloxide-7fyFce.tmp/target/debug/deps/libserde-8d2137fd1183e2a0.rlib --extern serde_json=/tmp/cargo-mutants-veloxide-7fyFce.tmp/target/debug/deps/libserde_json-ece30e0cb717c324.rlib --extern sha2=/tmp/cargo-mutants-veloxide-7fyFce.tmp/target/debug/deps/libsha2-b55f7fd476f99ebd.rlib --extern tempfile=/tmp/cargo-mutants-veloxide-7fyFce.tmp/target/debug/deps/libtempfile-4936d71761ed1eff.rlib --extern thiserror=/tmp/cargo-mutants-veloxide-7fyFce.tmp/target/debug/deps/libthiserror-0f760a551262ab92.rlib --extern tokio=/tmp/cargo-mutants-veloxide-7fyFce.tmp/target/debug/deps/libtokio-03ca8bcee6acea17.rlib --extern ulid=/tmp/cargo-mutants-veloxide-7fyFce.tmp/target/debug/deps/libulid-0da8f10bd00bfc47.rlib --extern vo_storage=/tmp/cargo-mutants-veloxide-7fyFce.tmp/target/debug/deps/libvo_storage-28877bfc6fdc308e.rlib --extern vo_types=/tmp/cargo-mutants-veloxide-7fyFce.tmp/target/debug/deps/libvo_types-3d21ab5de92ae613.rlib -L native=/tmp/cargo-mutants-veloxide-7fyFce.tmp/target/debug/build/blake3-50967b6a274f64c6/out -L native=/tmp/cargo-mutants-veloxide-7fyFce.tmp/target/debug/build/blake3-50967b6a274f64c6/out`
     Running `sccache /home/lewis/.rustup/toolchains/nightly-x86_64-unknown-linux-gnu/bin/rustc --crate-name structural_test --edition=2021 crates/vo-storage/tests/structural_test.rs --error-format=json --json=diagnostic-rendered-ansi,artifacts,future-incompat --emit=dep-info,link -C embed-bitcode=no -C debuginfo=2 --warn=unexpected_cfgs --check-cfg 'cfg(kani)' --check-cfg 'cfg(feature, values("proptest"))' --test --check-cfg 'cfg(docsrs,test)' --check-cfg 'cfg(feature, values("proptest"))' -C metadata=8e714d7e45188c3e -C extra-filename=-16138d6f0454dda9 --out-dir /tmp/cargo-mutants-veloxide-7fyFce.tmp/target/debug/deps -C incremental=/tmp/cargo-mutants-veloxide-7fyFce.tmp/target/debug/incremental -L dependency=/tmp/cargo-mutants-veloxide-7fyFce.tmp/target/debug/deps --extern blake3=/tmp/cargo-mutants-veloxide-7fyFce.tmp/target/debug/deps/libblake3-e8f24124f4d9cb0a.rlib --extern bytes=/tmp/cargo-mutants-veloxide-7fyFce.tmp/target/debug/deps/libbytes-affa0d1ca1e50033.rlib --extern crc32fast=/tmp/cargo-mutants-veloxide-7fyFce.tmp/target/debug/deps/libcrc32fast-708b19cc9b243303.rlib --extern fjall=/tmp/cargo-mutants-veloxide-7fyFce.tmp/target/debug/deps/libfjall-4f0fc7c5fc99852a.rlib --extern memmap2=/tmp/cargo-mutants-veloxide-7fyFce.tmp/target/debug/deps/libmemmap2-e1262eabecfd70c2.rlib --extern parking_lot=/tmp/cargo-mutants-veloxide-7fyFce.tmp/target/debug/deps/libparking_lot-0bebd4c21b65a397.rlib --extern proptest=/tmp/cargo-mutants-veloxide-7fyFce.tmp/target/debug/deps/libproptest-34b9f624b6c411e6.rlib --extern rstest=/tmp/cargo-mutants-veloxide-7fyFce.tmp/target/debug/deps/librstest-ce971fceb7271210.rlib --extern serde=/tmp/cargo-mutants-veloxide-7fyFce.tmp/target/debug/deps/libserde-8d2137fd1183e2a0.rlib --extern serde_json=/tmp/cargo-mutants-veloxide-7fyFce.tmp/target/debug/deps/libserde_json-ece30e0cb717c324.rlib --extern sha2=/tmp/cargo-mutants-veloxide-7fyFce.tmp/target/debug/deps/libsha2-b55f7fd476f99ebd.rlib --extern tempfile=/tmp/cargo-mutants-veloxide-7fyFce.tmp/target/debug/deps/libtempfile-4936d71761ed1eff.rlib --extern thiserror=/tmp/cargo-mutants-veloxide-7fyFce.tmp/target/debug/deps/libthiserror-0f760a551262ab92.rlib --extern tokio=/tmp/cargo-mutants-veloxide-7fyFce.tmp/target/debug/deps/libtokio-03ca8bcee6acea17.rlib --extern ulid=/tmp/cargo-mutants-veloxide-7fyFce.tmp/target/debug/deps/libulid-0da8f10bd00bfc47.rlib --extern vo_storage=/tmp/cargo-mutants-veloxide-7fyFce.tmp/target/debug/deps/libvo_storage-28877bfc6fdc308e.rlib --extern vo_types=/tmp/cargo-mutants-veloxide-7fyFce.tmp/target/debug/deps/libvo_types-3d21ab5de92ae613.rlib -L native=/tmp/cargo-mutants-veloxide-7fyFce.tmp/target/debug/build/blake3-50967b6a274f64c6/out -L native=/tmp/cargo-mutants-veloxide-7fyFce.tmp/target/debug/build/blake3-50967b6a274f64c6/out`
     Running `sccache /home/lewis/.rustup/toolchains/nightly-x86_64-unknown-linux-gnu/bin/rustc --crate-name red_queen_tests --edition=2021 crates/vo-storage/tests/red_queen_tests.rs --error-format=json --json=diagnostic-rendered-ansi,artifacts,future-incompat --emit=dep-info,link -C embed-bitcode=no -C debuginfo=2 --warn=unexpected_cfgs --check-cfg 'cfg(kani)' --check-cfg 'cfg(feature, values("proptest"))' --test --check-cfg 'cfg(docsrs,test)' --check-cfg 'cfg(feature, values("proptest"))' -C metadata=7e7a1c629107fcd8 -C extra-filename=-25dd78d24d0944e1 --out-dir /tmp/cargo-mutants-veloxide-7fyFce.tmp/target/debug/deps -C incremental=/tmp/cargo-mutants-veloxide-7fyFce.tmp/target/debug/incremental -L dependency=/tmp/cargo-mutants-veloxide-7fyFce.tmp/target/debug/deps --extern blake3=/tmp/cargo-mutants-veloxide-7fyFce.tmp/target/debug/deps/libblake3-e8f24124f4d9cb0a.rlib --extern bytes=/tmp/cargo-mutants-veloxide-7fyFce.tmp/target/debug/deps/libbytes-affa0d1ca1e50033.rlib --extern crc32fast=/tmp/cargo-mutants-veloxide-7fyFce.tmp/target/debug/deps/libcrc32fast-708b19cc9b243303.rlib --extern fjall=/tmp/cargo-mutants-veloxide-7fyFce.tmp/target/debug/deps/libfjall-4f0fc7c5fc99852a.rlib --extern memmap2=/tmp/cargo-mutants-veloxide-7fyFce.tmp/target/debug/deps/libmemmap2-e1262eabecfd70c2.rlib --extern parking_lot=/tmp/cargo-mutants-veloxide-7fyFce.tmp/target/debug/deps/libparking_lot-0bebd4c21b65a397.rlib --extern proptest=/tmp/cargo-mutants-veloxide-7fyFce.tmp/target/debug/deps/libproptest-34b9f624b6c411e6.rlib --extern rstest=/tmp/cargo-mutants-veloxide-7fyFce.tmp/target/debug/deps/librstest-ce971fceb7271210.rlib --extern serde=/tmp/cargo-mutants-veloxide-7fyFce.tmp/target/debug/deps/libserde-8d2137fd1183e2a0.rlib --extern serde_json=/tmp/cargo-mutants-veloxide-7fyFce.tmp/target/debug/deps/libserde_json-ece30e0cb717c324.rlib --extern sha2=/tmp/cargo-mutants-veloxide-7fyFce.tmp/target/debug/deps/libsha2-b55f7fd476f99ebd.rlib --extern tempfile=/tmp/cargo-mutants-veloxide-7fyFce.tmp/target/debug/deps/libtempfile-4936d71761ed1eff.rlib --extern thiserror=/tmp/cargo-mutants-veloxide-7fyFce.tmp/target/debug/deps/libthiserror-0f760a551262ab92.rlib --extern tokio=/tmp/cargo-mutants-veloxide-7fyFce.tmp/target/debug/deps/libtokio-03ca8bcee6acea17.rlib --extern ulid=/tmp/cargo-mutants-veloxide-7fyFce.tmp/target/debug/deps/libulid-0da8f10bd00bfc47.rlib --extern vo_storage=/tmp/cargo-mutants-veloxide-7fyFce.tmp/target/debug/deps/libvo_storage-28877bfc6fdc308e.rlib --extern vo_types=/tmp/cargo-mutants-veloxide-7fyFce.tmp/target/debug/deps/libvo_types-3d21ab5de92ae613.rlib -L native=/tmp/cargo-mutants-veloxide-7fyFce.tmp/target/debug/build/blake3-50967b6a274f64c6/out -L native=/tmp/cargo-mutants-veloxide-7fyFce.tmp/target/debug/build/blake3-50967b6a274f64c6/out`
     Running `sccache /home/lewis/.rustup/toolchains/nightly-x86_64-unknown-linux-gnu/bin/rustc --crate-name instance_index_integration --edition=2021 crates/vo-storage/tests/instance_index_integration.rs --error-format=json --json=diagnostic-rendered-ansi,artifacts,future-incompat --emit=dep-info,link -C embed-bitcode=no -C debuginfo=2 --warn=unexpected_cfgs --check-cfg 'cfg(kani)' --check-cfg 'cfg(feature, values("proptest"))' --test --check-cfg 'cfg(docsrs,test)' --check-cfg 'cfg(feature, values("proptest"))' -C metadata=7100f67dc42445bb -C extra-filename=-e5b75337eaaad018 --out-dir /tmp/cargo-mutants-veloxide-7fyFce.tmp/target/debug/deps -C incremental=/tmp/cargo-mutants-veloxide-7fyFce.tmp/target/debug/incremental -L dependency=/tmp/cargo-mutants-veloxide-7fyFce.tmp/target/debug/deps --extern blake3=/tmp/cargo-mutants-veloxide-7fyFce.tmp/target/debug/deps/libblake3-e8f24124f4d9cb0a.rlib --extern bytes=/tmp/cargo-mutants-veloxide-7fyFce.tmp/target/debug/deps/libbytes-affa0d1ca1e50033.rlib --extern crc32fast=/tmp/cargo-mutants-veloxide-7fyFce.tmp/target/debug/deps/libcrc32fast-708b19cc9b243303.rlib --extern fjall=/tmp/cargo-mutants-veloxide-7fyFce.tmp/target/debug/deps/libfjall-4f0fc7c5fc99852a.rlib --extern memmap2=/tmp/cargo-mutants-veloxide-7fyFce.tmp/target/debug/deps/libmemmap2-e1262eabecfd70c2.rlib --extern parking_lot=/tmp/cargo-mutants-veloxide-7fyFce.tmp/target/debug/deps/libparking_lot-0bebd4c21b65a397.rlib --extern proptest=/tmp/cargo-mutants-veloxide-7fyFce.tmp/target/debug/deps/libproptest-34b9f624b6c411e6.rlib --extern rstest=/tmp/cargo-mutants-veloxide-7fyFce.tmp/target/debug/deps/librstest-ce971fceb7271210.rlib --extern serde=/tmp/cargo-mutants-veloxide-7fyFce.tmp/target/debug/deps/libserde-8d2137fd1183e2a0.rlib --extern serde_json=/tmp/cargo-mutants-veloxide-7fyFce.tmp/target/debug/deps/libserde_json-ece30e0cb717c324.rlib --extern sha2=/tmp/cargo-mutants-veloxide-7fyFce.tmp/target/debug/deps/libsha2-b55f7fd476f99ebd.rlib --extern tempfile=/tmp/cargo-mutants-veloxide-7fyFce.tmp/target/debug/deps/libtempfile-4936d71761ed1eff.rlib --extern thiserror=/tmp/cargo-mutants-veloxide-7fyFce.tmp/target/debug/deps/libthiserror-0f760a551262ab92.rlib --extern tokio=/tmp/cargo-mutants-veloxide-7fyFce.tmp/target/debug/deps/libtokio-03ca8bcee6acea17.rlib --extern ulid=/tmp/cargo-mutants-veloxide-7fyFce.tmp/target/debug/deps/libulid-0da8f10bd00bfc47.rlib --extern vo_storage=/tmp/cargo-mutants-veloxide-7fyFce.tmp/target/debug/deps/libvo_storage-28877bfc6fdc308e.rlib --extern vo_types=/tmp/cargo-mutants-veloxide-7fyFce.tmp/target/debug/deps/libvo_types-3d21ab5de92ae613.rlib -L native=/tmp/cargo-mutants-veloxide-7fyFce.tmp/target/debug/build/blake3-50967b6a274f64c6/out -L native=/tmp/cargo-mutants-veloxide-7fyFce.tmp/target/debug/build/blake3-50967b6a274f64c6/out`
     Running `sccache /home/lewis/.rustup/toolchains/nightly-x86_64-unknown-linux-gnu/bin/rustc --crate-name instance_index_fault_injection --edition=2021 crates/vo-storage/tests/instance_index_fault_injection.rs --error-format=json --json=diagnostic-rendered-ansi,artifacts,future-incompat --emit=dep-info,link -C embed-bitcode=no -C debuginfo=2 --warn=unexpected_cfgs --check-cfg 'cfg(kani)' --check-cfg 'cfg(feature, values("proptest"))' --test --check-cfg 'cfg(docsrs,test)' --check-cfg 'cfg(feature, values("proptest"))' -C metadata=5a250199103f163d -C extra-filename=-e9aa9aa692768d22 --out-dir /tmp/cargo-mutants-veloxide-7fyFce.tmp/target/debug/deps -C incremental=/tmp/cargo-mutants-veloxide-7fyFce.tmp/target/debug/incremental -L dependency=/tmp/cargo-mutants-veloxide-7fyFce.tmp/target/debug/deps --extern blake3=/tmp/cargo-mutants-veloxide-7fyFce.tmp/target/debug/deps/libblake3-e8f24124f4d9cb0a.rlib --extern bytes=/tmp/cargo-mutants-veloxide-7fyFce.tmp/target/debug/deps/libbytes-affa0d1ca1e50033.rlib --extern crc32fast=/tmp/cargo-mutants-veloxide-7fyFce.tmp/target/debug/deps/libcrc32fast-708b19cc9b243303.rlib --extern fjall=/tmp/cargo-mutants-veloxide-7fyFce.tmp/target/debug/deps/libfjall-4f0fc7c5fc99852a.rlib --extern memmap2=/tmp/cargo-mutants-veloxide-7fyFce.tmp/target/debug/deps/libmemmap2-e1262eabecfd70c2.rlib --extern parking_lot=/tmp/cargo-mutants-veloxide-7fyFce.tmp/target/debug/deps/libparking_lot-0bebd4c21b65a397.rlib --extern proptest=/tmp/cargo-mutants-veloxide-7fyFce.tmp/target/debug/deps/libproptest-34b9f624b6c411e6.rlib --extern rstest=/tmp/cargo-mutants-veloxide-7fyFce.tmp/target/debug/deps/librstest-ce971fceb7271210.rlib --extern serde=/tmp/cargo-mutants-veloxide-7fyFce.tmp/target/debug/deps/libserde-8d2137fd1183e2a0.rlib --extern serde_json=/tmp/cargo-mutants-veloxide-7fyFce.tmp/target/debug/deps/libserde_json-ece30e0cb717c324.rlib --extern sha2=/tmp/cargo-mutants-veloxide-7fyFce.tmp/target/debug/deps/libsha2-b55f7fd476f99ebd.rlib --extern tempfile=/tmp/cargo-mutants-veloxide-7fyFce.tmp/target/debug/deps/libtempfile-4936d71761ed1eff.rlib --extern thiserror=/tmp/cargo-mutants-veloxide-7fyFce.tmp/target/debug/deps/libthiserror-0f760a551262ab92.rlib --extern tokio=/tmp/cargo-mutants-veloxide-7fyFce.tmp/target/debug/deps/libtokio-03ca8bcee6acea17.rlib --extern ulid=/tmp/cargo-mutants-veloxide-7fyFce.tmp/target/debug/deps/libulid-0da8f10bd00bfc47.rlib --extern vo_storage=/tmp/cargo-mutants-veloxide-7fyFce.tmp/target/debug/deps/libvo_storage-28877bfc6fdc308e.rlib --extern vo_types=/tmp/cargo-mutants-veloxide-7fyFce.tmp/target/debug/deps/libvo_types-3d21ab5de92ae613.rlib -L native=/tmp/cargo-mutants-veloxide-7fyFce.tmp/target/debug/build/blake3-50967b6a274f64c6/out -L native=/tmp/cargo-mutants-veloxide-7fyFce.tmp/target/debug/build/blake3-50967b6a274f64c6/out`
     Running `sccache /home/lewis/.rustup/toolchains/nightly-x86_64-unknown-linux-gnu/bin/rustc --crate-name persistence_integration --edition=2021 crates/vo-storage/tests/persistence_integration.rs --error-format=json --json=diagnostic-rendered-ansi,artifacts,future-incompat --emit=dep-info,link -C embed-bitcode=no -C debuginfo=2 --warn=unexpected_cfgs --check-cfg 'cfg(kani)' --check-cfg 'cfg(feature, values("proptest"))' --test --check-cfg 'cfg(docsrs,test)' --check-cfg 'cfg(feature, values("proptest"))' -C metadata=d40c3e04be5a0ce9 -C extra-filename=-a183c89bd9c255ae --out-dir /tmp/cargo-mutants-veloxide-7fyFce.tmp/target/debug/deps -C incremental=/tmp/cargo-mutants-veloxide-7fyFce.tmp/target/debug/incremental -L dependency=/tmp/cargo-mutants-veloxide-7fyFce.tmp/target/debug/deps --extern blake3=/tmp/cargo-mutants-veloxide-7fyFce.tmp/target/debug/deps/libblake3-e8f24124f4d9cb0a.rlib --extern bytes=/tmp/cargo-mutants-veloxide-7fyFce.tmp/target/debug/deps/libbytes-affa0d1ca1e50033.rlib --extern crc32fast=/tmp/cargo-mutants-veloxide-7fyFce.tmp/target/debug/deps/libcrc32fast-708b19cc9b243303.rlib --extern fjall=/tmp/cargo-mutants-veloxide-7fyFce.tmp/target/debug/deps/libfjall-4f0fc7c5fc99852a.rlib --extern memmap2=/tmp/cargo-mutants-veloxide-7fyFce.tmp/target/debug/deps/libmemmap2-e1262eabecfd70c2.rlib --extern parking_lot=/tmp/cargo-mutants-veloxide-7fyFce.tmp/target/debug/deps/libparking_lot-0bebd4c21b65a397.rlib --extern proptest=/tmp/cargo-mutants-veloxide-7fyFce.tmp/target/debug/deps/libproptest-34b9f624b6c411e6.rlib --extern rstest=/tmp/cargo-mutants-veloxide-7fyFce.tmp/target/debug/deps/librstest-ce971fceb7271210.rlib --extern serde=/tmp/cargo-mutants-veloxide-7fyFce.tmp/target/debug/deps/libserde-8d2137fd1183e2a0.rlib --extern serde_json=/tmp/cargo-mutants-veloxide-7fyFce.tmp/target/debug/deps/libserde_json-ece30e0cb717c324.rlib --extern sha2=/tmp/cargo-mutants-veloxide-7fyFce.tmp/target/debug/deps/libsha2-b55f7fd476f99ebd.rlib --extern tempfile=/tmp/cargo-mutants-veloxide-7fyFce.tmp/target/debug/deps/libtempfile-4936d71761ed1eff.rlib --extern thiserror=/tmp/cargo-mutants-veloxide-7fyFce.tmp/target/debug/deps/libthiserror-0f760a551262ab92.rlib --extern tokio=/tmp/cargo-mutants-veloxide-7fyFce.tmp/target/debug/deps/libtokio-03ca8bcee6acea17.rlib --extern ulid=/tmp/cargo-mutants-veloxide-7fyFce.tmp/target/debug/deps/libulid-0da8f10bd00bfc47.rlib --extern vo_storage=/tmp/cargo-mutants-veloxide-7fyFce.tmp/target/debug/deps/libvo_storage-28877bfc6fdc308e.rlib --extern vo_types=/tmp/cargo-mutants-veloxide-7fyFce.tmp/target/debug/deps/libvo_types-3d21ab5de92ae613.rlib -L native=/tmp/cargo-mutants-veloxide-7fyFce.tmp/target/debug/build/blake3-50967b6a274f64c6/out -L native=/tmp/cargo-mutants-veloxide-7fyFce.tmp/target/debug/build/blake3-50967b6a274f64c6/out`
warning: unused import: `tokio::io::AsyncWriteExt`
   --> crates/vo-storage/tests/blob_store_integration.rs:260:13
    |
260 |         use tokio::io::AsyncWriteExt;
    |             ^^^^^^^^^^^^^^^^^^^^^^^^
    |
    = note: `#[warn(unused_imports)]` (part of `#[warn(unused)]`) on by default

warning: unused variable: `checksum`
   --> crates/vo-storage/src/checksum.rs:331:13
    |
331 |         let checksum = compute_checksum(b"test");
    |             ^^^^^^^^ help: if this is intentional, prefix it with an underscore: `_checksum`
    |
    = note: `#[warn(unused_variables)]` (part of `#[warn(unused)]`) on by default

warning: variable does not need to be mutable
   --> crates/vo-storage/src/mmap_cache.rs:325:14
    |
325 |         let (mut cache, _dir) = create_test_cache();
    |              ----^^^^^
    |              |
    |              help: remove this `mut`
    |
    = note: `#[warn(unused_mut)]` (part of `#[warn(unused)]`) on by default

warning: associated function `with_entries` is never used
  --> crates/vo-storage/src/dedupe_partition/tests/tests_purge.rs:29:8
   |
21 | impl PurgeTestStore {
   | ------------------- associated function in this implementation
...
29 |     fn with_entries(entries: HashMap<String, DedupeEntry>) -> Self {
   |        ^^^^^^^^^^^^
   |
   = note: `#[warn(dead_code)]` (part of `#[warn(unused)]`) on by default

warning: variant `PurgeExpired` is never constructed
  --> crates/vo-storage/src/dedupe_partition/tests/tests_store_operations.rs:24:5
   |
22 | enum FailureMode {
   |      ----------- variant in this enum
23 |     CheckAndInsert { reason: String },
24 |     PurgeExpired { reason: String },
   |     ^^^^^^^^^^^^

warning: function `sample_instance_id` is never used
  --> crates/vo-storage/src/effect_journal/red_queen_tests/codec.rs:13:4
   |
13 | fn sample_instance_id() -> InstanceId {
   |    ^^^^^^^^^^^^^^^^^^

warning: function `sample_instance_id` is never used
  --> crates/vo-storage/src/effect_journal/red_queen_tests/effect_id.rs:10:4
   |
10 | fn sample_instance_id() -> InstanceId {
   |    ^^^^^^^^^^^^^^^^^^

warning: function `sample_instance_id` is never used
 --> crates/vo-storage/src/effect_journal/tests/tests_effect_id.rs:8:4
  |
8 | fn sample_instance_id() -> InstanceId {
  |    ^^^^^^^^^^^^^^^^^^

warning: method `set_faults` is never used
  --> crates/vo-storage/src/lease_partition/tests_integration_acquire.rs:49:8
   |
35 | impl DeterministicLeaseStore {
   | ---------------------------- method in this implementation
...
49 |     fn set_faults(&self, faults: FaultConfig) {
   |        ^^^^^^^^^^

warning: function `alternate_instance_id` is never used
   --> crates/vo-storage/src/lease_partition/tests_integration_acquire.rs:235:4
    |
235 | fn alternate_instance_id() -> InstanceId {
    |    ^^^^^^^^^^^^^^^^^^^^^

warning: function `alternate_step_id` is never used
   --> crates/vo-storage/src/lease_partition/tests_integration_acquire.rs:239:4
    |
239 | fn alternate_step_id() -> StepId {
    |    ^^^^^^^^^^^^^^^^^

warning: function `fence_token` is never used
   --> crates/vo-storage/src/lease_partition/tests_integration_acquire.rs:243:4
    |
243 | fn fence_token(value: u64) -> FenceToken {
    |    ^^^^^^^^^^^

warning: function `alternate_instance_id` is never used
   --> crates/vo-storage/src/lease_partition/tests_integration_release.rs:235:4
    |
235 | fn alternate_instance_id() -> InstanceId {
    |    ^^^^^^^^^^^^^^^^^^^^^

warning: function `alternate_step_id` is never used
   --> crates/vo-storage/src/lease_partition/tests_integration_release.rs:239:4
    |
239 | fn alternate_step_id() -> StepId {
    |    ^^^^^^^^^^^^^^^^^

warning: function `alternate_instance_id` is never used
   --> crates/vo-storage/src/lease_partition/tests_integration_stale.rs:235:4
    |
235 | fn alternate_instance_id() -> InstanceId {
    |    ^^^^^^^^^^^^^^^^^^^^^

warning: function `alternate_step_id` is never used
   --> crates/vo-storage/src/lease_partition/tests_integration_stale.rs:239:4
    |
239 | fn alternate_step_id() -> StepId {
    |    ^^^^^^^^^^^^^^^^^

warning: function `alternate_instance_id` is never used
  --> crates/vo-storage/src/lease_partition/tests_lease_entry.rs:11:4
   |
11 | fn alternate_instance_id() -> InstanceId {
   |    ^^^^^^^^^^^^^^^^^^^^^

warning: function `alternate_step_id` is never used
  --> crates/vo-storage/src/lease_partition/tests_lease_entry.rs:19:4
   |
19 | fn alternate_step_id() -> StepId {
   |    ^^^^^^^^^^^^^^^^^

warning: function `parse_instance_id` is never used
 --> crates/vo-storage/src/lease_partition/verification.rs:3:15
  |
3 | pub(super) fn parse_instance_id(raw: &str) -> InstanceId {
  |               ^^^^^^^^^^^^^^^^^

warning: function `parse_step_id` is never used
 --> crates/vo-storage/src/lease_partition/verification.rs:7:15
  |
7 | pub(super) fn parse_step_id(raw: &str) -> StepId {
  |               ^^^^^^^^^^^^^

warning: function `verify_lease_entry_rejects_zero_fence` is never used
  --> crates/vo-storage/src/lease_partition/verification.rs:13:15
   |
13 | pub(super) fn verify_lease_entry_rejects_zero_fence() {
   |               ^^^^^^^^^^^^^^^^^^^^^^^^^^^^^^^^^^^^^

warning: function `verify_encode_decode_lease_key_roundtrip` is never used
  --> crates/vo-storage/src/lease_partition/verification.rs:20:15
   |
20 | pub(super) fn verify_encode_decode_lease_key_roundtrip() {
   |               ^^^^^^^^^^^^^^^^^^^^^^^^^^^^^^^^^^^^^^^^

warning: `vo-storage` (test "blob_store_integration") generated 1 warning (run `cargo fix --test "blob_store_integration" -p vo-storage` to apply 1 suggestion)
warning: `vo-storage` (lib test) generated 24 warnings (run `cargo fix --lib -p vo-storage --tests` to apply 5 suggestions)
    Finished `test` profile [unoptimized + debuginfo] target(s) in 1.07s
  Executable `/tmp/cargo-mutants-veloxide-7fyFce.tmp/target/debug/deps/vo_storage-07a37c0b47e630ea`
  Executable `/tmp/cargo-mutants-veloxide-7fyFce.tmp/target/debug/deps/blob_store_integration-16991753f4f243e1`
  Executable `/tmp/cargo-mutants-veloxide-7fyFce.tmp/target/debug/deps/dedupe_partition_red_queen-2e0e6132bf88b3b5`
  Executable `/tmp/cargo-mutants-veloxide-7fyFce.tmp/target/debug/deps/fjall_integration-46c9170fe9fff5cd`
  Executable `/tmp/cargo-mutants-veloxide-7fyFce.tmp/target/debug/deps/instance_index_fault_injection-e9aa9aa692768d22`
  Executable `/tmp/cargo-mutants-veloxide-7fyFce.tmp/target/debug/deps/instance_index_integration-e5b75337eaaad018`
  Executable `/tmp/cargo-mutants-veloxide-7fyFce.tmp/target/debug/deps/instance_index_red_queen-3819abcb532c1e3e`
  Executable `/tmp/cargo-mutants-veloxide-7fyFce.tmp/target/debug/deps/integration_replay-d000ba19b7669f65`
  Executable `/tmp/cargo-mutants-veloxide-7fyFce.tmp/target/debug/deps/integration_snapshots-84e42457aed5e707`
  Executable `/tmp/cargo-mutants-veloxide-7fyFce.tmp/target/debug/deps/persistence_integration-a183c89bd9c255ae`
  Executable `/tmp/cargo-mutants-veloxide-7fyFce.tmp/target/debug/deps/purge_integration-9d995facbdf06b09`
  Executable `/tmp/cargo-mutants-veloxide-7fyFce.tmp/target/debug/deps/red_queen_tests-25dd78d24d0944e1`
  Executable `/tmp/cargo-mutants-veloxide-7fyFce.tmp/target/debug/deps/snapshot_diff_exhaustive-accd3cfd76be3264`
  Executable `/tmp/cargo-mutants-veloxide-7fyFce.tmp/target/debug/deps/structural_test-16138d6f0454dda9`
  Executable `/tmp/cargo-mutants-veloxide-7fyFce.tmp/target/debug/deps/timer_index_red_queen-c7e54e2162c82277`

*** result: Success

*** /home/lewis/.rustup/toolchains/nightly-x86_64-unknown-linux-gnu/bin/cargo test --verbose --package=vo-storage@0.1.0 blob_store
       Fresh cfg-if v1.0.4
       Fresh unicode-ident v1.0.24
       Fresh once_cell v1.21.4
       Fresh smallvec v1.15.1
       Fresh autocfg v1.5.0
       Fresh version_check v0.9.5
       Fresh bitflags v2.11.0
       Fresh linux-raw-sys v0.12.1
       Fresh fastrand v2.3.0
       Fresh scopeguard v1.2.0
       Fresh rustc-hash v2.1.2
       Fresh pin-project-lite v0.2.17
       Fresh log v0.4.29
       Fresh futures-sink v0.3.32
       Fresh futures-core v0.3.32
       Fresh shlex v1.3.0
       Fresh memchr v2.8.0
       Fresh compare v0.0.6
       Fresh semver v1.0.27
       Fresh libc v0.2.184
       Fresh lock_api v0.4.14
       Fresh path-dedot v3.1.1
       Fresh regex-syntax v0.8.10
       Fresh find-msvc-tools v0.1.9
       Fresh futures-channel v0.3.32
       Fresh rustc_version v0.4.1
       Fresh aho-corasick v1.1.4
       Fresh interval-heap v0.0.5
       Fresh futures-task v0.3.32
       Fresh varint-rs v2.2.0
       Fresh futures-io v0.3.32
       Fresh byteorder v1.5.0
       Fresh byteview v0.6.1
       Fresh slab v0.4.12
       Fresh equivalent v1.0.2
       Fresh proc-macro2 v1.0.106
       Fresh getrandom v0.4.2
       Fresh getrandom v0.3.4
       Fresh zerocopy v0.8.47
       Fresh serde_core v1.0.228
       Fresh rustix v1.1.4
       Fresh crossbeam-utils v0.8.21
       Fresh typenum v1.19.0
       Fresh parking_lot_core v0.9.12
       Fresh cc v1.2.58
       Fresh path-absolutize v3.1.1
       Fresh xxhash-rust v0.8.15
       Fresh hashbrown v0.16.1
       Fresh regex-automata v0.4.14
       Fresh errno v0.3.14
       Fresh zmij v1.0.21
       Fresh self_cell v1.2.2
       Fresh tagged-vec v1.0.1
       Fresh hashbrown v0.14.5
       Fresh lz4_flex v0.11.6
       Fresh itoa v1.0.18
       Fresh sha1_smol v1.0.1
       Fresh double-ended-peekable v0.1.0
       Fresh guardian v1.3.0
       Fresh socket2 v0.6.3
       Fresh wait-timeout v0.2.1
       Fresh quote v1.0.45
       Fresh rand_core v0.9.5
       Fresh tempfile v3.27.0
       Fresh ppv-lite86 v0.2.21
       Fresh generic-array v0.14.7
       Fresh num-traits v0.2.19
       Fresh crossbeam-epoch v0.9.18
       Fresh quick_cache v0.6.21
       Fresh parking_lot v0.12.5
       Fresh dashmap v6.1.0
       Fresh uuid v1.23.0
       Fresh regex v1.12.3
       Fresh serde_json v1.0.149
       Fresh signal-hook-registry v1.4.8
       Fresh mio v1.2.0
       Fresh any-rope v1.2.5
       Fresh quick-error v1.2.3
       Fresh std-semaphore v0.1.0
       Fresh bit-vec v0.8.0
       Fresh glob v0.3.3
       Fresh fnv v1.0.7
       Fresh constant_time_eq v0.4.2
       Fresh arrayref v0.3.9
       Fresh cpufeatures v0.3.0
       Fresh relative-path v1.9.3
       Fresh arrayvec v0.7.6
       Fresh cpufeatures v0.2.17
       Fresh memmap2 v0.9.10
       Fresh futures-timer v3.0.3
       Fresh unarray v0.1.4
       Fresh syn v2.0.117
       Fresh rand_chacha v0.9.0
       Fresh crossbeam-skiplist v0.1.3
       Fresh optional-numeric-index v0.4.1
       Fresh crypto-common v0.1.7
       Fresh value-log v1.9.0
       Fresh block-buffer v0.10.4
       Fresh rand_xorshift v0.4.0
       Fresh bit-set v0.8.0
       Fresh crc32fast v1.5.0
       Fresh rusty-fork v0.3.1
       Fresh serde_derive v1.0.228
       Fresh futures-macro v0.3.32
       Fresh rand v0.9.2
       Fresh thiserror-impl v2.0.18
       Fresh thiserror-impl v1.0.69
       Fresh enum_dispatch v0.3.13
       Fresh tokio-macros v2.6.1
       Fresh digest v0.10.7
       Fresh blake3 v1.8.4
       Fresh rstest_macros v0.18.2
       Fresh serde v1.0.228
       Fresh thiserror v2.0.18
       Fresh futures-util v0.3.32
       Fresh lsm-tree v2.10.4
       Fresh ulid v1.2.1
       Fresh thiserror v1.0.69
       Fresh sha2 v0.10.9
       Fresh proptest v1.11.0
       Fresh futures-executor v0.3.32
       Fresh bytes v1.11.1
       Fresh spqr-tree v4.0.2
       Fresh fjall v2.11.2
       Fresh futures v0.3.32
       Fresh tokio v1.50.0
       Fresh vo-types v0.1.0 (/tmp/cargo-mutants-veloxide-7fyFce.tmp/crates/vo-types)
       Fresh rstest v0.18.2
warning: unused import: `Cell`
 --> crates/vo-storage/src/dedupe_partition/tests/tests_purge.rs:5:17
  |
5 | use std::cell::{Cell, RefCell};
  |                 ^^^^
  |
  = note: `#[warn(unused_imports)]` (part of `#[warn(unused)]`) on by default

warning: unused import: `vo_types::EffectIntent`
  --> crates/vo-storage/src/effect_journal/mod.rs:13:5
   |
13 | use vo_types::EffectIntent;
   |     ^^^^^^^^^^^^^^^^^^^^^^

warning: unused imports: `decode_effect_key` and `encode_effect_key`
 --> crates/vo-storage/src/effect_journal/red_queen_tests/journal.rs:7:5
  |
7 |     decode_effect_key, encode_effect_key, EffectId, EffectJournal, EffectJournalError,
  |     ^^^^^^^^^^^^^^^^^  ^^^^^^^^^^^^^^^^^

warning: unused variable: `checksum`
   --> crates/vo-storage/src/checksum.rs:331:13
    |
331 |         let checksum = compute_checksum(b"test");
    |             ^^^^^^^^ help: if this is intentional, prefix it with an underscore: `_checksum`
    |
    = note: `#[warn(unused_variables)]` (part of `#[warn(unused)]`) on by default

warning: variable does not need to be mutable
   --> crates/vo-storage/src/mmap_cache.rs:325:14
    |
325 |         let (mut cache, _dir) = create_test_cache();
    |              ----^^^^^
    |              |
    |              help: remove this `mut`
    |
    = note: `#[warn(unused_mut)]` (part of `#[warn(unused)]`) on by default

warning: associated function `with_entries` is never used
  --> crates/vo-storage/src/dedupe_partition/tests/tests_purge.rs:29:8
   |
21 | impl PurgeTestStore {
   | ------------------- associated function in this implementation
...
29 |     fn with_entries(entries: HashMap<String, DedupeEntry>) -> Self {
   |        ^^^^^^^^^^^^
   |
   = note: `#[warn(dead_code)]` (part of `#[warn(unused)]`) on by default

warning: variant `PurgeExpired` is never constructed
  --> crates/vo-storage/src/dedupe_partition/tests/tests_store_operations.rs:24:5
   |
22 | enum FailureMode {
   |      ----------- variant in this enum
23 |     CheckAndInsert { reason: String },
24 |     PurgeExpired { reason: String },
   |     ^^^^^^^^^^^^

warning: function `sample_instance_id` is never used
  --> crates/vo-storage/src/effect_journal/red_queen_tests/codec.rs:13:4
   |
13 | fn sample_instance_id() -> InstanceId {
   |    ^^^^^^^^^^^^^^^^^^

warning: function `sample_instance_id` is never used
  --> crates/vo-storage/src/effect_journal/red_queen_tests/effect_id.rs:10:4
   |
10 | fn sample_instance_id() -> InstanceId {
   |    ^^^^^^^^^^^^^^^^^^

warning: function `sample_instance_id` is never used
 --> crates/vo-storage/src/effect_journal/tests/tests_effect_id.rs:8:4
  |
8 | fn sample_instance_id() -> InstanceId {
  |    ^^^^^^^^^^^^^^^^^^

warning: method `set_faults` is never used
  --> crates/vo-storage/src/lease_partition/tests_integration_acquire.rs:49:8
   |
35 | impl DeterministicLeaseStore {
   | ---------------------------- method in this implementation
...
49 |     fn set_faults(&self, faults: FaultConfig) {
   |        ^^^^^^^^^^

warning: function `alternate_instance_id` is never used
   --> crates/vo-storage/src/lease_partition/tests_integration_acquire.rs:235:4
    |
235 | fn alternate_instance_id() -> InstanceId {
    |    ^^^^^^^^^^^^^^^^^^^^^

warning: function `alternate_step_id` is never used
   --> crates/vo-storage/src/lease_partition/tests_integration_acquire.rs:239:4
    |
239 | fn alternate_step_id() -> StepId {
    |    ^^^^^^^^^^^^^^^^^

warning: function `fence_token` is never used
   --> crates/vo-storage/src/lease_partition/tests_integration_acquire.rs:243:4
    |
243 | fn fence_token(value: u64) -> FenceToken {
    |    ^^^^^^^^^^^

warning: function `alternate_instance_id` is never used
   --> crates/vo-storage/src/lease_partition/tests_integration_release.rs:235:4
    |
235 | fn alternate_instance_id() -> InstanceId {
    |    ^^^^^^^^^^^^^^^^^^^^^

warning: function `alternate_step_id` is never used
   --> crates/vo-storage/src/lease_partition/tests_integration_release.rs:239:4
    |
239 | fn alternate_step_id() -> StepId {
    |    ^^^^^^^^^^^^^^^^^

warning: function `alternate_instance_id` is never used
   --> crates/vo-storage/src/lease_partition/tests_integration_stale.rs:235:4
    |
235 | fn alternate_instance_id() -> InstanceId {
    |    ^^^^^^^^^^^^^^^^^^^^^

warning: function `alternate_step_id` is never used
   --> crates/vo-storage/src/lease_partition/tests_integration_stale.rs:239:4
    |
239 | fn alternate_step_id() -> StepId {
    |    ^^^^^^^^^^^^^^^^^

warning: function `alternate_instance_id` is never used
  --> crates/vo-storage/src/lease_partition/tests_lease_entry.rs:11:4
   |
11 | fn alternate_instance_id() -> InstanceId {
   |    ^^^^^^^^^^^^^^^^^^^^^

warning: function `alternate_step_id` is never used
  --> crates/vo-storage/src/lease_partition/tests_lease_entry.rs:19:4
   |
19 | fn alternate_step_id() -> StepId {
   |    ^^^^^^^^^^^^^^^^^

warning: function `parse_instance_id` is never used
 --> crates/vo-storage/src/lease_partition/verification.rs:3:15
  |
3 | pub(super) fn parse_instance_id(raw: &str) -> InstanceId {
  |               ^^^^^^^^^^^^^^^^^

warning: function `parse_step_id` is never used
 --> crates/vo-storage/src/lease_partition/verification.rs:7:15
  |
7 | pub(super) fn parse_step_id(raw: &str) -> StepId {
  |               ^^^^^^^^^^^^^

warning: function `verify_lease_entry_rejects_zero_fence` is never used
  --> crates/vo-storage/src/lease_partition/verification.rs:13:15
   |
13 | pub(super) fn verify_lease_entry_rejects_zero_fence() {
   |               ^^^^^^^^^^^^^^^^^^^^^^^^^^^^^^^^^^^^^

warning: function `verify_encode_decode_lease_key_roundtrip` is never used
  --> crates/vo-storage/src/lease_partition/verification.rs:20:15
   |
20 | pub(super) fn verify_encode_decode_lease_key_roundtrip() {
   |               ^^^^^^^^^^^^^^^^^^^^^^^^^^^^^^^^^^^^^^^^

warning: unused import: `tokio::io::AsyncWriteExt`
   --> crates/vo-storage/tests/blob_store_integration.rs:260:13
    |
260 |         use tokio::io::AsyncWriteExt;
    |             ^^^^^^^^^^^^^^^^^^^^^^^^
    |
    = note: `#[warn(unused_imports)]` (part of `#[warn(unused)]`) on by default

       Fresh vo-storage v0.1.0 (/tmp/cargo-mutants-veloxide-7fyFce.tmp/crates/vo-storage)
warning: `vo-storage` (lib test) generated 24 warnings (run `cargo fix --lib -p vo-storage --tests` to apply 5 suggestions)
warning: `vo-storage` (test "blob_store_integration") generated 1 warning (run `cargo fix --test "blob_store_integration" -p vo-storage` to apply 1 suggestion)
    Finished `test` profile [unoptimized + debuginfo] target(s) in 0.07s
     Running `/tmp/cargo-mutants-veloxide-7fyFce.tmp/target/debug/deps/vo_storage-07a37c0b47e630ea blob_store`

running 49 tests
test blob_store::tests::all_blob_store_error_variants_implement_error_trait ... ok
test blob_store::tests::blob_record_decrement_from_one_saturates_at_zero ... ok
test blob_store::tests::blob_record_expired_check ... ok
test blob_store::tests::blob_record_decrement_saturates_at_zero ... ok
test blob_store::tests::blob_record_increment_decrement_ref_count ... ok
test blob_store::tests::blob_record_constructs_with_valid_fields ... ok
test blob_store::tests::blob_record_increment_saturates_at_max ... ok
test blob_store::tests::blob_record_never_expires_without_ttl ... ok
test blob_store::tests::blob_record_rejects_zero_reference_count ... ok
test blob_store::tests::blob_store_error_is_error ... ok
test blob_store::tests::blob_record_rejects_zero_created_at ... ok
test blob_store::tests::blob_store_error_display ... ok
test blob_store::tests::content_address_as_str_returns_inner_string ... ok
test blob_store::tests::content_address_constructs_with_valid_hex ... ok
test blob_store::tests::content_address_rejects_empty_string ... ok
test blob_store::tests::content_address_rejects_non_hex_characters ... ok
test blob_store::tests::content_address_rejects_too_long ... ok
test blob_store::tests::content_address_full_roundtrip ... FAILED
test blob_store::tests::content_address_from_bytes_roundtrip ... FAILED
test blob_store::tests::content_address_from_bytes_produces_correct_hex ... FAILED
test blob_store::tests::content_address_rejects_wrong_length ... ok
test blob_store::tests::content_address_rejects_uppercase_hex ... ok
test blob_store::tests::decode_content_address_rejects_invalid_format ... ok
test blob_store::tests::decode_content_address_rejects_invalid_utf8 ... ok
test blob_store::tests::decode_content_address_rejects_wrong_length ... ok
test blob_store::tests::decode_blob_record_rejects_invalid_json ... ok
test blob_store::tests::decode_pack_index_entry_rejects_invalid_json ... ok
test blob_store::tests::encode_content_address_produces_valid_utf8 ... ok
test blob_store::tests::encode_decode_content_address_roundtrip ... ok
test blob_store::tests::encode_blob_record_and_decode_roundtrip ... ok
test blob_store::tests::error_checksum_mismatch_display ... ok
test blob_store::tests::encode_pack_index_entry_and_decode_roundtrip ... ok
test blob_store::tests::error_content_not_found_display ... ok
test blob_store::tests::error_corrupt_pack_file_display ... ok
test blob_store::tests::error_corrupt_pack_index_display ... ok
test blob_store::tests::error_deserialization_failed_display ... ok
test blob_store::tests::error_duplicate_content_display ... ok
test blob_store::tests::error_gc_cycle_in_progress_display ... ok
test blob_store::tests::error_invalid_argument_display ... ok
test blob_store::tests::error_pack_file_full_display ... ok
test blob_store::tests::error_pack_file_not_found_display ... ok
test blob_store::tests::error_serialization_failed_display ... ok
test blob_store::tests::error_storage_display ... ok
test blob_store::tests::pack_file_id_as_str_returns_inner ... ok
test blob_store::tests::pack_file_id_new_accepts_non_empty ... ok
test blob_store::tests::pack_file_id_new_rejects_empty ... ok
test blob_store::tests::pack_index_entry_accessors ... ok
test blob_store::tests::validate_content_address_accepts_valid ... ok
test blob_store::tests::validate_content_address_rejects_invalid ... ok

failures:

---- blob_store::tests::content_address_full_roundtrip stdout ----

thread 'blob_store::tests::content_address_full_roundtrip' (3888905) panicked at crates/vo-storage/src/blob_store.rs:811:9:
assertion `left == right` failed
  left: "0000000000000000000000000000000000000000000000000000000000000000"
 right: "9f86d081884c7d659a2feaa0c55ad015a3bf4f1b2b0b822cd15d6c15b0f00a08"

---- blob_store::tests::content_address_from_bytes_roundtrip stdout ----

thread 'blob_store::tests::content_address_from_bytes_roundtrip' (3888904) panicked at crates/vo-storage/src/blob_store.rs:668:9:
assertion `left == right` failed
  left: [0, 0, 0, 0, 0, 0, 0, 0, 0, 0, 0, 0, 0, 0, 0, 0, 0, 0, 0, 0, 0, 0, 0, 0, 0, 0, 0, 0, 0, 0, 0, 0]
 right: [159, 134, 208, 129, 136, 132, 199, 214, 89, 162, 254, 170, 12, 85, 173, 1, 90, 59, 244, 241, 178, 176, 184, 34, 205, 21, 214, 193, 91, 15, 0, 160]

---- blob_store::tests::content_address_from_bytes_produces_correct_hex stdout ----

thread 'blob_store::tests::content_address_from_bytes_produces_correct_hex' (3888903) panicked at crates/vo-storage/src/blob_store.rs:796:9:
assertion `left == right` failed
  left: "0000000000000000000000000000000000000000000000000000000000000000"
 right: "9f86d081884c7d659a2feaa0c55ad015a3bf4f1b2b0b822cd15d6c15b0f00a08"
note: run with `RUST_BACKTRACE=1` environment variable to display a backtrace


failures:
    blob_store::tests::content_address_from_bytes_produces_correct_hex
    blob_store::tests::content_address_from_bytes_roundtrip
    blob_store::tests::content_address_full_roundtrip

test result: FAILED. 46 passed; 3 failed; 0 ignored; 0 measured; 512 filtered out; finished in 0.00s

error: test failed, to rerun pass `-p vo-storage --lib`

*** result: Failure(101)
