
*** crates/vo-executor/src/lib.rs:221:9: replace StepResult::is_success -> bool with true

*** mutation diff:
--- crates/vo-executor/src/lib.rs
+++ replace StepResult::is_success -> bool with true
@@ -213,17 +213,17 @@
         clamped as u64
     }
 }
 
 impl StepResult {
     /// Check if the step result indicates success.
     #[must_use]
     pub fn is_success(&self) -> bool {
-        matches!(self, StepResult::Success { .. })
+        true /* ~ changed by cargo-mutants ~ */
     }
 }
 
 impl ExecutionStatus {
     /// Check if the status indicates ready state.
     #[must_use]
     pub fn is_ready(&self) -> bool {
         matches!(self, ExecutionStatus::Ready)


*** /home/lewis/.rustup/toolchains/nightly-x86_64-unknown-linux-gnu/bin/cargo test --no-run --verbose --package=vo-executor@0.1.0
    Blocking waiting for file lock on package cache
    Blocking waiting for file lock on package cache
    Blocking waiting for file lock on package cache
       Fresh libc v0.2.183
       Fresh cfg-if v1.0.4
       Fresh unicode-ident v1.0.24
       Fresh proc-macro2 v1.0.106
       Fresh quote v1.0.45
       Fresh syn v2.0.117
       Fresh getrandom v0.3.4
       Fresh scopeguard v1.2.0
       Fresh once_cell v1.21.4
       Fresh smallvec v1.15.1
       Fresh lock_api v0.4.14
       Fresh rand_core v0.9.5
       Fresh bitflags v2.11.0
       Fresh linux-raw-sys v0.12.1
       Fresh autocfg v1.5.0
       Fresh errno v0.3.14
       Fresh fastrand v2.3.0
       Fresh thiserror-impl v1.0.69
       Fresh serde_derive v1.0.228
       Fresh tokio-macros v2.6.1
       Fresh socket2 v0.6.3
       Fresh wait-timeout v0.2.1
       Fresh mio v1.2.0
       Fresh hashbrown v0.14.5
       Fresh quick-error v1.2.3
       Fresh fnv v1.0.7
       Fresh bytes v1.11.1
       Fresh bit-vec v0.8.0
       Fresh pin-project-lite v0.2.17
       Fresh memchr v2.8.0
       Fresh itoa v1.0.18
       Fresh parking_lot_core v0.9.12
       Fresh signal-hook-registry v1.4.8
       Fresh rand v0.9.2
       Fresh rand_xorshift v0.4.0
       Fresh bit-set v0.8.0
       Fresh unarray v0.1.4
       Fresh regex-syntax v0.8.10
       Fresh zerocopy v0.8.47
       Fresh rustix v1.1.4
       Fresh getrandom v0.4.2
       Fresh serde_core v1.0.228
       Fresh parking_lot v0.12.5
       Fresh crossbeam-utils v0.8.21
       Fresh zmij v1.0.21
       Fresh thiserror v1.0.69
       Fresh ppv-lite86 v0.2.21
       Fresh tempfile v3.27.0
       Fresh serde v1.0.228
       Fresh dashmap v6.1.0
       Fresh num-traits v0.2.19
       Fresh tokio v1.50.0
       Fresh serde_json v1.0.149
       Fresh rand_chacha v0.9.0
       Fresh rusty-fork v0.3.1
       Dirty vo-executor v0.1.0 (/tmp/cargo-mutants-veloxide-Mf9xfS.tmp/crates/vo-executor): the file `crates/vo-executor/src/lib.rs` has changed (1775366237.115663160s, 1s after last build at 1775366236.189192466s)
   Compiling vo-executor v0.1.0 (/tmp/cargo-mutants-veloxide-Mf9xfS.tmp/crates/vo-executor)
       Fresh proptest v1.11.0
     Running `sccache /home/lewis/.rustup/toolchains/nightly-x86_64-unknown-linux-gnu/bin/rustc --crate-name vo_executor --edition=2021 crates/vo-executor/src/lib.rs --error-format=json --json=diagnostic-rendered-ansi,artifacts,future-incompat --emit=dep-info,link -C embed-bitcode=no -C debuginfo=2 --test --check-cfg 'cfg(docsrs,test)' --check-cfg 'cfg(feature, values())' -C metadata=99d9d14597389dd3 -C extra-filename=-89a82915341cc837 --out-dir /tmp/cargo-mutants-veloxide-Mf9xfS.tmp/target/debug/deps -C incremental=/tmp/cargo-mutants-veloxide-Mf9xfS.tmp/target/debug/incremental -L dependency=/tmp/cargo-mutants-veloxide-Mf9xfS.tmp/target/debug/deps --extern dashmap=/tmp/cargo-mutants-veloxide-Mf9xfS.tmp/target/debug/deps/libdashmap-e36d576a90134ef4.rlib --extern proptest=/tmp/cargo-mutants-veloxide-Mf9xfS.tmp/target/debug/deps/libproptest-aec12d5eb058f8fe.rlib --extern serde=/tmp/cargo-mutants-veloxide-Mf9xfS.tmp/target/debug/deps/libserde-19948d952cd4942b.rlib --extern serde_json=/tmp/cargo-mutants-veloxide-Mf9xfS.tmp/target/debug/deps/libserde_json-f90686df57d7c4a6.rlib --extern thiserror=/tmp/cargo-mutants-veloxide-Mf9xfS.tmp/target/debug/deps/libthiserror-df4a5b796341e916.rlib --extern tokio=/tmp/cargo-mutants-veloxide-Mf9xfS.tmp/target/debug/deps/libtokio-da6bb745549c0aa6.rlib`
     Running `sccache /home/lewis/.rustup/toolchains/nightly-x86_64-unknown-linux-gnu/bin/rustc --crate-name vo_executor --edition=2021 crates/vo-executor/src/lib.rs --error-format=json --json=diagnostic-rendered-ansi,artifacts,future-incompat --crate-type lib --emit=dep-info,metadata,link -C embed-bitcode=no -C debuginfo=2 --check-cfg 'cfg(docsrs,test)' --check-cfg 'cfg(feature, values())' -C metadata=3902da75fd01f014 -C extra-filename=-c12ed10a4bf0b4cb --out-dir /tmp/cargo-mutants-veloxide-Mf9xfS.tmp/target/debug/deps -C incremental=/tmp/cargo-mutants-veloxide-Mf9xfS.tmp/target/debug/incremental -L dependency=/tmp/cargo-mutants-veloxide-Mf9xfS.tmp/target/debug/deps --extern dashmap=/tmp/cargo-mutants-veloxide-Mf9xfS.tmp/target/debug/deps/libdashmap-e36d576a90134ef4.rmeta --extern serde=/tmp/cargo-mutants-veloxide-Mf9xfS.tmp/target/debug/deps/libserde-19948d952cd4942b.rmeta --extern thiserror=/tmp/cargo-mutants-veloxide-Mf9xfS.tmp/target/debug/deps/libthiserror-df4a5b796341e916.rmeta --extern tokio=/tmp/cargo-mutants-veloxide-Mf9xfS.tmp/target/debug/deps/libtokio-da6bb745549c0aa6.rmeta`
     Running `sccache /home/lewis/.rustup/toolchains/nightly-x86_64-unknown-linux-gnu/bin/rustc --crate-name integration_tests --edition=2021 crates/vo-executor/tests/integration_tests.rs --error-format=json --json=diagnostic-rendered-ansi,artifacts,future-incompat --emit=dep-info,link -C embed-bitcode=no -C debuginfo=2 --test --check-cfg 'cfg(docsrs,test)' --check-cfg 'cfg(feature, values())' -C metadata=a146aafa79df3cf0 -C extra-filename=-1696d476f255049b --out-dir /tmp/cargo-mutants-veloxide-Mf9xfS.tmp/target/debug/deps -C incremental=/tmp/cargo-mutants-veloxide-Mf9xfS.tmp/target/debug/incremental -L dependency=/tmp/cargo-mutants-veloxide-Mf9xfS.tmp/target/debug/deps --extern dashmap=/tmp/cargo-mutants-veloxide-Mf9xfS.tmp/target/debug/deps/libdashmap-e36d576a90134ef4.rlib --extern proptest=/tmp/cargo-mutants-veloxide-Mf9xfS.tmp/target/debug/deps/libproptest-aec12d5eb058f8fe.rlib --extern serde=/tmp/cargo-mutants-veloxide-Mf9xfS.tmp/target/debug/deps/libserde-19948d952cd4942b.rlib --extern serde_json=/tmp/cargo-mutants-veloxide-Mf9xfS.tmp/target/debug/deps/libserde_json-f90686df57d7c4a6.rlib --extern thiserror=/tmp/cargo-mutants-veloxide-Mf9xfS.tmp/target/debug/deps/libthiserror-df4a5b796341e916.rlib --extern tokio=/tmp/cargo-mutants-veloxide-Mf9xfS.tmp/target/debug/deps/libtokio-da6bb745549c0aa6.rlib --extern vo_executor=/tmp/cargo-mutants-veloxide-Mf9xfS.tmp/target/debug/deps/libvo_executor-c12ed10a4bf0b4cb.rlib`
     Running `sccache /home/lewis/.rustup/toolchains/nightly-x86_64-unknown-linux-gnu/bin/rustc --crate-name proptest_tests --edition=2021 crates/vo-executor/tests/proptest_tests.rs --error-format=json --json=diagnostic-rendered-ansi,artifacts,future-incompat --emit=dep-info,link -C embed-bitcode=no -C debuginfo=2 --test --check-cfg 'cfg(docsrs,test)' --check-cfg 'cfg(feature, values())' -C metadata=67e4037a9c9d3370 -C extra-filename=-43f5f4b28c2e2061 --out-dir /tmp/cargo-mutants-veloxide-Mf9xfS.tmp/target/debug/deps -C incremental=/tmp/cargo-mutants-veloxide-Mf9xfS.tmp/target/debug/incremental -L dependency=/tmp/cargo-mutants-veloxide-Mf9xfS.tmp/target/debug/deps --extern dashmap=/tmp/cargo-mutants-veloxide-Mf9xfS.tmp/target/debug/deps/libdashmap-e36d576a90134ef4.rlib --extern proptest=/tmp/cargo-mutants-veloxide-Mf9xfS.tmp/target/debug/deps/libproptest-aec12d5eb058f8fe.rlib --extern serde=/tmp/cargo-mutants-veloxide-Mf9xfS.tmp/target/debug/deps/libserde-19948d952cd4942b.rlib --extern serde_json=/tmp/cargo-mutants-veloxide-Mf9xfS.tmp/target/debug/deps/libserde_json-f90686df57d7c4a6.rlib --extern thiserror=/tmp/cargo-mutants-veloxide-Mf9xfS.tmp/target/debug/deps/libthiserror-df4a5b796341e916.rlib --extern tokio=/tmp/cargo-mutants-veloxide-Mf9xfS.tmp/target/debug/deps/libtokio-da6bb745549c0aa6.rlib --extern vo_executor=/tmp/cargo-mutants-veloxide-Mf9xfS.tmp/target/debug/deps/libvo_executor-c12ed10a4bf0b4cb.rlib`
     Running `sccache /home/lewis/.rustup/toolchains/nightly-x86_64-unknown-linux-gnu/bin/rustc --crate-name execute_node_tests --edition=2021 crates/vo-executor/tests/execute_node_tests.rs --error-format=json --json=diagnostic-rendered-ansi,artifacts,future-incompat --emit=dep-info,link -C embed-bitcode=no -C debuginfo=2 --test --check-cfg 'cfg(docsrs,test)' --check-cfg 'cfg(feature, values())' -C metadata=358be8046f93a5bd -C extra-filename=-298c5d2f5a5cd66d --out-dir /tmp/cargo-mutants-veloxide-Mf9xfS.tmp/target/debug/deps -C incremental=/tmp/cargo-mutants-veloxide-Mf9xfS.tmp/target/debug/incremental -L dependency=/tmp/cargo-mutants-veloxide-Mf9xfS.tmp/target/debug/deps --extern dashmap=/tmp/cargo-mutants-veloxide-Mf9xfS.tmp/target/debug/deps/libdashmap-e36d576a90134ef4.rlib --extern proptest=/tmp/cargo-mutants-veloxide-Mf9xfS.tmp/target/debug/deps/libproptest-aec12d5eb058f8fe.rlib --extern serde=/tmp/cargo-mutants-veloxide-Mf9xfS.tmp/target/debug/deps/libserde-19948d952cd4942b.rlib --extern serde_json=/tmp/cargo-mutants-veloxide-Mf9xfS.tmp/target/debug/deps/libserde_json-f90686df57d7c4a6.rlib --extern thiserror=/tmp/cargo-mutants-veloxide-Mf9xfS.tmp/target/debug/deps/libthiserror-df4a5b796341e916.rlib --extern tokio=/tmp/cargo-mutants-veloxide-Mf9xfS.tmp/target/debug/deps/libtokio-da6bb745549c0aa6.rlib --extern vo_executor=/tmp/cargo-mutants-veloxide-Mf9xfS.tmp/target/debug/deps/libvo_executor-c12ed10a4bf0b4cb.rlib`
    Finished `test` profile [unoptimized + debuginfo] target(s) in 0.32s
  Executable `/tmp/cargo-mutants-veloxide-Mf9xfS.tmp/target/debug/deps/vo_executor-89a82915341cc837`
  Executable `/tmp/cargo-mutants-veloxide-Mf9xfS.tmp/target/debug/deps/execute_node_tests-298c5d2f5a5cd66d`
  Executable `/tmp/cargo-mutants-veloxide-Mf9xfS.tmp/target/debug/deps/integration_tests-1696d476f255049b`
  Executable `/tmp/cargo-mutants-veloxide-Mf9xfS.tmp/target/debug/deps/proptest_tests-43f5f4b28c2e2061`

*** result: Success

*** /home/lewis/.rustup/toolchains/nightly-x86_64-unknown-linux-gnu/bin/cargo test --verbose --package=vo-executor@0.1.0
    Blocking waiting for file lock on package cache
    Blocking waiting for file lock on package cache
    Blocking waiting for file lock on package cache
       Fresh cfg-if v1.0.4
       Fresh unicode-ident v1.0.24
       Fresh scopeguard v1.2.0
       Fresh smallvec v1.15.1
       Fresh once_cell v1.21.4
       Fresh linux-raw-sys v0.12.1
       Fresh autocfg v1.5.0
       Fresh bitflags v2.11.0
       Fresh fastrand v2.3.0
       Fresh fnv v1.0.7
       Fresh bit-vec v0.8.0
       Fresh quick-error v1.2.3
       Fresh bytes v1.11.1
       Fresh pin-project-lite v0.2.17
       Fresh hashbrown v0.14.5
       Fresh itoa v1.0.18
       Fresh memchr v2.8.0
       Fresh unarray v0.1.4
       Fresh libc v0.2.183
       Fresh lock_api v0.4.14
       Fresh bit-set v0.8.0
       Fresh regex-syntax v0.8.10
       Fresh proc-macro2 v1.0.106
       Fresh getrandom v0.3.4
       Fresh parking_lot_core v0.9.12
       Fresh rustix v1.1.4
       Fresh zerocopy v0.8.47
       Fresh serde_core v1.0.228
       Fresh errno v0.3.14
       Fresh getrandom v0.4.2
       Fresh crossbeam-utils v0.8.21
       Fresh wait-timeout v0.2.1
       Fresh mio v1.2.0
       Fresh socket2 v0.6.3
       Fresh zmij v1.0.21
       Fresh quote v1.0.45
       Fresh rand_core v0.9.5
       Fresh signal-hook-registry v1.4.8
       Fresh ppv-lite86 v0.2.21
       Fresh tempfile v3.27.0
       Fresh parking_lot v0.12.5
       Fresh num-traits v0.2.19
       Fresh dashmap v6.1.0
       Fresh serde_json v1.0.149
       Fresh syn v2.0.117
       Fresh rusty-fork v0.3.1
       Fresh rand v0.9.2
       Fresh rand_xorshift v0.4.0
       Fresh rand_chacha v0.9.0
       Fresh serde_derive v1.0.228
       Fresh thiserror-impl v1.0.69
       Fresh tokio-macros v2.6.1
       Fresh proptest v1.11.0
       Fresh tokio v1.50.0
       Fresh thiserror v1.0.69
       Fresh serde v1.0.228
       Fresh vo-executor v0.1.0 (/tmp/cargo-mutants-veloxide-Mf9xfS.tmp/crates/vo-executor)
    Finished `test` profile [unoptimized + debuginfo] target(s) in 0.07s
     Running `/tmp/cargo-mutants-veloxide-Mf9xfS.tmp/target/debug/deps/vo_executor-89a82915341cc837`

running 0 tests

test result: ok. 0 passed; 0 failed; 0 ignored; 0 measured; 0 filtered out; finished in 0.00s

     Running `/tmp/cargo-mutants-veloxide-Mf9xfS.tmp/target/debug/deps/execute_node_tests-298c5d2f5a5cd66d`

running 34 tests
test execute_node_error_tests::execute_node_error_execution_cancelled_equality ... ok
test execute_node_error_tests::execute_node_error_all_variants_display_without_panic ... ok
test execute_node_error_tests::execute_node_error_invalid_retry_policy_equality ... ok
test execute_node_error_tests::execute_node_error_invalid_transition_equality ... ok
test execute_node_error_tests::execute_node_error_step_not_found_equality ... ok
test execute_node_error_tests::execute_node_error_timeout_exceeded_equality ... ok
test execute_node_error_tests::execute_node_error_invalid_timeout_equality ... ok
test execute_node_error_tests::execute_node_error_retry_exhausted_equality ... ok
test execution_status_tests::execution_status_completed_contains_output ... ok
test execution_status_tests::execution_status_executing_contains_step_id_and_elapsed ... ok
test execution_status_tests::execution_status_cancelled_contains_reason ... ok
test execute_node_error_tests::execute_node_error_transient_error_equality ... ok
test execution_status_tests::execution_status_is_ready_returns_false_for_cancelled ... ok
test execution_status_tests::execution_status_is_ready_returns_false_for_completed ... ok
test execution_status_tests::execution_status_is_ready_returns_false_for_executing ... ok
test execution_status_tests::execution_status_is_ready_returns_true_for_ready ... ok
test retry_policy_validation::retry_policy_accepts_arbitrary_backoff_ms ... ok
test retry_policy_validation::retry_policy_accepts_maximum_valid_configuration ... ok
test retry_policy_validation::retry_policy_accepts_minimum_valid_configuration ... ok
test retry_policy_validation::retry_policy_accepts_multiplier_of_exactly_one ... ok
test retry_policy_validation::retry_policy_preserves_fields_after_construction ... ok
test retry_policy_validation::retry_policy_rejects_infinity_multiplier ... ok
test retry_policy_validation::retry_policy_rejects_multiplier_below_one ... ok
test retry_policy_validation::retry_policy_rejects_multiplier_of_zero ... ok
test retry_policy_validation::retry_policy_rejects_nan_multiplier ... ok
test retry_policy_validation::retry_policy_rejects_negative_multiplier ... ok
test retry_policy_validation::retry_policy_rejects_subnormal_multiplier ... ok
test retry_policy_validation::retry_policy_rejects_zero_max_attempts ... ok
test static_analysis::placeholder_clippy_check ... ok
test static_analysis::placeholder_deny_check ... ok
test step_result_tests::step_result_failure_contains_output ... ok
test step_result_tests::step_result_is_success_returns_true_for_success_variant ... ok
test step_result_tests::step_result_success_contains_output ... ok
test step_result_tests::step_result_is_success_returns_false_for_failure_variant ... FAILED

failures:

---- step_result_tests::step_result_is_success_returns_false_for_failure_variant stdout ----

thread 'step_result_tests::step_result_is_success_returns_false_for_failure_variant' (736576) panicked at crates/vo-executor/tests/execute_node_tests.rs:146:9:
assertion failed: !result.is_success()
note: run with `RUST_BACKTRACE=1` environment variable to display a backtrace


failures:
    step_result_tests::step_result_is_success_returns_false_for_failure_variant

test result: FAILED. 33 passed; 1 failed; 0 ignored; 0 measured; 0 filtered out; finished in 0.00s

error: test failed, to rerun pass `-p vo-executor --test execute_node_tests`

*** result: Failure(101)
