
*** crates/vo-types/src/compensation.rs:100:9: replace CompensationStatus::all_variants -> &'static[CompensationStatus] with Vec::leak(vec![Default::default()])

*** mutation diff:
--- crates/vo-types/src/compensation.rs
+++ replace CompensationStatus::all_variants -> &'static[CompensationStatus] with Vec::leak(vec![Default::default()])
@@ -92,23 +92,17 @@
                 | CompensationStatus::Succeeded
                 | CompensationStatus::Failed
         )
     }
 
     /// Returns all CompensationStatus variants in declaration order.
     #[must_use]
     pub const fn all_variants() -> &'static [CompensationStatus] {
-        &[
-            CompensationStatus::NotNeeded,
-            CompensationStatus::Pending,
-            CompensationStatus::InProgress,
-            CompensationStatus::Succeeded,
-            CompensationStatus::Failed,
-        ]
+        Vec::leak(vec![Default::default()]) /* ~ changed by cargo-mutants ~ */
     }
 }
 
 impl CompensationTransitionEvent {
     /// Returns all CompensationTransitionEvent variants in declaration order.
     #[must_use]
     pub const fn all_variants() -> &'static [CompensationTransitionEvent] {
         &[


*** /home/lewis/.rustup/toolchains/nightly-x86_64-unknown-linux-gnu/bin/cargo check --tests --verbose --package=vo-types@0.1.0
       Fresh unicode-ident v1.0.24
       Fresh proc-macro2 v1.0.106
       Fresh futures-sink v0.3.32
       Fresh memchr v2.8.0
       Fresh futures-core v0.3.32
       Fresh semver v1.0.27
       Fresh pin-project-lite v0.2.17
       Fresh slab v0.4.12
       Fresh futures-task v0.3.32
       Fresh regex-syntax v0.8.10
       Fresh futures-io v0.3.32
       Fresh relative-path v1.9.3
       Fresh cfg-if v1.0.4
       Fresh glob v0.3.3
       Fresh itoa v1.0.18
       Fresh sha1_smol v1.0.1
       Fresh futures-timer v3.0.3
       Fresh quote v1.0.45
       Fresh rustc_version v0.4.1
       Fresh futures-channel v0.3.32
       Fresh aho-corasick v1.1.4
       Fresh syn v2.0.117
       Fresh libc v0.2.183
       Fresh zerocopy v0.8.47
       Fresh serde_core v1.0.228
       Fresh regex-automata v0.4.14
       Fresh zmij v1.0.21
       Fresh getrandom v0.3.4
       Fresh ppv-lite86 v0.2.21
       Fresh futures-macro v0.3.32
       Fresh serde_derive v1.0.228
       Fresh getrandom v0.4.2
       Fresh regex v1.12.3
       Fresh thiserror-impl v1.0.69
       Fresh serde_json v1.0.149
       Fresh rand_core v0.9.5
       Fresh futures-util v0.3.32
       Fresh serde v1.0.228
       Fresh rstest_macros v0.18.2
       Fresh uuid v1.23.0
       Fresh thiserror v1.0.69
       Fresh rand_chacha v0.9.0
       Fresh futures-executor v0.3.32
       Fresh rand v0.9.2
       Fresh futures v0.3.32
       Fresh ulid v1.2.1
       Fresh rstest v0.18.2
       Dirty vo-types v0.1.0 (/tmp/cargo-mutants-veloxide-hkvfld.tmp/crates/vo-types): the file `crates/vo-types/src/compensation.rs` has changed (1775391153.531549094s, 1s after last build at 1775391152.079522772s)
    Checking vo-types v0.1.0 (/tmp/cargo-mutants-veloxide-hkvfld.tmp/crates/vo-types)
     Running `sccache /home/lewis/.rustup/toolchains/nightly-x86_64-unknown-linux-gnu/bin/rustc --crate-name vo_types --edition=2021 crates/vo-types/src/lib.rs --error-format=json --json=diagnostic-rendered-ansi,artifacts,future-incompat --crate-type lib --emit=dep-info,metadata -C embed-bitcode=no -C debuginfo=2 --warn=unexpected_cfgs --check-cfg 'cfg(kani)' --check-cfg 'cfg(docsrs,test)' --check-cfg 'cfg(feature, values("proptest"))' -C metadata=872d9fe1017c4b16 -C extra-filename=-452384ee80b7be0b --out-dir /tmp/cargo-mutants-veloxide-hkvfld.tmp/target/debug/deps -C incremental=/tmp/cargo-mutants-veloxide-hkvfld.tmp/target/debug/incremental -L dependency=/tmp/cargo-mutants-veloxide-hkvfld.tmp/target/debug/deps --extern serde=/tmp/cargo-mutants-veloxide-hkvfld.tmp/target/debug/deps/libserde-49241a3c7c945708.rmeta --extern serde_json=/tmp/cargo-mutants-veloxide-hkvfld.tmp/target/debug/deps/libserde_json-3680fc2c5db64e10.rmeta --extern thiserror=/tmp/cargo-mutants-veloxide-hkvfld.tmp/target/debug/deps/libthiserror-b5bacac9152b9590.rmeta --extern ulid=/tmp/cargo-mutants-veloxide-hkvfld.tmp/target/debug/deps/libulid-e76f44f0dc300a2a.rmeta --extern uuid=/tmp/cargo-mutants-veloxide-hkvfld.tmp/target/debug/deps/libuuid-3f560604cfd7ea63.rmeta`
     Running `sccache /home/lewis/.rustup/toolchains/nightly-x86_64-unknown-linux-gnu/bin/rustc --crate-name vo_types --edition=2021 crates/vo-types/src/lib.rs --error-format=json --json=diagnostic-rendered-ansi,artifacts,future-incompat --emit=dep-info,metadata -C embed-bitcode=no -C debuginfo=2 --warn=unexpected_cfgs --check-cfg 'cfg(kani)' --test --check-cfg 'cfg(docsrs,test)' --check-cfg 'cfg(feature, values("proptest"))' -C metadata=17d14cf83508e2de -C extra-filename=-875c2fc64f09ff89 --out-dir /tmp/cargo-mutants-veloxide-hkvfld.tmp/target/debug/deps -C incremental=/tmp/cargo-mutants-veloxide-hkvfld.tmp/target/debug/incremental -L dependency=/tmp/cargo-mutants-veloxide-hkvfld.tmp/target/debug/deps --extern rstest=/tmp/cargo-mutants-veloxide-hkvfld.tmp/target/debug/deps/librstest-6a236d699b2d275d.rmeta --extern serde=/tmp/cargo-mutants-veloxide-hkvfld.tmp/target/debug/deps/libserde-49241a3c7c945708.rmeta --extern serde_json=/tmp/cargo-mutants-veloxide-hkvfld.tmp/target/debug/deps/libserde_json-3680fc2c5db64e10.rmeta --extern thiserror=/tmp/cargo-mutants-veloxide-hkvfld.tmp/target/debug/deps/libthiserror-b5bacac9152b9590.rmeta --extern ulid=/tmp/cargo-mutants-veloxide-hkvfld.tmp/target/debug/deps/libulid-e76f44f0dc300a2a.rmeta --extern uuid=/tmp/cargo-mutants-veloxide-hkvfld.tmp/target/debug/deps/libuuid-3f560604cfd7ea63.rmeta`
error[E0277]: the trait bound `CompensationStatus: Default` is not satisfied
   --> crates/vo-types/src/compensation.rs:100:24
    |
100 |         Vec::leak(vec![Default::default()]) /* ~ changed by cargo-mutants ~ */
    |                        ^^^^^^^^^^^^^^^^^^ the trait `Default` is not implemented for `CompensationStatus`
    |
help: consider annotating `CompensationStatus` with `#[derive(Default)]`
    |
 22 + #[derive(Default)]
 23 | pub enum CompensationStatus {
    |

For more information about this error, try `rustc --explain E0277`.
error: could not compile `vo-types` (lib) due to 1 previous error

Caused by:
  process didn't exit successfully: `sccache /home/lewis/.rustup/toolchains/nightly-x86_64-unknown-linux-gnu/bin/rustc --crate-name vo_types --edition=2021 crates/vo-types/src/lib.rs --error-format=json --json=diagnostic-rendered-ansi,artifacts,future-incompat --crate-type lib --emit=dep-info,metadata -C embed-bitcode=no -C debuginfo=2 --warn=unexpected_cfgs --check-cfg 'cfg(kani)' --check-cfg 'cfg(docsrs,test)' --check-cfg 'cfg(feature, values("proptest"))' -C metadata=872d9fe1017c4b16 -C extra-filename=-452384ee80b7be0b --out-dir /tmp/cargo-mutants-veloxide-hkvfld.tmp/target/debug/deps -C incremental=/tmp/cargo-mutants-veloxide-hkvfld.tmp/target/debug/incremental -L dependency=/tmp/cargo-mutants-veloxide-hkvfld.tmp/target/debug/deps --extern serde=/tmp/cargo-mutants-veloxide-hkvfld.tmp/target/debug/deps/libserde-49241a3c7c945708.rmeta --extern serde_json=/tmp/cargo-mutants-veloxide-hkvfld.tmp/target/debug/deps/libserde_json-3680fc2c5db64e10.rmeta --extern thiserror=/tmp/cargo-mutants-veloxide-hkvfld.tmp/target/debug/deps/libthiserror-b5bacac9152b9590.rmeta --extern ulid=/tmp/cargo-mutants-veloxide-hkvfld.tmp/target/debug/deps/libulid-e76f44f0dc300a2a.rmeta --extern uuid=/tmp/cargo-mutants-veloxide-hkvfld.tmp/target/debug/deps/libuuid-3f560604cfd7ea63.rmeta` (exit status: 1)
warning: build failed, waiting for other jobs to finish...
error[E0277]: the trait bound `compensation::CompensationStatus: Default` is not satisfied
   --> crates/vo-types/src/compensation.rs:100:24
    |
100 |         Vec::leak(vec![Default::default()]) /* ~ changed by cargo-mutants ~ */
    |                        ^^^^^^^^^^^^^^^^^^ the trait `Default` is not implemented for `compensation::CompensationStatus`
    |
help: consider annotating `compensation::CompensationStatus` with `#[derive(Default)]`
    |
 22 + #[derive(Default)]
 23 | pub enum CompensationStatus {
    |

error: could not compile `vo-types` (lib test) due to 1 previous error

Caused by:
  process didn't exit successfully: `sccache /home/lewis/.rustup/toolchains/nightly-x86_64-unknown-linux-gnu/bin/rustc --crate-name vo_types --edition=2021 crates/vo-types/src/lib.rs --error-format=json --json=diagnostic-rendered-ansi,artifacts,future-incompat --emit=dep-info,metadata -C embed-bitcode=no -C debuginfo=2 --warn=unexpected_cfgs --check-cfg 'cfg(kani)' --test --check-cfg 'cfg(docsrs,test)' --check-cfg 'cfg(feature, values("proptest"))' -C metadata=17d14cf83508e2de -C extra-filename=-875c2fc64f09ff89 --out-dir /tmp/cargo-mutants-veloxide-hkvfld.tmp/target/debug/deps -C incremental=/tmp/cargo-mutants-veloxide-hkvfld.tmp/target/debug/incremental -L dependency=/tmp/cargo-mutants-veloxide-hkvfld.tmp/target/debug/deps --extern rstest=/tmp/cargo-mutants-veloxide-hkvfld.tmp/target/debug/deps/librstest-6a236d699b2d275d.rmeta --extern serde=/tmp/cargo-mutants-veloxide-hkvfld.tmp/target/debug/deps/libserde-49241a3c7c945708.rmeta --extern serde_json=/tmp/cargo-mutants-veloxide-hkvfld.tmp/target/debug/deps/libserde_json-3680fc2c5db64e10.rmeta --extern thiserror=/tmp/cargo-mutants-veloxide-hkvfld.tmp/target/debug/deps/libthiserror-b5bacac9152b9590.rmeta --extern ulid=/tmp/cargo-mutants-veloxide-hkvfld.tmp/target/debug/deps/libulid-e76f44f0dc300a2a.rmeta --extern uuid=/tmp/cargo-mutants-veloxide-hkvfld.tmp/target/debug/deps/libuuid-3f560604cfd7ea63.rmeta` (exit status: 1)

*** result: Failure(101)
